Starting process: Module

Starting process: 

SCUBA, Version Diamond (64-bit) 3.14.0.75.2
Sat Mar 28 02:29:16 2026

Copyright (c) 1991-1994 by NeoCAD Inc. All rights reserved.
Copyright (c) 1995 AT&T Corp.   All rights reserved.
Copyright (c) 1995-2001 Lucent Technologies Inc.  All rights reserved.
Copyright (c) 2001 Agere Systems   All rights reserved.
Copyright (c) 2002-2024 Lattice Semiconductor Corporation,  All rights reserved.

BEGIN SCUBA Module Synthesis

    Issued command   : /home/charlie/lscc/diamond/3.14/ispfpga/bin/lin64/scuba -w -n ram -lang verilog -synth lse -bus_exp 7 -bb -arch xo2c00 -type ramdps -device LCMXO2-1200HC -raddr_width 10 -rwidth 32 -waddr_width 10 -wwidth 32 -rnum_words 1024 -wnum_words 1024 -outdata REGISTERED -cascade -1 -resetmode SYNC -sync_reset -mem_init0 
    Circuit name     : ram
    Module type      : RAM_DP
    Module Version   : 6.5
    Ports            : 
	Inputs       : WrAddress[9:0], RdAddress[9:0], Data[31:0], WE, RdClock, RdClockEn, Reset, WrClock, WrClockEn
	Outputs      : Q[31:0]
    I/O buffer       : not inserted
    Memory file      : INIT_ALL_0s
    EDIF output      : ram.edn
    Verilog output   : ram.v
    Verilog template : ram_tmpl.v
    Verilog testbench: tb_ram_tmpl.v
    Verilog purpose  : for synthesis and simulation
    Bus notation     : big endian
    Report output    : ram.srp
    Estimated Resource Usage:
            EBR : 4

END   SCUBA Module Synthesis

File: ram.lpc created.


End process: completed successfully.


Total Warnings:  0

Total Errors:  0


