--------------------------------------------------------------------------------
Lattice Synthesis Timing Report, Version  
Thu Mar 26 17:23:58 2026

Copyright (c) 1991-1994 by NeoCAD Inc. All rights reserved.
Copyright (c) 1995 AT&T Corp.   All rights reserved.
Copyright (c) 1995-2001 Lucent Technologies Inc.  All rights reserved.
Copyright (c) 2001 Agere Systems   All rights reserved.
Copyright (c) 2002-2024 Lattice Semiconductor Corporation,  All rights reserved.

Report Information
------------------
Design:     adc_ft601
Constraint file:  
Report level:    verbose report, limited to 3 items per constraint
--------------------------------------------------------------------------------



================================================================================
Constraint: create_clock -period 5.000000 -name clk0 [get_nets htclk_c]
            94 items scored, 94 timing errors detected.
--------------------------------------------------------------------------------


Error:  The following path violates requirements by 5.288ns

 Logical Details:  Cell type  Pin type       Cell name  (clock net +/-)

   Source:         FD1P3AX    CK             crcData_i0_i5  (from htclk_c +)
   Destination:    FD1P3AX    D              ch_data_internal_i0_i20  (to htclk_c +)

   Delay:                  10.128ns  (28.7% logic, 71.3% route), 6 logic levels.

 Constraint Details:

     10.128ns data_path crcData_i0_i5 to ch_data_internal_i0_i20 violates
      5.000ns delay constraint less
      0.160ns L_S requirement (totaling 4.840ns) by 5.288ns

 Path Details: crcData_i0_i5 to ch_data_internal_i0_i20

   Name    Fanout   Delay (ns)          Pins               Resource(Cell.Net)
L_CO        ---     0.444             CK to Q              crcData_i0_i5 (from htclk_c)
Route         6   e 1.515                                  crcData[5]
LUT4        ---     0.493              A to Z              \crc32/i1_2_lut_rep_61
Route         8   e 1.540                                  \crc32/n4053
LUT4        ---     0.493              C to Z              \crc32/i1_3_lut_4_lut_adj_50
Route         2   e 1.141                                  \crc32/n2365
LUT4        ---     0.493              C to Z              \crc32/i1_2_lut_3_lut_4_lut_adj_86
Route         1   e 0.941                                  \crc32/n3211
LUT4        ---     0.493              A to Z              \crc32/i1_4_lut_adj_129
Route         2   e 1.141                                  crcOut[20]
LUT4        ---     0.493              D to Z              mux_32_i21_3_lut_4_lut
Route         1   e 0.941                                  ch_data_internal_31__N_235[20]
                  --------
                   10.128  (28.7% logic, 71.3% route), 6 logic levels.


Error:  The following path violates requirements by 5.288ns

 Logical Details:  Cell type  Pin type       Cell name  (clock net +/-)

   Source:         FD1S3JX    CK             crcIn_i5  (from htclk_c +)
   Destination:    FD1P3AX    D              ch_data_internal_i0_i20  (to htclk_c +)

   Delay:                  10.128ns  (28.7% logic, 71.3% route), 6 logic levels.

 Constraint Details:

     10.128ns data_path crcIn_i5 to ch_data_internal_i0_i20 violates
      5.000ns delay constraint less
      0.160ns L_S requirement (totaling 4.840ns) by 5.288ns

 Path Details: crcIn_i5 to ch_data_internal_i0_i20

   Name    Fanout   Delay (ns)          Pins               Resource(Cell.Net)
L_CO        ---     0.444             CK to Q              crcIn_i5 (from htclk_c)
Route         6   e 1.515                                  crcIn[5]
LUT4        ---     0.493              B to Z              \crc32/i1_2_lut_rep_61
Route         8   e 1.540                                  \crc32/n4053
LUT4        ---     0.493              C to Z              \crc32/i1_3_lut_4_lut_adj_50
Route         2   e 1.141                                  \crc32/n2365
LUT4        ---     0.493              C to Z              \crc32/i1_2_lut_3_lut_4_lut_adj_86
Route         1   e 0.941                                  \crc32/n3211
LUT4        ---     0.493              A to Z              \crc32/i1_4_lut_adj_129
Route         2   e 1.141                                  crcOut[20]
LUT4        ---     0.493              D to Z              mux_32_i21_3_lut_4_lut
Route         1   e 0.941                                  ch_data_internal_31__N_235[20]
                  --------
                   10.128  (28.7% logic, 71.3% route), 6 logic levels.


Error:  The following path violates requirements by 5.197ns

 Logical Details:  Cell type  Pin type       Cell name  (clock net +/-)

   Source:         FD1P3AX    CK             crcData_i0_i28  (from htclk_c +)
   Destination:    FD1P3AX    D              ch_data_internal_i0_i20  (to htclk_c +)

   Delay:                  10.037ns  (29.0% logic, 71.0% route), 6 logic levels.

 Constraint Details:

     10.037ns data_path crcData_i0_i28 to ch_data_internal_i0_i20 violates
      5.000ns delay constraint less
      0.160ns L_S requirement (totaling 4.840ns) by 5.197ns

 Path Details: crcData_i0_i28 to ch_data_internal_i0_i20

   Name    Fanout   Delay (ns)          Pins               Resource(Cell.Net)
L_CO        ---     0.444             CK to Q              crcData_i0_i28 (from htclk_c)
Route         5   e 1.462                                  crcData[28]
LUT4        ---     0.493              A to Z              \crc32/i1_2_lut_rep_39
Route         7   e 1.502                                  \crc32/n4031
LUT4        ---     0.493              D to Z              \crc32/i1_3_lut_4_lut_adj_50
Route         2   e 1.141                                  \crc32/n2365
LUT4        ---     0.493              C to Z              \crc32/i1_2_lut_3_lut_4_lut_adj_86
Route         1   e 0.941                                  \crc32/n3211
LUT4        ---     0.493              A to Z              \crc32/i1_4_lut_adj_129
Route         2   e 1.141                                  crcOut[20]
LUT4        ---     0.493              D to Z              mux_32_i21_3_lut_4_lut
Route         1   e 0.941                                  ch_data_internal_31__N_235[20]
                  --------
                   10.037  (29.0% logic, 71.0% route), 6 logic levels.

Warning: 10.288 ns is the maximum delay for this constraint.


Timing Report Summary
--------------
--------------------------------------------------------------------------------
Constraint                              |   Constraint|       Actual|Levels
--------------------------------------------------------------------------------
                                        |             |             |
create_clock -period 5.000000 -name     |             |             |
clk0 [get_nets htclk_c]                 |     5.000 ns|    10.288 ns|     6 *
                                        |             |             |
--------------------------------------------------------------------------------


1 constraints not met.

--------------------------------------------------------------------------------
Critical Nets                           |   Loads|  Errors| % of total
--------------------------------------------------------------------------------
\crc32/n3305                            |       1|      10|     10.64%
                                        |        |        |
\crc32/n3311                            |       1|      10|     10.64%
                                        |        |        |
\crc32/n3825                            |       1|      10|     10.64%
                                        |        |        |
ch_data_internal_31__N_235[18]          |       1|      10|     10.64%
                                        |        |        |
ch_data_internal_31__N_235[23]          |       1|      10|     10.64%
                                        |        |        |
crcOut[18]                              |       2|      10|     10.64%
                                        |        |        |
crcOut[23]                              |       2|      10|     10.64%
                                        |        |        |
--------------------------------------------------------------------------------


Timing summary:
---------------

Timing errors: 94  Score: 466585

Constraints cover  3138 paths, 563 nets, and 1703 connections (97.4% coverage)


Peak memory: 190177280 bytes, TRCE: 0 bytes, DLYMAN: 0 bytes
CPU_TIME_REPORT: 0 secs 
