--------------------------------------------------------------------------------
Lattice Synthesis Timing Report, Version  
Tue Mar 24 01:03:07 2026

Copyright (c) 1991-1994 by NeoCAD Inc. All rights reserved.
Copyright (c) 1995 AT&T Corp.   All rights reserved.
Copyright (c) 1995-2001 Lucent Technologies Inc.  All rights reserved.
Copyright (c) 2001 Agere Systems   All rights reserved.
Copyright (c) 2002-2024 Lattice Semiconductor Corporation,  All rights reserved.

Report Information
------------------
Design:     adc_ft601
Constraint file:  
Report level:    verbose report, limited to 3 items per constraint
--------------------------------------------------------------------------------



================================================================================
Constraint: create_clock -period 5.000000 -name clk0 [get_nets htclk_c]
            186 items scored, 186 timing errors detected.
--------------------------------------------------------------------------------


Error:  The following path violates requirements by 6.975ns

 Logical Details:  Cell type  Pin type       Cell name  (clock net +/-)

   Source:         FD1P3AX    CK             ch_data_i0_i13  (from htclk_c +)
   Destination:    FD1P3AX    D              ch_data_i0_i27  (to htclk_c +)

   Delay:                  11.815ns  (30.8% logic, 69.2% route), 8 logic levels.

 Constraint Details:

     11.815ns data_path ch_data_i0_i13 to ch_data_i0_i27 violates
      5.000ns delay constraint less
      0.160ns L_S requirement (totaling 4.840ns) by 6.975ns

 Path Details: ch_data_i0_i13 to ch_data_i0_i27

   Name    Fanout   Delay (ns)          Pins               Resource(Cell.Net)
L_CO        ---     0.444             CK to Q              ch_data_i0_i13 (from htclk_c)
Route         6   e 1.515                                  ch_data_c_12
LUT4        ---     0.493              A to Z              \crc32/i1_2_lut_rep_121
Route         4   e 1.340                                  \crc32/n2953
LUT4        ---     0.493              D to Z              \crc32/i1_2_lut_3_lut_4_lut_adj_19
Route         2   e 1.141                                  \crc32/n2104
LUT4        ---     0.493              D to Z              \crc32/i3_4_lut_adj_41
Route         2   e 1.141                                  \crc32/n2601
LUT4        ---     0.493              C to Z              \crc32/i3_2_lut_3_lut_4_lut_adj_60
Route         1   e 0.941                                  \crc32/n9_adj_452
LUT4        ---     0.493              A to Z              \crc32/i5_4_lut_adj_40
Route         2   e 1.141                                  crcOut[26]
LUT4        ---     0.493              C to Z              mux_41_i27_else_4_lut
Route         1   e 0.020                                  n2966
MUXL5       ---     0.233           BLUT to Z              i1478
Route         1   e 0.941                                  ch_data_31__N_272[26]
                  --------
                   11.815  (30.8% logic, 69.2% route), 8 logic levels.


Error:  The following path violates requirements by 6.922ns

 Logical Details:  Cell type  Pin type       Cell name  (clock net +/-)

   Source:         FD1P3AX    CK             crc_i0_i12  (from htclk_c +)
   Destination:    FD1P3AX    D              ch_data_i0_i27  (to htclk_c +)

   Delay:                  11.762ns  (30.9% logic, 69.1% route), 8 logic levels.

 Constraint Details:

     11.762ns data_path crc_i0_i12 to ch_data_i0_i27 violates
      5.000ns delay constraint less
      0.160ns L_S requirement (totaling 4.840ns) by 6.922ns

 Path Details: crc_i0_i12 to ch_data_i0_i27

   Name    Fanout   Delay (ns)          Pins               Resource(Cell.Net)
L_CO        ---     0.444             CK to Q              crc_i0_i12 (from htclk_c)
Route         5   e 1.462                                  crc[12]
LUT4        ---     0.493              B to Z              \crc32/i1_2_lut_rep_121
Route         4   e 1.340                                  \crc32/n2953
LUT4        ---     0.493              D to Z              \crc32/i1_2_lut_3_lut_4_lut_adj_19
Route         2   e 1.141                                  \crc32/n2104
LUT4        ---     0.493              D to Z              \crc32/i3_4_lut_adj_41
Route         2   e 1.141                                  \crc32/n2601
LUT4        ---     0.493              C to Z              \crc32/i3_2_lut_3_lut_4_lut_adj_60
Route         1   e 0.941                                  \crc32/n9_adj_452
LUT4        ---     0.493              A to Z              \crc32/i5_4_lut_adj_40
Route         2   e 1.141                                  crcOut[26]
LUT4        ---     0.493              C to Z              mux_41_i27_else_4_lut
Route         1   e 0.020                                  n2966
MUXL5       ---     0.233           BLUT to Z              i1478
Route         1   e 0.941                                  ch_data_31__N_272[26]
                  --------
                   11.762  (30.9% logic, 69.1% route), 8 logic levels.


Error:  The following path violates requirements by 6.892ns

 Logical Details:  Cell type  Pin type       Cell name  (clock net +/-)

   Source:         FD1P3AX    CK             ch_data_i0_i22  (from htclk_c +)
   Destination:    FD1P3AX    D              ch_data_i0_i27  (to htclk_c +)

   Delay:                  11.732ns  (31.0% logic, 69.0% route), 8 logic levels.

 Constraint Details:

     11.732ns data_path ch_data_i0_i22 to ch_data_i0_i27 violates
      5.000ns delay constraint less
      0.160ns L_S requirement (totaling 4.840ns) by 6.892ns

 Path Details: ch_data_i0_i22 to ch_data_i0_i27

   Name    Fanout   Delay (ns)          Pins               Resource(Cell.Net)
L_CO        ---     0.444             CK to Q              ch_data_i0_i22 (from htclk_c)
Route         3   e 1.315                                  ch_data_c_21
LUT4        ---     0.493              A to Z              \crc32/i1_2_lut_rep_118
Route         6   e 1.457                                  \crc32/n2950
LUT4        ---     0.493              C to Z              \crc32/i1_2_lut_3_lut_4_lut_adj_19
Route         2   e 1.141                                  \crc32/n2104
LUT4        ---     0.493              D to Z              \crc32/i3_4_lut_adj_41
Route         2   e 1.141                                  \crc32/n2601
LUT4        ---     0.493              C to Z              \crc32/i3_2_lut_3_lut_4_lut_adj_60
Route         1   e 0.941                                  \crc32/n9_adj_452
LUT4        ---     0.493              A to Z              \crc32/i5_4_lut_adj_40
Route         2   e 1.141                                  crcOut[26]
LUT4        ---     0.493              C to Z              mux_41_i27_else_4_lut
Route         1   e 0.020                                  n2966
MUXL5       ---     0.233           BLUT to Z              i1478
Route         1   e 0.941                                  ch_data_31__N_272[26]
                  --------
                   11.732  (31.0% logic, 69.0% route), 8 logic levels.

Warning: 11.975 ns is the maximum delay for this constraint.


Timing Report Summary
--------------
--------------------------------------------------------------------------------
Constraint                              |   Constraint|       Actual|Levels
--------------------------------------------------------------------------------
                                        |             |             |
create_clock -period 5.000000 -name     |             |             |
clk0 [get_nets htclk_c]                 |     5.000 ns|    11.975 ns|     8 *
                                        |             |             |
--------------------------------------------------------------------------------


1 constraints not met.

--------------------------------------------------------------------------------
Critical Nets                           |   Loads|  Errors| % of total
--------------------------------------------------------------------------------
\crc32/n2601                            |       2|      35|     18.82%
                                        |        |        |
\crc32/n9_adj_452                       |       1|      25|     13.44%
                                        |        |        |
crcOut[26]                              |       2|      25|     13.44%
                                        |        |        |
\crc32/n1605                            |       3|      24|     12.90%
                                        |        |        |
\crc32/n2948                            |       9|      24|     12.90%
                                        |        |        |
\crc32/n2028                            |       2|      22|     11.83%
                                        |        |        |
--------------------------------------------------------------------------------


Timing summary:
---------------

Timing errors: 186  Score: 987746

Constraints cover  3321 paths, 601 nets, and 1720 connections (97.5% coverage)


Peak memory: 184922112 bytes, TRCE: 585728 bytes, DLYMAN: 163840 bytes
CPU_TIME_REPORT: 0 secs 
