--------------------------------------------------------------------------------
Lattice Synthesis Timing Report, Version  
Sun Mar 29 13:23:13 2026

Copyright (c) 1991-1994 by NeoCAD Inc. All rights reserved.
Copyright (c) 1995 AT&T Corp.   All rights reserved.
Copyright (c) 1995-2001 Lucent Technologies Inc.  All rights reserved.
Copyright (c) 2001 Agere Systems   All rights reserved.
Copyright (c) 2002-2024 Lattice Semiconductor Corporation,  All rights reserved.

Report Information
------------------
Design:     adc_ft601
Constraint file:  
Report level:    verbose report, limited to 3 items per constraint
--------------------------------------------------------------------------------



================================================================================
Constraint: create_clock -period 5.000000 -name clk0 [get_nets htclk_c]
            98 items scored, 98 timing errors detected.
--------------------------------------------------------------------------------


Error:  The following path violates requirements by 5.167ns

 Logical Details:  Cell type  Pin type       Cell name  (clock net +/-)

   Source:         FD1P3AX    CK             crcData_i7  (from htclk_c +)
   Destination:    FD1P3AX    D              ch_data_internal_i27  (to htclk_c +)

   Delay:                  10.007ns  (29.1% logic, 70.9% route), 6 logic levels.

 Constraint Details:

     10.007ns data_path crcData_i7 to ch_data_internal_i27 violates
      5.000ns delay constraint less
      0.160ns L_S requirement (totaling 4.840ns) by 5.167ns

 Path Details: crcData_i7 to ch_data_internal_i27

   Name    Fanout   Delay (ns)          Pins               Resource(Cell.Net)
L_CO        ---     0.444             CK to Q              crcData_i7 (from htclk_c)
Route         9   e 1.632                                  crcData[7]
LUT4        ---     0.493              A to Z              \crc32/i1_2_lut_rep_128
Route         7   e 1.502                                  \crc32/n5316
LUT4        ---     0.493              A to Z              \crc32/i1_4_lut_adj_33
Route         1   e 0.941                                  \crc32/n4479
LUT4        ---     0.493              C to Z              \crc32/i1_4_lut_adj_31
Route         1   e 0.941                                  \crc32/n4487
LUT4        ---     0.493              B to Z              \crc32/i1_4_lut_adj_30
Route         2   e 1.141                                  crcOut[27]
LUT4        ---     0.493              D to Z              ch_data_internal_31__I_0_106_i28_3_lut_4_lut
Route         1   e 0.941                                  ch_data_internal_31__N_197[27]
                  --------
                   10.007  (29.1% logic, 70.9% route), 6 logic levels.


Error:  The following path violates requirements by 5.167ns

 Logical Details:  Cell type  Pin type       Cell name  (clock net +/-)

   Source:         FD1P3AX    CK             crcData_i7  (from htclk_c +)
   Destination:    FD1P3AX    D              ch_data_internal_i3  (to htclk_c +)

   Delay:                  10.007ns  (29.1% logic, 70.9% route), 6 logic levels.

 Constraint Details:

     10.007ns data_path crcData_i7 to ch_data_internal_i3 violates
      5.000ns delay constraint less
      0.160ns L_S requirement (totaling 4.840ns) by 5.167ns

 Path Details: crcData_i7 to ch_data_internal_i3

   Name    Fanout   Delay (ns)          Pins               Resource(Cell.Net)
L_CO        ---     0.444             CK to Q              crcData_i7 (from htclk_c)
Route         9   e 1.632                                  crcData[7]
LUT4        ---     0.493              A to Z              \crc32/i1_2_lut_rep_128
Route         7   e 1.502                                  \crc32/n5316
LUT4        ---     0.493              C to Z              \crc32/i1_3_lut_4_lut_adj_111
Route         1   e 0.941                                  \crc32/n4067
LUT4        ---     0.493              A to Z              \crc32/i1_4_lut_adj_102
Route         1   e 0.941                                  \crc32/n4069
LUT4        ---     0.493              D to Z              \crc32/i1_4_lut_adj_100
Route         2   e 1.141                                  crcOut[3]
LUT4        ---     0.493              D to Z              ch_data_internal_31__I_0_106_i4_3_lut_4_lut
Route         1   e 0.941                                  ch_data_internal_31__N_197[3]
                  --------
                   10.007  (29.1% logic, 70.9% route), 6 logic levels.


Error:  The following path violates requirements by 5.167ns

 Logical Details:  Cell type  Pin type       Cell name  (clock net +/-)

   Source:         FD1P3JX    CK             crcIn_i7  (from htclk_c +)
   Destination:    FD1P3AX    D              ch_data_internal_i27  (to htclk_c +)

   Delay:                  10.007ns  (29.1% logic, 70.9% route), 6 logic levels.

 Constraint Details:

     10.007ns data_path crcIn_i7 to ch_data_internal_i27 violates
      5.000ns delay constraint less
      0.160ns L_S requirement (totaling 4.840ns) by 5.167ns

 Path Details: crcIn_i7 to ch_data_internal_i27

   Name    Fanout   Delay (ns)          Pins               Resource(Cell.Net)
L_CO        ---     0.444             CK to Q              crcIn_i7 (from htclk_c)
Route         9   e 1.632                                  crcIn[7]
LUT4        ---     0.493              B to Z              \crc32/i1_2_lut_rep_128
Route         7   e 1.502                                  \crc32/n5316
LUT4        ---     0.493              A to Z              \crc32/i1_4_lut_adj_33
Route         1   e 0.941                                  \crc32/n4479
LUT4        ---     0.493              C to Z              \crc32/i1_4_lut_adj_31
Route         1   e 0.941                                  \crc32/n4487
LUT4        ---     0.493              B to Z              \crc32/i1_4_lut_adj_30
Route         2   e 1.141                                  crcOut[27]
LUT4        ---     0.493              D to Z              ch_data_internal_31__I_0_106_i28_3_lut_4_lut
Route         1   e 0.941                                  ch_data_internal_31__N_197[27]
                  --------
                   10.007  (29.1% logic, 70.9% route), 6 logic levels.

Warning: 10.167 ns is the maximum delay for this constraint.


Timing Report Summary
--------------
--------------------------------------------------------------------------------
Constraint                              |   Constraint|       Actual|Levels
--------------------------------------------------------------------------------
                                        |             |             |
create_clock -period 5.000000 -name     |             |             |
clk0 [get_nets htclk_c]                 |     5.000 ns|    10.167 ns|     6 *
                                        |             |             |
--------------------------------------------------------------------------------


1 constraints not met.

--------------------------------------------------------------------------------
Critical Nets                           |   Loads|  Errors| % of total
--------------------------------------------------------------------------------
\crc32/n4553                            |       1|      16|     16.33%
                                        |        |        |
ch_data_internal_31__N_197[18]          |       1|      16|     16.33%
                                        |        |        |
crcOut[18]                              |       2|      16|     16.33%
                                        |        |        |
\crc32/n4587                            |       1|      12|     12.24%
                                        |        |        |
ch_data_internal_31__N_197[5]           |       1|      12|     12.24%
                                        |        |        |
crcOut[5]                               |       2|      12|     12.24%
                                        |        |        |
\crc32/n4551                            |       1|      10|     10.20%
                                        |        |        |
--------------------------------------------------------------------------------


Timing summary:
---------------

Timing errors: 98  Score: 472349

Constraints cover  4189 paths, 775 nets, and 2405 connections (98.2% coverage)


Peak memory: 190533632 bytes, TRCE: 0 bytes, DLYMAN: 0 bytes
CPU_TIME_REPORT: 0 secs 
