
mpartrce -p "Scope_impl1.p2t" -f "Scope_impl1.p3t" -tf "Scope_impl1.pt" "Scope_impl1_map.ncd" "Scope_impl1.ncd"

---- MParTrce Tool ----
Removing old design directory at request of -rem command line option to this program.
Running par. Please wait . . .

Lattice Place and Route Report for Design "Scope_impl1_map.ncd"
Sun Mar 29 15:17:09 2026

PAR: Place And Route Diamond (64-bit) 3.14.0.75.2.
Command Line: par -w -l 5 -i 10 -t 1 -c 2 -e 5 -gui -msgset /home/charlie/scope/fpga/promote.xml -exp parUseNBR=1:parCDP=0:parCDR=0:parPathBased=ON:parASE=1 Scope_impl1_map.ncd Scope_impl1.dir/5_1.ncd Scope_impl1.prf
Preference file: Scope_impl1.prf.
Placement level-cost: 5-1.
Routing Iterations: 10

Loading design for application par from file Scope_impl1_map.ncd.
Design name: adc_ft601
NCD version: 3.3
Vendor:      LATTICE
Device:      LCMXO2-1200HC
Package:     TQFP100
Performance: 4
Loading device for application par from file 'xo2c1200.nph' in environment: /home/charlie/lscc/diamond/3.14/ispfpga.
Package Status:                     Final          Version 1.44.
Performance Hardware Data Status:   Final          Version 36.4.
License checked out.


Ignore Preference Error(s):  True
Device utilization summary:

   PIO (prelim)   69+4(JTAG)/108     68% used
                  69+4(JTAG)/80      91% bonded
   IOLOGIC           34/108          31% used

   SLICE            254/640          39% used

   EBR                4/7            57% used


Number of Signals: 695
Number of Connections: 1924
    <postMsg mid="61061045" type="Warning" dynamic="0" navigation="0"  />

Pin Constraint Summary:
   69 out of 69 pins locked (100% locked).

The following 1 signal is selected to use the primary clock routing resources:
    htclk_c (driver: htclk, clk load #: 150)


The following 4 signals are selected to use the secondary clock routing resources:
    htclk_c_enable_103 (driver: SLICE_193, clk load #: 0, sr load #: 0, ce load #: 32)
    counter_0 (driver: SLICE_13, clk load #: 0, sr load #: 1, ce load #: 23)
    htclk_c_enable_114 (driver: SLICE_193, clk load #: 0, sr load #: 16, ce load #: 3)
    htclk_c_enable_72 (driver: SLICE_191, clk load #: 0, sr load #: 0, ce load #: 16)

No signal is selected as Global Set/Reset.
Starting Placer Phase 0.
..........
Finished Placer Phase 0.  REAL time: 0 secs 

Starting Placer Phase 1.
....................
Placer score = 4886059.
Finished Placer Phase 1.  REAL time: 5 secs 

Starting Placer Phase 2.
.
Placer score =  5454801
Finished Placer Phase 2.  REAL time: 5 secs 


------------------ Clock Report ------------------

Global Clock Resources:
  CLK_PIN    : 1 out of 8 (12%)
  PLL        : 0 out of 1 (0%)
  DCM        : 0 out of 2 (0%)
  DCC        : 0 out of 8 (0%)

Global Clocks:
  PRIMARY "htclk_c" from comp "htclk" on CLK_PIN site "86 (PT12C)", clk load = 150
  SECONDARY "htclk_c_enable_103" from F1 on comp "SLICE_193" on site "R9C6C", clk load = 0, ce load = 32, sr load = 0
  SECONDARY "counter_0" from Q1 on comp "SLICE_13" on site "R7C14B", clk load = 0, ce load = 23, sr load = 1
  SECONDARY "htclk_c_enable_114" from F0 on comp "SLICE_193" on site "R9C6C", clk load = 0, ce load = 3, sr load = 16
  SECONDARY "htclk_c_enable_72" from F1 on comp "SLICE_191" on site "R10C6A", clk load = 0, ce load = 16, sr load = 0

  PRIMARY  : 1 out of 8 (12%)
  SECONDARY: 4 out of 8 (50%)

Edge Clocks:
  No edge clock selected.

--------------- End of Clock Report ---------------


I/O Usage Summary (final):
   69 + 4(JTAG) out of 108 (67.6%) PIO sites used.
   69 + 4(JTAG) out of 80 (91.2%) bonded PIO sites used.
   Number of PIO comps: 69; differential: 0.
   Number of Vref pins used: 0.

I/O Bank Usage Summary:
+----------+----------------+------------+-----------+
| I/O Bank | Usage          | Bank Vccio | Bank Vref |
+----------+----------------+------------+-----------+
| 0        | 14 / 19 ( 73%) | 3.3V       | -         |
| 1        | 21 / 21 (100%) | 3.3V       | -         |
| 2        | 14 / 20 ( 70%) | 3.3V       | -         |
| 3        | 20 / 20 (100%) | 3.3V       | -         |
+----------+----------------+------------+-----------+

Total placer CPU time: 5 secs 

Dumping design to file Scope_impl1.dir/5_1.ncd.

0 connections routed; 1924 unrouted.
Starting router resource preassignment

Completed router resource preassignment. Real time: 5 secs 

Start NBR router at Sun Mar 29 15:17:14 BST 2026

*****************************************************************
Info: NBR allows conflicts(one node used by more than one signal)
      in the earlier iterations. In each iteration, it tries to  
      solve the conflicts while keeping the critical connections 
      routed as short as possible. The routing process is said to
      be completed when no conflicts exist and all connections   
      are routed.                                                
Note: NBR uses a different method to calculate timing slacks. The
      worst slack and total negative slack may not be the same as
      that in TRCE report. You should always run TRCE to verify  
      your design.                                               
*****************************************************************

Start NBR special constraint process at Sun Mar 29 15:17:14 BST 2026

Start NBR section for initial routing at Sun Mar 29 15:17:14 BST 2026
Level 1, iteration 1
8(0.01%) conflicts; 1447(75.21%) untouched conns; 816 (nbr) score; 
Estimated worst slack/total negative slack<setup>: -0.136ns/-0.816ns; real time: 5 secs 
Level 2, iteration 1
63(0.07%) conflicts; 1130(58.73%) untouched conns; 1182 (nbr) score; 
Estimated worst slack/total negative slack<setup>: -0.197ns/-1.182ns; real time: 5 secs 
Level 3, iteration 1
138(0.16%) conflicts; 279(14.50%) untouched conns; 1224 (nbr) score; 
Estimated worst slack/total negative slack<setup>: -0.204ns/-1.224ns; real time: 6 secs 
Level 4, iteration 1
74(0.09%) conflicts; 0(0.00%) untouched conn; 1128 (nbr) score; 
Estimated worst slack/total negative slack<setup>: -0.188ns/-1.128ns; real time: 6 secs 

Info: Initial congestion level at 75% usage is 0
Info: Initial congestion area  at 75% usage is 0 (0.00%)

Start NBR section for normal routing at Sun Mar 29 15:17:15 BST 2026
Level 1, iteration 1
49(0.06%) conflicts; 32(1.66%) untouched conns; 1128 (nbr) score; 
Estimated worst slack/total negative slack<setup>: -0.188ns/-1.128ns; real time: 6 secs 
Level 1, iteration 2
40(0.05%) conflicts; 39(2.03%) untouched conns; 1128 (nbr) score; 
Estimated worst slack/total negative slack<setup>: -0.188ns/-1.128ns; real time: 6 secs 
Level 2, iteration 1
30(0.04%) conflicts; 43(2.23%) untouched conns; 1176 (nbr) score; 
Estimated worst slack/total negative slack<setup>: -0.196ns/-1.176ns; real time: 6 secs 
Level 2, iteration 2
18(0.02%) conflicts; 49(2.55%) untouched conns; 1176 (nbr) score; 
Estimated worst slack/total negative slack<setup>: -0.196ns/-1.176ns; real time: 6 secs 
Level 2, iteration 3
13(0.02%) conflicts; 52(2.70%) untouched conns; 1176 (nbr) score; 
Estimated worst slack/total negative slack<setup>: -0.196ns/-1.176ns; real time: 6 secs 
Level 2, iteration 4
10(0.01%) conflicts; 52(2.70%) untouched conns; 1176 (nbr) score; 
Estimated worst slack/total negative slack<setup>: -0.196ns/-1.176ns; real time: 6 secs 
Level 3, iteration 1
28(0.03%) conflicts; 9(0.47%) untouched conns; 1176 (nbr) score; 
Estimated worst slack/total negative slack<setup>: -0.196ns/-1.176ns; real time: 6 secs 
Level 4, iteration 1
18(0.02%) conflicts; 0(0.00%) untouched conn; 1176 (nbr) score; 
Estimated worst slack/total negative slack<setup>: -0.196ns/-1.176ns; real time: 6 secs 
Level 4, iteration 2
7(0.01%) conflicts; 0(0.00%) untouched conn; 1176 (nbr) score; 
Estimated worst slack/total negative slack<setup>: -0.196ns/-1.176ns; real time: 6 secs 
Level 4, iteration 3
3(0.00%) conflicts; 0(0.00%) untouched conn; 1176 (nbr) score; 
Estimated worst slack/total negative slack<setup>: -0.196ns/-1.176ns; real time: 6 secs 
Level 4, iteration 4
2(0.00%) conflicts; 0(0.00%) untouched conn; 1176 (nbr) score; 
Estimated worst slack/total negative slack<setup>: -0.196ns/-1.176ns; real time: 6 secs 
Level 4, iteration 5
1(0.00%) conflict; 0(0.00%) untouched conn; 1176 (nbr) score; 
Estimated worst slack/total negative slack<setup>: -0.196ns/-1.176ns; real time: 6 secs 
Level 4, iteration 6
0(0.00%) conflict; 0(0.00%) untouched conn; 1176 (nbr) score; 
Estimated worst slack/total negative slack<setup>: -0.196ns/-1.176ns; real time: 6 secs 

Start NBR section for performance tuning (iteration 1) at Sun Mar 29 15:17:15 BST 2026
Level 4, iteration 1
0(0.00%) conflict; 0(0.00%) untouched conn; 1176 (nbr) score; 
Estimated worst slack/total negative slack<setup>: -0.196ns/-1.176ns; real time: 6 secs 

Start NBR section for re-routing at Sun Mar 29 15:17:15 BST 2026
Level 4, iteration 1
0(0.00%) conflict; 0(0.00%) untouched conn; 1176 (nbr) score; 
Estimated worst slack/total negative slack<setup>: -0.196ns/-1.176ns; real time: 6 secs 

Start NBR section for post-routing at Sun Mar 29 15:17:15 BST 2026

End NBR router with 0 unrouted connection

NBR Summary
-----------
  Number of unrouted connections : 0 (0.00%)
  Number of connections with timing violations : 6 (0.31%)
  Estimated worst slack<setup> : -0.196ns
  Timing score<setup> : 196
-----------
Notes: The timing info is calculated for SETUP only and all PAR_ADJs are ignored.



Total CPU time 6 secs 
Total REAL time: 7 secs 
Completely routed.
End of route.  1924 routed (100.00%); 0 unrouted.

Hold time timing score: 0, hold timing errors: 0

Timing score: 196 

Dumping design to file Scope_impl1.dir/5_1.ncd.


PAR_SUMMARY::Run status = Completed
PAR_SUMMARY::Number of unrouted conns = 0
PAR_SUMMARY::Worst  slack<setup/<ns>> = -0.196
PAR_SUMMARY::Timing score<setup/<ns>> = 0.196
PAR_SUMMARY::Worst  slack<hold /<ns>> = 0.299
PAR_SUMMARY::Timing score<hold /<ns>> = 0.000
PAR_SUMMARY::Number of errors = 0

Total CPU  time to completion: 7 secs 
Total REAL time to completion: 7 secs 

par done!

Note: user must run 'Trace' for timing closure signoff.

Copyright (c) 1991-1994 by NeoCAD Inc. All rights reserved.
Copyright (c) 1995 AT&T Corp.   All rights reserved.
Copyright (c) 1995-2001 Lucent Technologies Inc.  All rights reserved.
Copyright (c) 2001 Agere Systems   All rights reserved.
Copyright (c) 2002-2024 Lattice Semiconductor Corporation,  All rights reserved.

Lattice Place and Route Report for Design "Scope_impl1_map.ncd"
Sun Mar 29 15:17:16 2026

PAR: Place And Route Diamond (64-bit) 3.14.0.75.2.
Command Line: par -w -l 5 -i 10 -t 2 -c 2 -e 5 -gui -msgset /home/charlie/scope/fpga/promote.xml -exp parUseNBR=1:parCDP=0:parCDR=0:parPathBased=ON:parASE=1:aseRouteInitSetupSlackThreshold=-0.196 Scope_impl1_map.ncd Scope_impl1.dir/5_2.ncd Scope_impl1.prf
Preference file: Scope_impl1.prf.
Placement level-cost: 5-2.
Routing Iterations: 10

Loading design for application par from file /tmp/neo_lhR2Zu.
Design name: adc_ft601
NCD version: 3.3
Vendor:      LATTICE
Device:      LCMXO2-1200HC
Package:     TQFP100
Performance: 4
Package Status:                     Final          Version 1.44.
Performance Hardware Data Status:   Final          Version 36.4.
Device utilization summary:

   PIO (prelim)   69+4(JTAG)/108     68% used
                  69+4(JTAG)/80      91% bonded
   IOLOGIC           34/108          31% used

   SLICE            254/640          39% used

   EBR                4/7            57% used


Number of Signals: 695
Number of Connections: 1924
    <postMsg mid="61061045" type="Warning" dynamic="0" navigation="0"  />

Pin Constraint Summary:
   69 out of 69 pins locked (100% locked).

The following 1 signal is selected to use the primary clock routing resources:
    htclk_c (driver: htclk, clk load #: 150)


The following 4 signals are selected to use the secondary clock routing resources:
    htclk_c_enable_103 (driver: SLICE_193, clk load #: 0, sr load #: 0, ce load #: 32)
    counter_0 (driver: SLICE_13, clk load #: 0, sr load #: 1, ce load #: 23)
    htclk_c_enable_114 (driver: SLICE_193, clk load #: 0, sr load #: 16, ce load #: 3)
    htclk_c_enable_72 (driver: SLICE_191, clk load #: 0, sr load #: 0, ce load #: 16)

No signal is selected as Global Set/Reset.
Starting Placer Phase 0.
.........
Finished Placer Phase 0.  REAL time: 0 secs 

Starting Placer Phase 1.
....................
Placer score = 5269181.
Finished Placer Phase 1.  REAL time: 4 secs 

Starting Placer Phase 2.
.
Placer score =  5808075
Finished Placer Phase 2.  REAL time: 5 secs 


------------------ Clock Report ------------------

Global Clock Resources:
  CLK_PIN    : 1 out of 8 (12%)
  PLL        : 0 out of 1 (0%)
  DCM        : 0 out of 2 (0%)
  DCC        : 0 out of 8 (0%)

Global Clocks:
  PRIMARY "htclk_c" from comp "htclk" on CLK_PIN site "86 (PT12C)", clk load = 150
  SECONDARY "htclk_c_enable_103" from F1 on comp "SLICE_193" on site "R2C11B", clk load = 0, ce load = 32, sr load = 0
  SECONDARY "counter_0" from Q1 on comp "SLICE_13" on site "R10C18A", clk load = 0, ce load = 23, sr load = 1
  SECONDARY "htclk_c_enable_114" from F0 on comp "SLICE_193" on site "R2C11B", clk load = 0, ce load = 3, sr load = 16
  SECONDARY "htclk_c_enable_72" from F1 on comp "SLICE_191" on site "R2C11C", clk load = 0, ce load = 16, sr load = 0

  PRIMARY  : 1 out of 8 (12%)
  SECONDARY: 4 out of 8 (50%)

Edge Clocks:
  No edge clock selected.

--------------- End of Clock Report ---------------


I/O Usage Summary (final):
   69 + 4(JTAG) out of 108 (67.6%) PIO sites used.
   69 + 4(JTAG) out of 80 (91.2%) bonded PIO sites used.
   Number of PIO comps: 69; differential: 0.
   Number of Vref pins used: 0.

I/O Bank Usage Summary:
+----------+----------------+------------+-----------+
| I/O Bank | Usage          | Bank Vccio | Bank Vref |
+----------+----------------+------------+-----------+
| 0        | 14 / 19 ( 73%) | 3.3V       | -         |
| 1        | 21 / 21 (100%) | 3.3V       | -         |
| 2        | 14 / 20 ( 70%) | 3.3V       | -         |
| 3        | 20 / 20 (100%) | 3.3V       | -         |
+----------+----------------+------------+-----------+

Total placer CPU time: 4 secs 

Dumping design to file Scope_impl1.dir/5_2.ncd.

0 connections routed; 1924 unrouted.
Starting router resource preassignment

Completed router resource preassignment. Real time: 5 secs 

Start NBR router at Sun Mar 29 15:17:21 BST 2026

*****************************************************************
Info: NBR allows conflicts(one node used by more than one signal)
      in the earlier iterations. In each iteration, it tries to  
      solve the conflicts while keeping the critical connections 
      routed as short as possible. The routing process is said to
      be completed when no conflicts exist and all connections   
      are routed.                                                
Note: NBR uses a different method to calculate timing slacks. The
      worst slack and total negative slack may not be the same as
      that in TRCE report. You should always run TRCE to verify  
      your design.                                               
*****************************************************************

Start NBR special constraint process at Sun Mar 29 15:17:21 BST 2026

Start NBR section for initial routing at Sun Mar 29 15:17:21 BST 2026
Level 1, iteration 1
9(0.01%) conflicts; 1432(74.43%) untouched conns; 2710 (nbr) score; 
Estimated worst slack/total negative slack<setup>: -0.298ns/-2.710ns; real time: 5 secs 
Level 2, iteration 1
60(0.07%) conflicts; 1154(59.98%) untouched conns; 3028 (nbr) score; 
Estimated worst slack/total negative slack<setup>: -0.311ns/-3.029ns; real time: 5 secs 
Level 3, iteration 1
149(0.17%) conflicts; 284(14.76%) untouched conns; 3863 (nbr) score; 
Estimated worst slack/total negative slack<setup>: -0.372ns/-3.864ns; real time: 6 secs 
Level 4, iteration 1
76(0.09%) conflicts; 0(0.00%) untouched conn; 4020 (nbr) score; 
Estimated worst slack/total negative slack<setup>: -0.375ns/-4.021ns; real time: 6 secs 

Info: Initial congestion level at 75% usage is 0
Info: Initial congestion area  at 75% usage is 0 (0.00%)

*****************************************************************************
WARNING: The worst setup slack (-0.375ns) after initial routing exceeds the 
specified threshold -0.196 ns. This par run will be terminated.
*****************************************************************************


PAR_SUMMARY::Run status = Skipped
PAR_SUMMARY::Number of unrouted conns = <n/a>
PAR_SUMMARY::Worst  slack<setup/<ns>> = <n/a>
PAR_SUMMARY::Timing score<setup/<ns>> = <n/a>
PAR_SUMMARY::Worst  slack<hold /<ns>> = <n/a>
PAR_SUMMARY::Timing score<hold /<ns>> = <n/a>
PAR_SUMMARY::Number of errors = 0

Total CPU  time to completion: 6 secs 
Total REAL time to completion: 6 secs 

par failed!

Copyright (c) 1991-1994 by NeoCAD Inc. All rights reserved.
Copyright (c) 1995 AT&T Corp.   All rights reserved.
Copyright (c) 1995-2001 Lucent Technologies Inc.  All rights reserved.
Copyright (c) 2001 Agere Systems   All rights reserved.
Copyright (c) 2002-2024 Lattice Semiconductor Corporation,  All rights reserved.

Lattice Place and Route Report for Design "Scope_impl1_map.ncd"
Sun Mar 29 15:17:22 2026

PAR: Place And Route Diamond (64-bit) 3.14.0.75.2.
Command Line: par -w -l 5 -i 10 -t 3 -c 2 -e 5 -gui -msgset /home/charlie/scope/fpga/promote.xml -exp parUseNBR=1:parCDP=0:parCDR=0:parPathBased=ON:parASE=1:aseRouteInitSetupSlackThreshold=-0.196 Scope_impl1_map.ncd Scope_impl1.dir/5_3.ncd Scope_impl1.prf
Preference file: Scope_impl1.prf.
Placement level-cost: 5-3.
Routing Iterations: 10

Loading design for application par from file /tmp/neo_lhR2Zu.
Design name: adc_ft601
NCD version: 3.3
Vendor:      LATTICE
Device:      LCMXO2-1200HC
Package:     TQFP100
Performance: 4
Package Status:                     Final          Version 1.44.
Performance Hardware Data Status:   Final          Version 36.4.
Device utilization summary:

   PIO (prelim)   69+4(JTAG)/108     68% used
                  69+4(JTAG)/80      91% bonded
   IOLOGIC           34/108          31% used

   SLICE            254/640          39% used

   EBR                4/7            57% used


Number of Signals: 695
Number of Connections: 1924
    <postMsg mid="61061045" type="Warning" dynamic="0" navigation="0"  />

Pin Constraint Summary:
   69 out of 69 pins locked (100% locked).

The following 1 signal is selected to use the primary clock routing resources:
    htclk_c (driver: htclk, clk load #: 150)


The following 4 signals are selected to use the secondary clock routing resources:
    htclk_c_enable_103 (driver: SLICE_193, clk load #: 0, sr load #: 0, ce load #: 32)
    counter_0 (driver: SLICE_13, clk load #: 0, sr load #: 1, ce load #: 23)
    htclk_c_enable_114 (driver: SLICE_193, clk load #: 0, sr load #: 16, ce load #: 3)
    htclk_c_enable_72 (driver: SLICE_191, clk load #: 0, sr load #: 0, ce load #: 16)

No signal is selected as Global Set/Reset.
Starting Placer Phase 0.
.........
Finished Placer Phase 0.  REAL time: 0 secs 

Starting Placer Phase 1.
....................
Placer score = 2540964.
Finished Placer Phase 1.  REAL time: 5 secs 

Starting Placer Phase 2.
.
Placer score =  2768849
Finished Placer Phase 2.  REAL time: 5 secs 


------------------ Clock Report ------------------

Global Clock Resources:
  CLK_PIN    : 1 out of 8 (12%)
  PLL        : 0 out of 1 (0%)
  DCM        : 0 out of 2 (0%)
  DCC        : 0 out of 8 (0%)

Global Clocks:
  PRIMARY "htclk_c" from comp "htclk" on CLK_PIN site "86 (PT12C)", clk load = 150
  SECONDARY "htclk_c_enable_103" from F1 on comp "SLICE_193" on site "R2C11A", clk load = 0, ce load = 32, sr load = 0
  SECONDARY "counter_0" from Q1 on comp "SLICE_13" on site "R7C14B", clk load = 0, ce load = 23, sr load = 1
  SECONDARY "htclk_c_enable_114" from F0 on comp "SLICE_193" on site "R2C11A", clk load = 0, ce load = 3, sr load = 16
  SECONDARY "htclk_c_enable_72" from F1 on comp "SLICE_191" on site "R2C11D", clk load = 0, ce load = 16, sr load = 0

  PRIMARY  : 1 out of 8 (12%)
  SECONDARY: 4 out of 8 (50%)

Edge Clocks:
  No edge clock selected.

--------------- End of Clock Report ---------------


I/O Usage Summary (final):
   69 + 4(JTAG) out of 108 (67.6%) PIO sites used.
   69 + 4(JTAG) out of 80 (91.2%) bonded PIO sites used.
   Number of PIO comps: 69; differential: 0.
   Number of Vref pins used: 0.

I/O Bank Usage Summary:
+----------+----------------+------------+-----------+
| I/O Bank | Usage          | Bank Vccio | Bank Vref |
+----------+----------------+------------+-----------+
| 0        | 14 / 19 ( 73%) | 3.3V       | -         |
| 1        | 21 / 21 (100%) | 3.3V       | -         |
| 2        | 14 / 20 ( 70%) | 3.3V       | -         |
| 3        | 20 / 20 (100%) | 3.3V       | -         |
+----------+----------------+------------+-----------+

Total placer CPU time: 5 secs 

Dumping design to file Scope_impl1.dir/5_3.ncd.

0 connections routed; 1924 unrouted.
Starting router resource preassignment

Completed router resource preassignment. Real time: 5 secs 

Start NBR router at Sun Mar 29 15:17:27 BST 2026

*****************************************************************
Info: NBR allows conflicts(one node used by more than one signal)
      in the earlier iterations. In each iteration, it tries to  
      solve the conflicts while keeping the critical connections 
      routed as short as possible. The routing process is said to
      be completed when no conflicts exist and all connections   
      are routed.                                                
Note: NBR uses a different method to calculate timing slacks. The
      worst slack and total negative slack may not be the same as
      that in TRCE report. You should always run TRCE to verify  
      your design.                                               
*****************************************************************

Start NBR special constraint process at Sun Mar 29 15:17:27 BST 2026

Start NBR section for initial routing at Sun Mar 29 15:17:27 BST 2026
Level 1, iteration 1
6(0.01%) conflicts; 1446(75.16%) untouched conns; 0 (nbr) score; 
Estimated worst slack/total negative slack<setup>: 0.058ns/0.000ns; real time: 6 secs 
Level 2, iteration 1
58(0.07%) conflicts; 1148(59.67%) untouched conns; 0 (nbr) score; 
Estimated worst slack/total negative slack<setup>: 0.279ns/0.000ns; real time: 6 secs 
Level 3, iteration 1
138(0.16%) conflicts; 290(15.07%) untouched conns; 0 (nbr) score; 
Estimated worst slack/total negative slack<setup>: 0.236ns/0.000ns; real time: 6 secs 
Level 4, iteration 1
92(0.11%) conflicts; 0(0.00%) untouched conn; 0 (nbr) score; 
Estimated worst slack/total negative slack<setup>: 0.169ns/0.000ns; real time: 6 secs 

Info: Initial congestion level at 75% usage is 0
Info: Initial congestion area  at 75% usage is 0 (0.00%)

Start NBR section for normal routing at Sun Mar 29 15:17:28 BST 2026
Level 1, iteration 1
69(0.08%) conflicts; 37(1.92%) untouched conns; 0 (nbr) score; 
Estimated worst slack/total negative slack<setup>: 0.275ns/0.000ns; real time: 6 secs 
Level 1, iteration 2
49(0.06%) conflicts; 51(2.65%) untouched conns; 0 (nbr) score; 
Estimated worst slack/total negative slack<setup>: 0.250ns/0.000ns; real time: 6 secs 
Level 1, iteration 3
32(0.04%) conflicts; 66(3.43%) untouched conns; 0 (nbr) score; 
Estimated worst slack/total negative slack<setup>: 0.342ns/0.000ns; real time: 7 secs 
Level 1, iteration 4
22(0.03%) conflicts; 75(3.90%) untouched conns; 0 (nbr) score; 
Estimated worst slack/total negative slack<setup>: 0.342ns/0.000ns; real time: 7 secs 
Level 1, iteration 5
16(0.02%) conflicts; 83(4.31%) untouched conns; 0 (nbr) score; 
Estimated worst slack/total negative slack<setup>: 0.191ns/0.000ns; real time: 7 secs 
Level 2, iteration 1
16(0.02%) conflicts; 74(3.85%) untouched conns; 0 (nbr) score; 
Estimated worst slack/total negative slack<setup>: 0.183ns/0.000ns; real time: 7 secs 
Level 2, iteration 2
11(0.01%) conflicts; 75(3.90%) untouched conns; 0 (nbr) score; 
Estimated worst slack/total negative slack<setup>: 0.183ns/0.000ns; real time: 7 secs 
Level 2, iteration 3
3(0.00%) conflicts; 77(4.00%) untouched conns; 0 (nbr) score; 
Estimated worst slack/total negative slack<setup>: 0.197ns/0.000ns; real time: 7 secs 
Level 2, iteration 4
3(0.00%) conflicts; 76(3.95%) untouched conns; 0 (nbr) score; 
Estimated worst slack/total negative slack<setup>: 0.197ns/0.000ns; real time: 7 secs 
Level 2, iteration 5
1(0.00%) conflict; 77(4.00%) untouched conns; 0 (nbr) score; 
Estimated worst slack/total negative slack<setup>: 0.197ns/0.000ns; real time: 7 secs 
Level 3, iteration 1
20(0.02%) conflicts; 28(1.46%) untouched conns; 0 (nbr) score; 
Estimated worst slack/total negative slack<setup>: 0.175ns/0.000ns; real time: 7 secs 
Level 4, iteration 1
13(0.02%) conflicts; 0(0.00%) untouched conn; 0 (nbr) score; 
Estimated worst slack/total negative slack<setup>: 0.175ns/0.000ns; real time: 7 secs 
Level 4, iteration 2
6(0.01%) conflicts; 0(0.00%) untouched conn; 0 (nbr) score; 
Estimated worst slack/total negative slack<setup>: 0.175ns/0.000ns; real time: 7 secs 
Level 4, iteration 3
4(0.00%) conflicts; 0(0.00%) untouched conn; 0 (nbr) score; 
Estimated worst slack/total negative slack<setup>: 0.175ns/0.000ns; real time: 7 secs 
Level 4, iteration 4
2(0.00%) conflicts; 0(0.00%) untouched conn; 0 (nbr) score; 
Estimated worst slack/total negative slack<setup>: 0.175ns/0.000ns; real time: 7 secs 
Level 4, iteration 5
2(0.00%) conflicts; 0(0.00%) untouched conn; 0 (nbr) score; 
Estimated worst slack/total negative slack<setup>: 0.175ns/0.000ns; real time: 7 secs 
Level 4, iteration 6
0(0.00%) conflict; 0(0.00%) untouched conn; 0 (nbr) score; 
Estimated worst slack/total negative slack<setup>: 0.175ns/0.000ns; real time: 7 secs 

Start NBR section for setup/hold timing optimization with effort level 3 at Sun Mar 29 15:17:29 BST 2026

Start NBR section for re-routing at Sun Mar 29 15:17:29 BST 2026
Level 4, iteration 1
0(0.00%) conflict; 0(0.00%) untouched conn; 0 (nbr) score; 
Estimated worst slack/total negative slack<setup>: 0.175ns/0.000ns; real time: 7 secs 

Start NBR section for post-routing at Sun Mar 29 15:17:29 BST 2026

End NBR router with 0 unrouted connection

NBR Summary
-----------
  Number of unrouted connections : 0 (0.00%)
  Number of connections with timing violations : 0 (0.00%)
  Estimated worst slack<setup> : 0.175ns
  Timing score<setup> : 0
-----------
Notes: The timing info is calculated for SETUP only and all PAR_ADJs are ignored.



Total CPU time 7 secs 
Total REAL time: 7 secs 
Completely routed.
End of route.  1924 routed (100.00%); 0 unrouted.

Hold time timing score: 0, hold timing errors: 0

Timing score: 0 

Dumping design to file Scope_impl1.dir/5_3.ncd.


PAR_SUMMARY::Run status = Completed
PAR_SUMMARY::Number of unrouted conns = 0
PAR_SUMMARY::Worst  slack<setup/<ns>> = 0.175
PAR_SUMMARY::Timing score<setup/<ns>> = 0.000
PAR_SUMMARY::Worst  slack<hold /<ns>> = 0.194
PAR_SUMMARY::Timing score<hold /<ns>> = 0.000
PAR_SUMMARY::Number of errors = 0

Total CPU  time to completion: 7 secs 
Total REAL time to completion: 7 secs 

par done!

Note: user must run 'Trace' for timing closure signoff.

Copyright (c) 1991-1994 by NeoCAD Inc. All rights reserved.
Copyright (c) 1995 AT&T Corp.   All rights reserved.
Copyright (c) 1995-2001 Lucent Technologies Inc.  All rights reserved.
Copyright (c) 2001 Agere Systems   All rights reserved.
Copyright (c) 2002-2024 Lattice Semiconductor Corporation,  All rights reserved.

Lattice Place and Route Report for Design "Scope_impl1_map.ncd"
Sun Mar 29 15:17:29 2026

PAR: Place And Route Diamond (64-bit) 3.14.0.75.2.
Command Line: par -w -l 5 -i 10 -t 4 -c 2 -e 5 -gui -msgset /home/charlie/scope/fpga/promote.xml -exp parUseNBR=1:parCDP=0:parCDR=0:parPathBased=ON:parASE=1:aseRouteInitSetupSlackThreshold=0.175 Scope_impl1_map.ncd Scope_impl1.dir/5_4.ncd Scope_impl1.prf
Preference file: Scope_impl1.prf.
Placement level-cost: 5-4.
Routing Iterations: 10

Loading design for application par from file /tmp/neo_lhR2Zu.
Design name: adc_ft601
NCD version: 3.3
Vendor:      LATTICE
Device:      LCMXO2-1200HC
Package:     TQFP100
Performance: 4
Package Status:                     Final          Version 1.44.
Performance Hardware Data Status:   Final          Version 36.4.
Device utilization summary:

   PIO (prelim)   69+4(JTAG)/108     68% used
                  69+4(JTAG)/80      91% bonded
   IOLOGIC           34/108          31% used

   SLICE            254/640          39% used

   EBR                4/7            57% used


Number of Signals: 695
Number of Connections: 1924
    <postMsg mid="61061045" type="Warning" dynamic="0" navigation="0"  />

Pin Constraint Summary:
   69 out of 69 pins locked (100% locked).

The following 1 signal is selected to use the primary clock routing resources:
    htclk_c (driver: htclk, clk load #: 150)


The following 4 signals are selected to use the secondary clock routing resources:
    htclk_c_enable_103 (driver: SLICE_193, clk load #: 0, sr load #: 0, ce load #: 32)
    counter_0 (driver: SLICE_13, clk load #: 0, sr load #: 1, ce load #: 23)
    htclk_c_enable_114 (driver: SLICE_193, clk load #: 0, sr load #: 16, ce load #: 3)
    htclk_c_enable_72 (driver: SLICE_191, clk load #: 0, sr load #: 0, ce load #: 16)

No signal is selected as Global Set/Reset.
Starting Placer Phase 0.
...........
Finished Placer Phase 0.  REAL time: 0 secs 

Starting Placer Phase 1.
....................
Placer score = 4994560.
Finished Placer Phase 1.  REAL time: 5 secs 

Starting Placer Phase 2.
.
Placer score =  5073848
Finished Placer Phase 2.  REAL time: 6 secs 


------------------ Clock Report ------------------

Global Clock Resources:
  CLK_PIN    : 1 out of 8 (12%)
  PLL        : 0 out of 1 (0%)
  DCM        : 0 out of 2 (0%)
  DCC        : 0 out of 8 (0%)

Global Clocks:
  PRIMARY "htclk_c" from comp "htclk" on CLK_PIN site "86 (PT12C)", clk load = 150
  SECONDARY "htclk_c_enable_103" from F1 on comp "SLICE_193" on site "R7C11D", clk load = 0, ce load = 32, sr load = 0
  SECONDARY "counter_0" from Q1 on comp "SLICE_13" on site "R10C6B", clk load = 0, ce load = 23, sr load = 1
  SECONDARY "htclk_c_enable_114" from F0 on comp "SLICE_193" on site "R7C11D", clk load = 0, ce load = 3, sr load = 16
  SECONDARY "htclk_c_enable_72" from F1 on comp "SLICE_191" on site "R10C8D", clk load = 0, ce load = 16, sr load = 0

  PRIMARY  : 1 out of 8 (12%)
  SECONDARY: 4 out of 8 (50%)

Edge Clocks:
  No edge clock selected.

--------------- End of Clock Report ---------------


I/O Usage Summary (final):
   69 + 4(JTAG) out of 108 (67.6%) PIO sites used.
   69 + 4(JTAG) out of 80 (91.2%) bonded PIO sites used.
   Number of PIO comps: 69; differential: 0.
   Number of Vref pins used: 0.

I/O Bank Usage Summary:
+----------+----------------+------------+-----------+
| I/O Bank | Usage          | Bank Vccio | Bank Vref |
+----------+----------------+------------+-----------+
| 0        | 14 / 19 ( 73%) | 3.3V       | -         |
| 1        | 21 / 21 (100%) | 3.3V       | -         |
| 2        | 14 / 20 ( 70%) | 3.3V       | -         |
| 3        | 20 / 20 (100%) | 3.3V       | -         |
+----------+----------------+------------+-----------+

Total placer CPU time: 5 secs 

Dumping design to file Scope_impl1.dir/5_4.ncd.

0 connections routed; 1924 unrouted.
Starting router resource preassignment

Completed router resource preassignment. Real time: 6 secs 

Start NBR router at Sun Mar 29 15:17:35 BST 2026

*****************************************************************
Info: NBR allows conflicts(one node used by more than one signal)
      in the earlier iterations. In each iteration, it tries to  
      solve the conflicts while keeping the critical connections 
      routed as short as possible. The routing process is said to
      be completed when no conflicts exist and all connections   
      are routed.                                                
Note: NBR uses a different method to calculate timing slacks. The
      worst slack and total negative slack may not be the same as
      that in TRCE report. You should always run TRCE to verify  
      your design.                                               
*****************************************************************

Start NBR special constraint process at Sun Mar 29 15:17:35 BST 2026

Start NBR section for initial routing at Sun Mar 29 15:17:35 BST 2026
Level 1, iteration 1
11(0.01%) conflicts; 1426(74.12%) untouched conns; 0 (nbr) score; 
Estimated worst slack/total negative slack<setup>: 0.027ns/0.000ns; real time: 6 secs 
Level 2, iteration 1
51(0.06%) conflicts; 1157(60.14%) untouched conns; 0 (nbr) score; 
Estimated worst slack/total negative slack<setup>: 0.003ns/0.000ns; real time: 6 secs 
Level 3, iteration 1
165(0.19%) conflicts; 291(15.12%) untouched conns; 285 (nbr) score; 
Estimated worst slack/total negative slack<setup>: -0.057ns/-0.285ns; real time: 7 secs 
Level 4, iteration 1
87(0.10%) conflicts; 0(0.00%) untouched conn; 439 (nbr) score; 
Estimated worst slack/total negative slack<setup>: -0.088ns/-0.440ns; real time: 7 secs 

Info: Initial congestion level at 75% usage is 0
Info: Initial congestion area  at 75% usage is 0 (0.00%)

*****************************************************************************
WARNING: The worst setup slack (-0.088ns) after initial routing exceeds the 
specified threshold 0.175 ns. This par run will be terminated.
*****************************************************************************


PAR_SUMMARY::Run status = Skipped
PAR_SUMMARY::Number of unrouted conns = <n/a>
PAR_SUMMARY::Worst  slack<setup/<ns>> = <n/a>
PAR_SUMMARY::Timing score<setup/<ns>> = <n/a>
PAR_SUMMARY::Worst  slack<hold /<ns>> = <n/a>
PAR_SUMMARY::Timing score<hold /<ns>> = <n/a>
PAR_SUMMARY::Number of errors = 0

Total CPU  time to completion: 6 secs 
Total REAL time to completion: 7 secs 

par failed!

Copyright (c) 1991-1994 by NeoCAD Inc. All rights reserved.
Copyright (c) 1995 AT&T Corp.   All rights reserved.
Copyright (c) 1995-2001 Lucent Technologies Inc.  All rights reserved.
Copyright (c) 2001 Agere Systems   All rights reserved.
Copyright (c) 2002-2024 Lattice Semiconductor Corporation,  All rights reserved.

Lattice Place and Route Report for Design "Scope_impl1_map.ncd"
Sun Mar 29 15:17:36 2026

PAR: Place And Route Diamond (64-bit) 3.14.0.75.2.
Command Line: par -w -l 5 -i 10 -t 5 -c 2 -e 5 -gui -msgset /home/charlie/scope/fpga/promote.xml -exp parUseNBR=1:parCDP=0:parCDR=0:parPathBased=ON:parASE=1:aseRouteInitSetupSlackThreshold=0.175 Scope_impl1_map.ncd Scope_impl1.dir/5_5.ncd Scope_impl1.prf
Preference file: Scope_impl1.prf.
Placement level-cost: 5-5.
Routing Iterations: 10

Loading design for application par from file /tmp/neo_lhR2Zu.
Design name: adc_ft601
NCD version: 3.3
Vendor:      LATTICE
Device:      LCMXO2-1200HC
Package:     TQFP100
Performance: 4
Package Status:                     Final          Version 1.44.
Performance Hardware Data Status:   Final          Version 36.4.
Device utilization summary:

   PIO (prelim)   69+4(JTAG)/108     68% used
                  69+4(JTAG)/80      91% bonded
   IOLOGIC           34/108          31% used

   SLICE            254/640          39% used

   EBR                4/7            57% used


Number of Signals: 695
Number of Connections: 1924
    <postMsg mid="61061045" type="Warning" dynamic="0" navigation="0"  />

Pin Constraint Summary:
   69 out of 69 pins locked (100% locked).

The following 1 signal is selected to use the primary clock routing resources:
    htclk_c (driver: htclk, clk load #: 150)


The following 4 signals are selected to use the secondary clock routing resources:
    htclk_c_enable_103 (driver: SLICE_193, clk load #: 0, sr load #: 0, ce load #: 32)
    counter_0 (driver: SLICE_13, clk load #: 0, sr load #: 1, ce load #: 23)
    htclk_c_enable_114 (driver: SLICE_193, clk load #: 0, sr load #: 16, ce load #: 3)
    htclk_c_enable_72 (driver: SLICE_191, clk load #: 0, sr load #: 0, ce load #: 16)

No signal is selected as Global Set/Reset.
Starting Placer Phase 0.
..........
Finished Placer Phase 0.  REAL time: 0 secs 

Starting Placer Phase 1.
....................
Placer score = 5946232.
Finished Placer Phase 1.  REAL time: 5 secs 

Starting Placer Phase 2.
.
Placer score =  5787273
Finished Placer Phase 2.  REAL time: 5 secs 


------------------ Clock Report ------------------

Global Clock Resources:
  CLK_PIN    : 1 out of 8 (12%)
  PLL        : 0 out of 1 (0%)
  DCM        : 0 out of 2 (0%)
  DCC        : 0 out of 8 (0%)

Global Clocks:
  PRIMARY "htclk_c" from comp "htclk" on CLK_PIN site "86 (PT12C)", clk load = 150
  SECONDARY "htclk_c_enable_103" from F1 on comp "SLICE_193" on site "R10C19B", clk load = 0, ce load = 32, sr load = 0
  SECONDARY "counter_0" from Q1 on comp "SLICE_13" on site "R10C18B", clk load = 0, ce load = 23, sr load = 1
  SECONDARY "htclk_c_enable_114" from F0 on comp "SLICE_193" on site "R10C19B", clk load = 0, ce load = 3, sr load = 16
  SECONDARY "htclk_c_enable_72" from F1 on comp "SLICE_191" on site "R10C19A", clk load = 0, ce load = 16, sr load = 0

  PRIMARY  : 1 out of 8 (12%)
  SECONDARY: 4 out of 8 (50%)

Edge Clocks:
  No edge clock selected.

--------------- End of Clock Report ---------------


I/O Usage Summary (final):
   69 + 4(JTAG) out of 108 (67.6%) PIO sites used.
   69 + 4(JTAG) out of 80 (91.2%) bonded PIO sites used.
   Number of PIO comps: 69; differential: 0.
   Number of Vref pins used: 0.

I/O Bank Usage Summary:
+----------+----------------+------------+-----------+
| I/O Bank | Usage          | Bank Vccio | Bank Vref |
+----------+----------------+------------+-----------+
| 0        | 14 / 19 ( 73%) | 3.3V       | -         |
| 1        | 21 / 21 (100%) | 3.3V       | -         |
| 2        | 14 / 20 ( 70%) | 3.3V       | -         |
| 3        | 20 / 20 (100%) | 3.3V       | -         |
+----------+----------------+------------+-----------+

Total placer CPU time: 5 secs 

Dumping design to file Scope_impl1.dir/5_5.ncd.

0 connections routed; 1924 unrouted.
Starting router resource preassignment

Completed router resource preassignment. Real time: 5 secs 

Start NBR router at Sun Mar 29 15:17:41 BST 2026

*****************************************************************
Info: NBR allows conflicts(one node used by more than one signal)
      in the earlier iterations. In each iteration, it tries to  
      solve the conflicts while keeping the critical connections 
      routed as short as possible. The routing process is said to
      be completed when no conflicts exist and all connections   
      are routed.                                                
Note: NBR uses a different method to calculate timing slacks. The
      worst slack and total negative slack may not be the same as
      that in TRCE report. You should always run TRCE to verify  
      your design.                                               
*****************************************************************

Start NBR special constraint process at Sun Mar 29 15:17:41 BST 2026

Start NBR section for initial routing at Sun Mar 29 15:17:41 BST 2026
Level 1, iteration 1
6(0.01%) conflicts; 1435(74.58%) untouched conns; 0 (nbr) score; 
Estimated worst slack/total negative slack<setup>: 0.240ns/0.000ns; real time: 5 secs 
Level 2, iteration 1
61(0.07%) conflicts; 1161(60.34%) untouched conns; 0 (nbr) score; 
Estimated worst slack/total negative slack<setup>: 0.528ns/0.000ns; real time: 6 secs 
Level 3, iteration 1
166(0.19%) conflicts; 274(14.24%) untouched conns; 0 (nbr) score; 
Estimated worst slack/total negative slack<setup>: 0.023ns/0.000ns; real time: 6 secs 
Level 4, iteration 1
70(0.08%) conflicts; 0(0.00%) untouched conn; 0 (nbr) score; 
Estimated worst slack/total negative slack<setup>: 0.030ns/0.000ns; real time: 6 secs 

Info: Initial congestion level at 75% usage is 0
Info: Initial congestion area  at 75% usage is 0 (0.00%)

*****************************************************************************
WARNING: The worst setup slack (0.030ns) after initial routing exceeds the 
specified threshold 0.175 ns. This par run will be terminated.
*****************************************************************************


PAR_SUMMARY::Run status = Skipped
PAR_SUMMARY::Number of unrouted conns = <n/a>
PAR_SUMMARY::Worst  slack<setup/<ns>> = <n/a>
PAR_SUMMARY::Timing score<setup/<ns>> = <n/a>
PAR_SUMMARY::Worst  slack<hold /<ns>> = <n/a>
PAR_SUMMARY::Timing score<hold /<ns>> = <n/a>
PAR_SUMMARY::Number of errors = 0

Total CPU  time to completion: 6 secs 
Total REAL time to completion: 6 secs 

par failed!

Copyright (c) 1991-1994 by NeoCAD Inc. All rights reserved.
Copyright (c) 1995 AT&T Corp.   All rights reserved.
Copyright (c) 1995-2001 Lucent Technologies Inc.  All rights reserved.
Copyright (c) 2001 Agere Systems   All rights reserved.
Copyright (c) 2002-2024 Lattice Semiconductor Corporation,  All rights reserved.
    <postMsg mid="60001138" type="Info"    dynamic="3" navigation="0" arg0="Iterations 5_2, 5_4, and 5_5" arg1="were" arg2="they"  />
Exiting par with exit code 0
Exiting mpartrce with exit code 0

trce -f "Scope_impl1.pt" -o "Scope_impl1.twr" "Scope_impl1.ncd" "Scope_impl1.prf"
trce:  version Diamond (64-bit) 3.14.0.75.2

Copyright (c) 1991-1994 by NeoCAD Inc. All rights reserved.
Copyright (c) 1995 AT&T Corp.   All rights reserved.
Copyright (c) 1995-2001 Lucent Technologies Inc.  All rights reserved.
Copyright (c) 2001 Agere Systems   All rights reserved.
Copyright (c) 2002-2024 Lattice Semiconductor Corporation,  All rights reserved.

Loading design for application trce from file Scope_impl1.ncd.
Design name: adc_ft601
NCD version: 3.3
Vendor:      LATTICE
Device:      LCMXO2-1200HC
Package:     TQFP100
Performance: 4
Loading device for application trce from file 'xo2c1200.nph' in environment: /home/charlie/lscc/diamond/3.14/ispfpga.
Package Status:                     Final          Version 1.44.
Performance Hardware Data Status:   Final          Version 36.4.
Setup and Hold Report

--------------------------------------------------------------------------------
Lattice TRACE Report - Setup, Version Diamond (64-bit) 3.14.0.75.2
Sun Mar 29 15:17:45 2026

Copyright (c) 1991-1994 by NeoCAD Inc. All rights reserved.
Copyright (c) 1995 AT&T Corp.   All rights reserved.
Copyright (c) 1995-2001 Lucent Technologies Inc.  All rights reserved.
Copyright (c) 2001 Agere Systems   All rights reserved.
Copyright (c) 2002-2024 Lattice Semiconductor Corporation,  All rights reserved.

Report Information
------------------
Command line:    trce -v 10 -gt -sethld -sp 4 -sphld m -o Scope_impl1.twr -gui -msgset /home/charlie/scope/fpga/promote.xml Scope_impl1.ncd Scope_impl1.prf 
Design file:     Scope_impl1.ncd
Preference file: Scope_impl1.prf
Device,speed:    LCMXO2-1200HC,4
Report level:    verbose report, limited to 10 items per preference
--------------------------------------------------------------------------------

BLOCK ASYNCPATHS
BLOCK RESETPATHS
--------------------------------------------------------------------------------



Timing summary (Setup):
---------------

Timing errors: 0  Score: 0
Cumulative negative slack: 0

Constraints cover 2982 paths, 1 nets, and 1850 connections (96.15% coverage)

--------------------------------------------------------------------------------
Lattice TRACE Report - Hold, Version Diamond (64-bit) 3.14.0.75.2
Sun Mar 29 15:17:45 2026

Copyright (c) 1991-1994 by NeoCAD Inc. All rights reserved.
Copyright (c) 1995 AT&T Corp.   All rights reserved.
Copyright (c) 1995-2001 Lucent Technologies Inc.  All rights reserved.
Copyright (c) 2001 Agere Systems   All rights reserved.
Copyright (c) 2002-2024 Lattice Semiconductor Corporation,  All rights reserved.

Report Information
------------------
Command line:    trce -v 10 -gt -sethld -sp 4 -sphld m -o Scope_impl1.twr -gui -msgset /home/charlie/scope/fpga/promote.xml Scope_impl1.ncd Scope_impl1.prf 
Design file:     Scope_impl1.ncd
Preference file: Scope_impl1.prf
Device,speed:    LCMXO2-1200HC,m
Report level:    verbose report, limited to 10 items per preference
--------------------------------------------------------------------------------

BLOCK ASYNCPATHS
BLOCK RESETPATHS
--------------------------------------------------------------------------------



Timing summary (Hold):
---------------

Timing errors: 0  Score: 0
Cumulative negative slack: 0

Constraints cover 2982 paths, 1 nets, and 1850 connections (96.15% coverage)



Timing summary (Setup and Hold):
---------------

Timing errors: 0 (setup), 0 (hold)
Score: 0 (setup), 0 (hold)
Cumulative negative slack: 0 (0+0)
--------------------------------------------------------------------------------

--------------------------------------------------------------------------------

Total CPU Time: 0 secs 
Total REAL Time: 0 secs 
Peak Memory Usage: 124 MB


iotiming  "Scope_impl1.ncd" "Scope_impl1.prf"
I/O Timing Report:
:  version Diamond (64-bit) 3.14.0.75.2

Copyright (c) 1991-1994 by NeoCAD Inc. All rights reserved.
Copyright (c) 1995 AT&T Corp.   All rights reserved.
Copyright (c) 1995-2001 Lucent Technologies Inc.  All rights reserved.
Copyright (c) 2001 Agere Systems   All rights reserved.
Copyright (c) 2002-2024 Lattice Semiconductor Corporation,  All rights reserved.

Loading design for application iotiming from file Scope_impl1.ncd.
Design name: adc_ft601
NCD version: 3.3
Vendor:      LATTICE
Device:      LCMXO2-1200HC
Package:     TQFP100
Performance: 4
Loading device for application iotiming from file 'xo2c1200.nph' in environment: /home/charlie/lscc/diamond/3.14/ispfpga.
Package Status:                     Final          Version 1.44.
Performance Hardware Data Status:   Final          Version 36.4.
Running Performance Grade: 4
Computing Setup Time ...
Computing Max Clock to Output Delay ...
Computing Hold Time ...
Computing Min Clock to Output Delay ...

Loading design for application iotiming from file Scope_impl1.ncd.
Design name: adc_ft601
NCD version: 3.3
Vendor:      LATTICE
Device:      LCMXO2-1200HC
Package:     TQFP100
Performance: 5
Package Status:                     Final          Version 1.44.
Performance Hardware Data Status:   Final          Version 36.4.
Running Performance Grade: 5
Computing Setup Time ...
Computing Max Clock to Output Delay ...
Computing Hold Time ...
Computing Min Clock to Output Delay ...

Loading design for application iotiming from file Scope_impl1.ncd.
Design name: adc_ft601
NCD version: 3.3
Vendor:      LATTICE
Device:      LCMXO2-1200HC
Package:     TQFP100
Performance: 6
Package Status:                     Final          Version 1.44.
Performance Hardware Data Status:   Final          Version 36.4.
Running Performance Grade: 6
Computing Setup Time ...
Computing Max Clock to Output Delay ...
Computing Hold Time ...
Computing Min Clock to Output Delay ...

Loading design for application iotiming from file Scope_impl1.ncd.
Design name: adc_ft601
NCD version: 3.3
Vendor:      LATTICE
Device:      LCMXO2-1200HC
Package:     TQFP100
Performance: M
Package Status:                     Final          Version 1.44.
Performance Hardware Data Status:   Final          Version 36.4.
Running Performance Grade: M
Computing Setup Time ...
Computing Max Clock to Output Delay ...
Computing Hold Time ...
Computing Min Clock to Output Delay ...
Done.

tmcheck -par "Scope_impl1.par" 

bitgen -f "Scope_impl1.t2b" -w "Scope_impl1.ncd"  -jedec "Scope_impl1.prf"


BITGEN: Bitstream Generator Diamond (64-bit) 3.14.0.75.2
Copyright (c) 1991-1994 by NeoCAD Inc. All rights reserved.
Copyright (c) 1995 AT&T Corp.   All rights reserved.
Copyright (c) 1995-2001 Lucent Technologies Inc.  All rights reserved.
Copyright (c) 2001 Agere Systems   All rights reserved.
Copyright (c) 2002-2024 Lattice Semiconductor Corporation,  All rights reserved.


Loading design for application Bitgen from file Scope_impl1.ncd.
Design name: adc_ft601
NCD version: 3.3
Vendor:      LATTICE
Device:      LCMXO2-1200HC
Package:     TQFP100
Performance: 4
Loading device for application Bitgen from file 'xo2c1200.nph' in environment: /home/charlie/lscc/diamond/3.14/ispfpga.
Package Status:                     Final          Version 1.44.
Performance Hardware Data Status:   Final          Version 36.4.

Running DRC.
DRC detected 0 errors and 0 warnings.
Reading Preference File from Scope_impl1.prf.
    <postMsg mid="1009992" type="Info"    dynamic="1" navigation="0" arg0=" SW_XO3D_SECURITY_ENCRYPTION *NOT* controlled by xo2c00.acd ###"  />
    <postMsg mid="1009992" type="Info"    dynamic="1" navigation="0" arg0=" SW_XO3D_SECURITY_ENCRYPTION license_securityIP OK"  />

Preference Summary:
+---------------------------------+---------------------------------+
|  Preference                     |  Current Setting                |
+---------------------------------+---------------------------------+
|                         RamCfg  |                        Reset**  |
+---------------------------------+---------------------------------+
|                     MCCLK_FREQ  |                         2.08**  |
+---------------------------------+---------------------------------+
|                  CONFIG_SECURE  |                          OFF**  |
+---------------------------------+---------------------------------+
|                          INBUF  |                           ON**  |
+---------------------------------+---------------------------------+
|                      JTAG_PORT  |                       ENABLE**  |
+---------------------------------+---------------------------------+
|                       SDM_PORT  |                       PROGRAMN  |
+---------------------------------+---------------------------------+
|                 SLAVE_SPI_PORT  |                         ENABLE  |
+---------------------------------+---------------------------------+
|                MASTER_SPI_PORT  |                      DISABLE**  |
+---------------------------------+---------------------------------+
|                       I2C_PORT  |                      DISABLE**  |
+---------------------------------+---------------------------------+
|        MUX_CONFIGURATION_PORTS  |                      DISABLE**  |
+---------------------------------+---------------------------------+
|                  CONFIGURATION  |                          CFG**  |
+---------------------------------+---------------------------------+
|                COMPRESS_CONFIG  |                            OFF  |
+---------------------------------+---------------------------------+
|                        MY_ASSP  |                          OFF**  |
+---------------------------------+---------------------------------+
|               ONE_TIME_PROGRAM  |                          OFF**  |
+---------------------------------+---------------------------------+
|                 ENABLE_TRANSFR  |                      DISABLE**  |
+---------------------------------+---------------------------------+
|                  SHAREDEBRINIT  |                      DISABLE**  |
+---------------------------------+---------------------------------+
|            BACKGROUND_RECONFIG  |                          OFF**  |
+---------------------------------+---------------------------------+
 *  Default setting.
 ** The specified setting matches the default setting.


Creating bit map...
 
Bitstream Status: Final           Version 1.95.
 
Saving bit stream in "Scope_impl1.jed".
 
===========
UFM Summary.
===========
UFM Size:        511 Pages (128*511 Bits).
UFM Utilization: General Purpose Flash Memory.
 
Available General Purpose Flash Memory:  511 Pages (Page 0 to Page 510).
Initialized UFM Pages:                     0 Page.
 
=========
Padding summary
=========
Padded 248704 bits for this design


Total CPU Time: 1 secs 
Total REAL Time: 0 secs 
Peak Memory Usage: 374 MB
