
Loading design for application trce from file Scope_impl1.ncd.
Design name: adc_ft601
NCD version: 3.3
Vendor:      LATTICE
Device:      LCMXO2-1200HC
Package:     TQFP100
Performance: 4
Loading device for application trce from file 'xo2c1200.nph' in environment: /home/charlie/lscc/diamond/3.14/ispfpga.
Package Status:                     Final          Version 1.44.
Performance Hardware Data Status:   Final          Version 36.4.
Setup and Hold Report

--------------------------------------------------------------------------------
Lattice TRACE Report - Setup, Version Diamond (64-bit) 3.14.0.75.2
Sun Mar 29 13:23:32 2026

Copyright (c) 1991-1994 by NeoCAD Inc. All rights reserved.
Copyright (c) 1995 AT&T Corp.   All rights reserved.
Copyright (c) 1995-2001 Lucent Technologies Inc.  All rights reserved.
Copyright (c) 2001 Agere Systems   All rights reserved.
Copyright (c) 2002-2024 Lattice Semiconductor Corporation,  All rights reserved.

Report Information
------------------
Command line:    trce -v 10 -gt -sethld -sp 4 -sphld m -o Scope_impl1.twr -gui -msgset /home/charlie/scope/fpga/promote.xml Scope_impl1.ncd Scope_impl1.prf 
Design file:     Scope_impl1.ncd
Preference file: Scope_impl1.prf
Device,speed:    LCMXO2-1200HC,4
Report level:    verbose report, limited to 10 items per preference
--------------------------------------------------------------------------------

BLOCK ASYNCPATHS
BLOCK RESETPATHS
--------------------------------------------------------------------------------



================================================================================
Preference: FREQUENCY PORT "htclk" 120.000000 MHz ;
            3789 items scored, 0 timing errors detected.
--------------------------------------------------------------------------------


Passed: The following path meets requirements by 0.039ns

 Logical Details:  Cell type  Pin type       Cell/ASIC name  (clock net +/-)

   Source:         FF         Q              crcData_i7  (from htclk_c +)
   Destination:    FF         Data in        ch_data_internal_i4  (to htclk_c +)

   Delay:               8.128ns  (36.2% logic, 63.8% route), 6 logic levels.

 Constraint Details:

      8.128ns physical path delay SLICE_70 to SLICE_37 meets
      8.333ns delay constraint less
      0.000ns skew and
      0.166ns DIN_SET requirement (totaling 8.167ns) by 0.039ns

 Physical Path Details:

      Data path SLICE_70 to SLICE_37:

   Name    Fanout   Delay (ns)          Site               Resource
REG_DEL     ---     0.454    R10C14C.CLK to     R10C14C.Q1 SLICE_70 (from htclk_c)
ROUTE         9     1.567     R10C14C.Q1 to      R7C15C.C0 crcData_7
CTOF_DEL    ---     0.497      R7C15C.C0 to      R7C15C.F0 crc32/SLICE_150
ROUTE         4     1.571      R7C15C.F0 to       R5C9A.D0 crc32/n4239
CTOF_DEL    ---     0.497       R5C9A.D0 to       R5C9A.F0 crc32/SLICE_222
ROUTE         1     0.630       R5C9A.F0 to       R5C9C.D0 crc32/n4245
CTOF_DEL    ---     0.497       R5C9C.D0 to       R5C9C.F0 crc32/SLICE_193
ROUTE         1     1.095       R5C9C.F0 to       R7C9D.B0 crc32/n4253
CTOF_DEL    ---     0.497       R7C9D.B0 to       R7C9D.F0 SLICE_85
ROUTE         2     0.326       R7C9D.F0 to       R7C9C.D0 crcOut_4
CTOF_DEL    ---     0.497       R7C9C.D0 to       R7C9C.F0 SLICE_37
ROUTE         1     0.000       R7C9C.F0 to      R7C9C.DI0 ch_data_internal_31_N_197_4 (to htclk_c)
                  --------
                    8.128   (36.2% logic, 63.8% route), 6 logic levels.

 Clock Skew Details: 

      Source Clock Path htclk to SLICE_70:

   Name    Fanout   Delay (ns)          Site               Resource
ROUTE       186     2.373       86.PADDI to    R10C14C.CLK htclk_c
                  --------
                    2.373   (0.0% logic, 100.0% route), 0 logic levels.

      Destination Clock Path htclk to SLICE_37:

   Name    Fanout   Delay (ns)          Site               Resource
ROUTE       186     2.373       86.PADDI to      R7C9C.CLK htclk_c
                  --------
                    2.373   (0.0% logic, 100.0% route), 0 logic levels.


Passed: The following path meets requirements by 0.402ns

 Logical Details:  Cell type  Pin type       Cell/ASIC name  (clock net +/-)

   Source:         FF         Q              crcIn_i2  (from htclk_c +)
   Destination:    FF         Data in        ch_data_internal_i4  (to htclk_c +)

   Delay:               7.765ns  (37.8% logic, 62.2% route), 6 logic levels.

 Constraint Details:

      7.765ns physical path delay SLICE_84 to SLICE_37 meets
      8.333ns delay constraint less
      0.000ns skew and
      0.166ns DIN_SET requirement (totaling 8.167ns) by 0.402ns

 Physical Path Details:

      Data path SLICE_84 to SLICE_37:

   Name    Fanout   Delay (ns)          Site               Resource
REG_DEL     ---     0.454      R7C7D.CLK to       R7C7D.Q0 SLICE_84 (from htclk_c)
ROUTE        12     1.204       R7C7D.Q0 to      R7C15C.D0 crcIn_2
CTOF_DEL    ---     0.497      R7C15C.D0 to      R7C15C.F0 crc32/SLICE_150
ROUTE         4     1.571      R7C15C.F0 to       R5C9A.D0 crc32/n4239
CTOF_DEL    ---     0.497       R5C9A.D0 to       R5C9A.F0 crc32/SLICE_222
ROUTE         1     0.630       R5C9A.F0 to       R5C9C.D0 crc32/n4245
CTOF_DEL    ---     0.497       R5C9C.D0 to       R5C9C.F0 crc32/SLICE_193
ROUTE         1     1.095       R5C9C.F0 to       R7C9D.B0 crc32/n4253
CTOF_DEL    ---     0.497       R7C9D.B0 to       R7C9D.F0 SLICE_85
ROUTE         2     0.326       R7C9D.F0 to       R7C9C.D0 crcOut_4
CTOF_DEL    ---     0.497       R7C9C.D0 to       R7C9C.F0 SLICE_37
ROUTE         1     0.000       R7C9C.F0 to      R7C9C.DI0 ch_data_internal_31_N_197_4 (to htclk_c)
                  --------
                    7.765   (37.8% logic, 62.2% route), 6 logic levels.

 Clock Skew Details: 

      Source Clock Path htclk to SLICE_84:

   Name    Fanout   Delay (ns)          Site               Resource
ROUTE       186     2.373       86.PADDI to      R7C7D.CLK htclk_c
                  --------
                    2.373   (0.0% logic, 100.0% route), 0 logic levels.

      Destination Clock Path htclk to SLICE_37:

   Name    Fanout   Delay (ns)          Site               Resource
ROUTE       186     2.373       86.PADDI to      R7C9C.CLK htclk_c
                  --------
                    2.373   (0.0% logic, 100.0% route), 0 logic levels.


Passed: The following path meets requirements by 0.465ns

 Logical Details:  Cell type  Pin type       Cell/ASIC name  (clock net +/-)

   Source:         FF         Q              crcIn_i20  (from htclk_c +)
   Destination:    FF         Data in        ch_data_internal_i30  (to htclk_c +)

   Delay:               7.702ns  (38.2% logic, 61.8% route), 6 logic levels.

 Constraint Details:

      7.702ns physical path delay SLICE_93 to SLICE_50 meets
      8.333ns delay constraint less
      0.000ns skew and
      0.166ns DIN_SET requirement (totaling 8.167ns) by 0.465ns

 Physical Path Details:

      Data path SLICE_93 to SLICE_50:

   Name    Fanout   Delay (ns)          Site               Resource
REG_DEL     ---     0.454     R9C21A.CLK to      R9C21A.Q0 SLICE_93 (from htclk_c)
ROUTE         3     1.943      R9C21A.Q0 to      R7C13C.A1 crcIn_20
CTOF_DEL    ---     0.497      R7C13C.A1 to      R7C13C.F1 crc32/SLICE_155
ROUTE         7     1.112      R7C13C.F1 to      R8C11B.D0 crc32/n5324
CTOF_DEL    ---     0.497      R8C11B.D0 to      R8C11B.F0 crc32/SLICE_159
ROUTE         1     0.439      R8C11B.F0 to      R8C11A.C0 crc32/n4447
CTOF_DEL    ---     0.497      R8C11A.C0 to      R8C11A.F0 crc32/SLICE_157
ROUTE         1     0.630      R8C11A.F0 to      R8C11C.D0 crc32/n4457
CTOF_DEL    ---     0.497      R8C11C.D0 to      R8C11C.F0 SLICE_98
ROUTE         2     0.639      R8C11C.F0 to      R8C11D.D0 crcOut_30
CTOF_DEL    ---     0.497      R8C11D.D0 to      R8C11D.F0 SLICE_50
ROUTE         1     0.000      R8C11D.F0 to     R8C11D.DI0 ch_data_internal_31_N_197_30 (to htclk_c)
                  --------
                    7.702   (38.2% logic, 61.8% route), 6 logic levels.

 Clock Skew Details: 

      Source Clock Path htclk to SLICE_93:

   Name    Fanout   Delay (ns)          Site               Resource
ROUTE       186     2.373       86.PADDI to     R9C21A.CLK htclk_c
                  --------
                    2.373   (0.0% logic, 100.0% route), 0 logic levels.

      Destination Clock Path htclk to SLICE_50:

   Name    Fanout   Delay (ns)          Site               Resource
ROUTE       186     2.373       86.PADDI to     R8C11D.CLK htclk_c
                  --------
                    2.373   (0.0% logic, 100.0% route), 0 logic levels.


Passed: The following path meets requirements by 0.490ns

 Logical Details:  Cell type  Pin type       Cell/ASIC name  (clock net +/-)

   Source:         FF         Q              crcIn_i20  (from htclk_c +)
   Destination:    FF         Data in        ch_data_internal_i27  (to htclk_c +)

   Delay:               7.677ns  (38.3% logic, 61.7% route), 6 logic levels.

 Constraint Details:

      7.677ns physical path delay SLICE_93 to SLICE_48 meets
      8.333ns delay constraint less
      0.000ns skew and
      0.166ns DIN_SET requirement (totaling 8.167ns) by 0.490ns

 Physical Path Details:

      Data path SLICE_93 to SLICE_48:

   Name    Fanout   Delay (ns)          Site               Resource
REG_DEL     ---     0.454     R9C21A.CLK to      R9C21A.Q0 SLICE_93 (from htclk_c)
ROUTE         3     1.943      R9C21A.Q0 to      R7C13C.A1 crcIn_20
CTOF_DEL    ---     0.497      R7C13C.A1 to      R7C13C.F1 crc32/SLICE_155
ROUTE         7     1.024      R7C13C.F1 to      R9C14B.D0 crc32/n5324
CTOF_DEL    ---     0.497      R9C14B.D0 to      R9C14B.F0 crc32/SLICE_239
ROUTE         1     0.748      R9C14B.F0 to      R9C15A.C0 crc32/n4479
CTOF_DEL    ---     0.497      R9C15A.C0 to      R9C15A.F0 crc32/SLICE_162
ROUTE         1     0.697      R9C15A.F0 to      R9C15B.B1 crc32/n4487
CTOF_DEL    ---     0.497      R9C15B.B1 to      R9C15B.F1 SLICE_96
ROUTE         2     0.326      R9C15B.F1 to      R9C15C.D1 crcOut_27
CTOF_DEL    ---     0.497      R9C15C.D1 to      R9C15C.F1 SLICE_48
ROUTE         1     0.000      R9C15C.F1 to     R9C15C.DI1 ch_data_internal_31_N_197_27 (to htclk_c)
                  --------
                    7.677   (38.3% logic, 61.7% route), 6 logic levels.

 Clock Skew Details: 

      Source Clock Path htclk to SLICE_93:

   Name    Fanout   Delay (ns)          Site               Resource
ROUTE       186     2.373       86.PADDI to     R9C21A.CLK htclk_c
                  --------
                    2.373   (0.0% logic, 100.0% route), 0 logic levels.

      Destination Clock Path htclk to SLICE_48:

   Name    Fanout   Delay (ns)          Site               Resource
ROUTE       186     2.373       86.PADDI to     R9C15C.CLK htclk_c
                  --------
                    2.373   (0.0% logic, 100.0% route), 0 logic levels.


Passed: The following path meets requirements by 0.501ns

 Logical Details:  Cell type  Pin type       Cell/ASIC name  (clock net +/-)

   Source:         FF         Q              crcData_i7  (from htclk_c +)
   Destination:    FF         Data in        ch_data_internal_i15  (to htclk_c +)

   Delay:               7.666ns  (31.9% logic, 68.1% route), 5 logic levels.

 Constraint Details:

      7.666ns physical path delay SLICE_70 to SLICE_42 meets
      8.333ns delay constraint less
      0.000ns skew and
      0.166ns DIN_SET requirement (totaling 8.167ns) by 0.501ns

 Physical Path Details:

      Data path SLICE_70 to SLICE_42:

   Name    Fanout   Delay (ns)          Site               Resource
REG_DEL     ---     0.454    R10C14C.CLK to     R10C14C.Q1 SLICE_70 (from htclk_c)
ROUTE         9     1.567     R10C14C.Q1 to      R7C15C.C0 crcData_7
CTOF_DEL    ---     0.497      R7C15C.C0 to      R7C15C.F0 crc32/SLICE_150
ROUTE         4     0.989      R7C15C.F0 to      R7C12D.D1 crc32/n4239
CTOF_DEL    ---     0.497      R7C12D.D1 to      R7C12D.F1 crc32/SLICE_186
ROUTE         1     2.029      R7C12D.F1 to       R8C9C.C1 crc32/n4115
CTOF_DEL    ---     0.497       R8C9C.C1 to       R8C9C.F1 SLICE_90
ROUTE         2     0.639       R8C9C.F1 to       R8C9D.D1 crcOut_15
CTOF_DEL    ---     0.497       R8C9D.D1 to       R8C9D.F1 SLICE_42
ROUTE         1     0.000       R8C9D.F1 to      R8C9D.DI1 ch_data_internal_31_N_197_15 (to htclk_c)
                  --------
                    7.666   (31.9% logic, 68.1% route), 5 logic levels.

 Clock Skew Details: 

      Source Clock Path htclk to SLICE_70:

   Name    Fanout   Delay (ns)          Site               Resource
ROUTE       186     2.373       86.PADDI to    R10C14C.CLK htclk_c
                  --------
                    2.373   (0.0% logic, 100.0% route), 0 logic levels.

      Destination Clock Path htclk to SLICE_42:

   Name    Fanout   Delay (ns)          Site               Resource
ROUTE       186     2.373       86.PADDI to      R8C9D.CLK htclk_c
                  --------
                    2.373   (0.0% logic, 100.0% route), 0 logic levels.


Passed: The following path meets requirements by 0.511ns

 Logical Details:  Cell type  Pin type       Cell/ASIC name  (clock net +/-)

   Source:         FF         Q              crcIn_i25  (from htclk_c +)
   Destination:    FF         Data in        ch_data_internal_i18  (to htclk_c +)

   Delay:               7.656ns  (38.4% logic, 61.6% route), 6 logic levels.

 Constraint Details:

      7.656ns physical path delay SLICE_95 to SLICE_44 meets
      8.333ns delay constraint less
      0.000ns skew and
      0.166ns DIN_SET requirement (totaling 8.167ns) by 0.511ns

 Physical Path Details:

      Data path SLICE_95 to SLICE_44:

   Name    Fanout   Delay (ns)          Site               Resource
REG_DEL     ---     0.454    R10C11B.CLK to     R10C11B.Q1 SLICE_95 (from htclk_c)
ROUTE         9     1.314     R10C11B.Q1 to       R7C9B.C0 crcIn_25
CTOF_DEL    ---     0.497       R7C9B.C0 to       R7C9B.F0 crc32/SLICE_205
ROUTE         5     1.382       R7C9B.F0 to       R8C8C.B0 crc32/n5310
CTOF_DEL    ---     0.497       R8C8C.B0 to       R8C8C.F0 crc32/SLICE_180
ROUTE         1     0.630       R8C8C.F0 to       R8C8A.D0 crc32/n4551
CTOF_DEL    ---     0.497       R8C8A.D0 to       R8C8A.F0 crc32/SLICE_178
ROUTE         1     0.630       R8C8A.F0 to       R8C8D.D0 crc32/n4553
CTOF_DEL    ---     0.497       R8C8D.D0 to       R8C8D.F0 SLICE_92
ROUTE         2     0.761       R8C8D.F0 to       R8C8B.C0 crcOut_18
CTOF_DEL    ---     0.497       R8C8B.C0 to       R8C8B.F0 SLICE_44
ROUTE         1     0.000       R8C8B.F0 to      R8C8B.DI0 ch_data_internal_31_N_197_18 (to htclk_c)
                  --------
                    7.656   (38.4% logic, 61.6% route), 6 logic levels.

 Clock Skew Details: 

      Source Clock Path htclk to SLICE_95:

   Name    Fanout   Delay (ns)          Site               Resource
ROUTE       186     2.373       86.PADDI to    R10C11B.CLK htclk_c
                  --------
                    2.373   (0.0% logic, 100.0% route), 0 logic levels.

      Destination Clock Path htclk to SLICE_44:

   Name    Fanout   Delay (ns)          Site               Resource
ROUTE       186     2.373       86.PADDI to      R8C8B.CLK htclk_c
                  --------
                    2.373   (0.0% logic, 100.0% route), 0 logic levels.


Passed: The following path meets requirements by 0.523ns

 Logical Details:  Cell type  Pin type       Cell/ASIC name  (clock net +/-)

   Source:         FF         Q              crcIn_i24  (from htclk_c +)
   Destination:    FF         Data in        ch_data_internal_i18  (to htclk_c +)

   Delay:               7.644ns  (38.4% logic, 61.6% route), 6 logic levels.

 Constraint Details:

      7.644ns physical path delay SLICE_95 to SLICE_44 meets
      8.333ns delay constraint less
      0.000ns skew and
      0.166ns DIN_SET requirement (totaling 8.167ns) by 0.523ns

 Physical Path Details:

      Data path SLICE_95 to SLICE_44:

   Name    Fanout   Delay (ns)          Site               Resource
REG_DEL     ---     0.454    R10C11B.CLK to     R10C11B.Q0 SLICE_95 (from htclk_c)
ROUTE         8     1.503     R10C11B.Q0 to      R8C13C.B1 crcIn_24
CTOF_DEL    ---     0.497      R8C13C.B1 to      R8C13C.F1 crc32/SLICE_158
ROUTE         5     1.181      R8C13C.F1 to       R8C8C.D0 crc32/n5332
CTOF_DEL    ---     0.497       R8C8C.D0 to       R8C8C.F0 crc32/SLICE_180
ROUTE         1     0.630       R8C8C.F0 to       R8C8A.D0 crc32/n4551
CTOF_DEL    ---     0.497       R8C8A.D0 to       R8C8A.F0 crc32/SLICE_178
ROUTE         1     0.630       R8C8A.F0 to       R8C8D.D0 crc32/n4553
CTOF_DEL    ---     0.497       R8C8D.D0 to       R8C8D.F0 SLICE_92
ROUTE         2     0.761       R8C8D.F0 to       R8C8B.C0 crcOut_18
CTOF_DEL    ---     0.497       R8C8B.C0 to       R8C8B.F0 SLICE_44
ROUTE         1     0.000       R8C8B.F0 to      R8C8B.DI0 ch_data_internal_31_N_197_18 (to htclk_c)
                  --------
                    7.644   (38.4% logic, 61.6% route), 6 logic levels.

 Clock Skew Details: 

      Source Clock Path htclk to SLICE_95:

   Name    Fanout   Delay (ns)          Site               Resource
ROUTE       186     2.373       86.PADDI to    R10C11B.CLK htclk_c
                  --------
                    2.373   (0.0% logic, 100.0% route), 0 logic levels.

      Destination Clock Path htclk to SLICE_44:

   Name    Fanout   Delay (ns)          Site               Resource
ROUTE       186     2.373       86.PADDI to      R8C8B.CLK htclk_c
                  --------
                    2.373   (0.0% logic, 100.0% route), 0 logic levels.


Passed: The following path meets requirements by 0.531ns

 Logical Details:  Cell type  Pin type       Cell/ASIC name  (clock net +/-)

   Source:         FF         Q              crcData_i0  (from htclk_c +)
   Destination:    FF         Data in        ch_data_internal_i19  (to htclk_c +)

   Delay:               7.636ns  (32.0% logic, 68.0% route), 5 logic levels.

 Constraint Details:

      7.636ns physical path delay SLICE_67 to SLICE_44 meets
      8.333ns delay constraint less
      0.000ns skew and
      0.166ns DIN_SET requirement (totaling 8.167ns) by 0.531ns

 Physical Path Details:

      Data path SLICE_67 to SLICE_44:

   Name    Fanout   Delay (ns)          Site               Resource
REG_DEL     ---     0.454     R9C10B.CLK to      R9C10B.Q0 SLICE_67 (from htclk_c)
ROUTE        15     1.851      R9C10B.Q0 to      R9C19D.A1 crcData_0
CTOF_DEL    ---     0.497      R9C19D.A1 to      R9C19D.F1 crc32/SLICE_172
ROUTE         2     1.675      R9C19D.F1 to       R9C8C.D0 crc32/n5286
CTOF_DEL    ---     0.497       R9C8C.D0 to       R9C8C.F0 crc32/SLICE_175
ROUTE         1     1.029       R9C8C.F0 to       R8C8D.B1 crc32/n4425
CTOF_DEL    ---     0.497       R8C8D.B1 to       R8C8D.F1 SLICE_92
ROUTE         2     0.639       R8C8D.F1 to       R8C8B.D1 crcOut_19
CTOF_DEL    ---     0.497       R8C8B.D1 to       R8C8B.F1 SLICE_44
ROUTE         1     0.000       R8C8B.F1 to      R8C8B.DI1 ch_data_internal_31_N_197_19 (to htclk_c)
                  --------
                    7.636   (32.0% logic, 68.0% route), 5 logic levels.

 Clock Skew Details: 

      Source Clock Path htclk to SLICE_67:

   Name    Fanout   Delay (ns)          Site               Resource
ROUTE       186     2.373       86.PADDI to     R9C10B.CLK htclk_c
                  --------
                    2.373   (0.0% logic, 100.0% route), 0 logic levels.

      Destination Clock Path htclk to SLICE_44:

   Name    Fanout   Delay (ns)          Site               Resource
ROUTE       186     2.373       86.PADDI to      R8C8B.CLK htclk_c
                  --------
                    2.373   (0.0% logic, 100.0% route), 0 logic levels.


Passed: The following path meets requirements by 0.542ns

 Logical Details:  Cell type  Pin type       Cell/ASIC name  (clock net +/-)

   Source:         FF         Q              crcData_i28  (from htclk_c +)
   Destination:    FF         Data in        ch_data_internal_i18  (to htclk_c +)

   Delay:               7.625ns  (38.5% logic, 61.5% route), 6 logic levels.

 Constraint Details:

      7.625ns physical path delay SLICE_81 to SLICE_44 meets
      8.333ns delay constraint less
      0.000ns skew and
      0.166ns DIN_SET requirement (totaling 8.167ns) by 0.542ns

 Physical Path Details:

      Data path SLICE_81 to SLICE_44:

   Name    Fanout   Delay (ns)          Site               Resource
REG_DEL     ---     0.454     R7C13A.CLK to      R7C13A.Q0 SLICE_81 (from htclk_c)
ROUTE         6     1.606      R7C13A.Q0 to       R8C6C.C0 crcData_28
CTOF_DEL    ---     0.497       R8C6C.C0 to       R8C6C.F0 crc32/SLICE_242
ROUTE         1     0.992       R8C6C.F0 to       R8C8A.A1 crc32/n4535
CTOF_DEL    ---     0.497       R8C8A.A1 to       R8C8A.F1 crc32/SLICE_178
ROUTE         1     0.697       R8C8A.F1 to       R8C8A.B0 crc32/n4541
CTOF_DEL    ---     0.497       R8C8A.B0 to       R8C8A.F0 crc32/SLICE_178
ROUTE         1     0.630       R8C8A.F0 to       R8C8D.D0 crc32/n4553
CTOF_DEL    ---     0.497       R8C8D.D0 to       R8C8D.F0 SLICE_92
ROUTE         2     0.761       R8C8D.F0 to       R8C8B.C0 crcOut_18
CTOF_DEL    ---     0.497       R8C8B.C0 to       R8C8B.F0 SLICE_44
ROUTE         1     0.000       R8C8B.F0 to      R8C8B.DI0 ch_data_internal_31_N_197_18 (to htclk_c)
                  --------
                    7.625   (38.5% logic, 61.5% route), 6 logic levels.

 Clock Skew Details: 

      Source Clock Path htclk to SLICE_81:

   Name    Fanout   Delay (ns)          Site               Resource
ROUTE       186     2.373       86.PADDI to     R7C13A.CLK htclk_c
                  --------
                    2.373   (0.0% logic, 100.0% route), 0 logic levels.

      Destination Clock Path htclk to SLICE_44:

   Name    Fanout   Delay (ns)          Site               Resource
ROUTE       186     2.373       86.PADDI to      R8C8B.CLK htclk_c
                  --------
                    2.373   (0.0% logic, 100.0% route), 0 logic levels.


Passed: The following path meets requirements by 0.544ns

 Logical Details:  Cell type  Pin type       Cell/ASIC name  (clock net +/-)

   Source:         FF         Q              crcData_i12  (from htclk_c +)
   Destination:    FF         Data in        ch_data_internal_i18  (to htclk_c +)

   Delay:               7.623ns  (38.6% logic, 61.4% route), 6 logic levels.

 Constraint Details:

      7.623ns physical path delay SLICE_73 to SLICE_44 meets
      8.333ns delay constraint less
      0.000ns skew and
      0.166ns DIN_SET requirement (totaling 8.167ns) by 0.544ns

 Physical Path Details:

      Data path SLICE_73 to SLICE_44:

   Name    Fanout   Delay (ns)          Site               Resource
REG_DEL     ---     0.454     R7C16D.CLK to      R7C16D.Q0 SLICE_73 (from htclk_c)
ROUTE         5     2.224      R7C16D.Q0 to       R8C8C.A1 crcData_12
CTOF_DEL    ---     0.497       R8C8C.A1 to       R8C8C.F1 crc32/SLICE_180
ROUTE         1     0.439       R8C8C.F1 to       R8C8C.C0 crc32/n5291
CTOF_DEL    ---     0.497       R8C8C.C0 to       R8C8C.F0 crc32/SLICE_180
ROUTE         1     0.630       R8C8C.F0 to       R8C8A.D0 crc32/n4551
CTOF_DEL    ---     0.497       R8C8A.D0 to       R8C8A.F0 crc32/SLICE_178
ROUTE         1     0.630       R8C8A.F0 to       R8C8D.D0 crc32/n4553
CTOF_DEL    ---     0.497       R8C8D.D0 to       R8C8D.F0 SLICE_92
ROUTE         2     0.761       R8C8D.F0 to       R8C8B.C0 crcOut_18
CTOF_DEL    ---     0.497       R8C8B.C0 to       R8C8B.F0 SLICE_44
ROUTE         1     0.000       R8C8B.F0 to      R8C8B.DI0 ch_data_internal_31_N_197_18 (to htclk_c)
                  --------
                    7.623   (38.6% logic, 61.4% route), 6 logic levels.

 Clock Skew Details: 

      Source Clock Path htclk to SLICE_73:

   Name    Fanout   Delay (ns)          Site               Resource
ROUTE       186     2.373       86.PADDI to     R7C16D.CLK htclk_c
                  --------
                    2.373   (0.0% logic, 100.0% route), 0 logic levels.

      Destination Clock Path htclk to SLICE_44:

   Name    Fanout   Delay (ns)          Site               Resource
ROUTE       186     2.373       86.PADDI to      R8C8B.CLK htclk_c
                  --------
                    2.373   (0.0% logic, 100.0% route), 0 logic levels.

Report:  120.569MHz is the maximum frequency for this preference.

Report Summary
--------------
----------------------------------------------------------------------------
Preference                              |   Constraint|       Actual|Levels
----------------------------------------------------------------------------
                                        |             |             |
FREQUENCY PORT "htclk" 120.000000 MHz ; |  120.000 MHz|  120.569 MHz|   6  
                                        |             |             |
----------------------------------------------------------------------------


All preferences were met.


Clock Domains Analysis
------------------------

Found 1 clocks:

Clock Domain: htclk_c   Source: htclk.PAD   Loads: 186
   Covered under: FREQUENCY PORT "htclk" 120.000000 MHz ;


Timing summary (Setup):
---------------

Timing errors: 0  Score: 0
Cumulative negative slack: 0

Constraints cover 3789 paths, 1 nets, and 2163 connections (98.10% coverage)

--------------------------------------------------------------------------------
Lattice TRACE Report - Hold, Version Diamond (64-bit) 3.14.0.75.2
Sun Mar 29 13:23:32 2026

Copyright (c) 1991-1994 by NeoCAD Inc. All rights reserved.
Copyright (c) 1995 AT&T Corp.   All rights reserved.
Copyright (c) 1995-2001 Lucent Technologies Inc.  All rights reserved.
Copyright (c) 2001 Agere Systems   All rights reserved.
Copyright (c) 2002-2024 Lattice Semiconductor Corporation,  All rights reserved.

Report Information
------------------
Command line:    trce -v 10 -gt -sethld -sp 4 -sphld m -o Scope_impl1.twr -gui -msgset /home/charlie/scope/fpga/promote.xml Scope_impl1.ncd Scope_impl1.prf 
Design file:     Scope_impl1.ncd
Preference file: Scope_impl1.prf
Device,speed:    LCMXO2-1200HC,m
Report level:    verbose report, limited to 10 items per preference
--------------------------------------------------------------------------------

BLOCK ASYNCPATHS
BLOCK RESETPATHS
--------------------------------------------------------------------------------



================================================================================
Preference: FREQUENCY PORT "htclk" 120.000000 MHz ;
            3789 items scored, 0 timing errors detected.
--------------------------------------------------------------------------------


Passed: The following path meets requirements by 0.195ns

 Logical Details:  Cell type  Pin type       Cell/ASIC name  (clock net +/-)

   Source:         FF         Q              ram_data_in_i0_i10  (from htclk_c +)
   Destination:    DP8KC      Port           ram/ram_0_1_2(ASIC)  (to htclk_c +)

   Delay:               0.299ns  (43.8% logic, 56.2% route), 1 logic levels.

 Constraint Details:

      0.299ns physical path delay SLICE_110 to ram/ram_0_1_2 meets
      0.051ns DATA_HLD and
      0.000ns delay constraint less
     -0.053ns skew requirement (totaling 0.104ns) by 0.195ns

 Physical Path Details:

      Data path SLICE_110 to ram/ram_0_1_2:

   Name    Fanout   Delay (ns)          Site               Resource
REG_DEL     ---     0.131      R4C8B.CLK to       R4C8B.Q0 SLICE_110 (from htclk_c)
ROUTE         1     0.168       R4C8B.Q0 to  EBR_R6C7.DIA1 ram_data_in_10 (to htclk_c)
                  --------
                    0.299   (43.8% logic, 56.2% route), 1 logic levels.

 Clock Skew Details: 

      Source Clock Path htclk to SLICE_110:

   Name    Fanout   Delay (ns)          Site               Resource
ROUTE       186     0.798       86.PADDI to      R4C8B.CLK htclk_c
                  --------
                    0.798   (0.0% logic, 100.0% route), 0 logic levels.

      Destination Clock Path htclk to ram/ram_0_1_2:

   Name    Fanout   Delay (ns)          Site               Resource
ROUTE       186     0.851       86.PADDI to  EBR_R6C7.CLKA htclk_c
                  --------
                    0.851   (0.0% logic, 100.0% route), 0 logic levels.


Passed: The following path meets requirements by 0.196ns

 Logical Details:  Cell type  Pin type       Cell/ASIC name  (clock net +/-)

   Source:         FF         Q              ram_write_addr_278__i2  (from htclk_c +)
   Destination:    DP8KC      Port           ram/ram_0_0_3(ASIC)  (to htclk_c +)

   Delay:               0.301ns  (43.5% logic, 56.5% route), 1 logic levels.

 Constraint Details:

      0.301ns physical path delay SLICE_28 to ram/ram_0_0_3 meets
      0.052ns ADDR_HLD and
      0.000ns delay constraint less
     -0.053ns skew requirement (totaling 0.105ns) by 0.196ns

 Physical Path Details:

      Data path SLICE_28 to ram/ram_0_0_3:

   Name    Fanout   Delay (ns)          Site               Resource
REG_DEL     ---     0.131      R5C6B.CLK to       R5C6B.Q1 SLICE_28 (from htclk_c)
ROUTE         6     0.170       R5C6B.Q1 to  EBR_R6C4.ADA5 ram_write_addr_2 (to htclk_c)
                  --------
                    0.301   (43.5% logic, 56.5% route), 1 logic levels.

 Clock Skew Details: 

      Source Clock Path htclk to SLICE_28:

   Name    Fanout   Delay (ns)          Site               Resource
ROUTE       186     0.798       86.PADDI to      R5C6B.CLK htclk_c
                  --------
                    0.798   (0.0% logic, 100.0% route), 0 logic levels.

      Destination Clock Path htclk to ram/ram_0_0_3:

   Name    Fanout   Delay (ns)          Site               Resource
ROUTE       186     0.851       86.PADDI to  EBR_R6C4.CLKA htclk_c
                  --------
                    0.851   (0.0% logic, 100.0% route), 0 logic levels.


Passed: The following path meets requirements by 0.232ns

 Logical Details:  Cell type  Pin type       Cell/ASIC name  (clock net +/-)

   Source:         FF         Q              ram_write_addr_278__i1  (from htclk_c +)
   Destination:    DP8KC      Port           ram/ram_0_0_3(ASIC)  (to htclk_c +)

   Delay:               0.337ns  (38.9% logic, 61.1% route), 1 logic levels.

 Constraint Details:

      0.337ns physical path delay SLICE_28 to ram/ram_0_0_3 meets
      0.052ns ADDR_HLD and
      0.000ns delay constraint less
     -0.053ns skew requirement (totaling 0.105ns) by 0.232ns

 Physical Path Details:

      Data path SLICE_28 to ram/ram_0_0_3:

   Name    Fanout   Delay (ns)          Site               Resource
REG_DEL     ---     0.131      R5C6B.CLK to       R5C6B.Q0 SLICE_28 (from htclk_c)
ROUTE         6     0.206       R5C6B.Q0 to  EBR_R6C4.ADA4 ram_write_addr_1 (to htclk_c)
                  --------
                    0.337   (38.9% logic, 61.1% route), 1 logic levels.

 Clock Skew Details: 

      Source Clock Path htclk to SLICE_28:

   Name    Fanout   Delay (ns)          Site               Resource
ROUTE       186     0.798       86.PADDI to      R5C6B.CLK htclk_c
                  --------
                    0.798   (0.0% logic, 100.0% route), 0 logic levels.

      Destination Clock Path htclk to ram/ram_0_0_3:

   Name    Fanout   Delay (ns)          Site               Resource
ROUTE       186     0.851       86.PADDI to  EBR_R6C4.CLKA htclk_c
                  --------
                    0.851   (0.0% logic, 100.0% route), 0 logic levels.


Passed: The following path meets requirements by 0.276ns

 Logical Details:  Cell type  Pin type       Cell/ASIC name  (clock net +/-)

   Source:         FF         Q              ram_data_in_i0_i0  (from htclk_c +)
   Destination:    DP8KC      Port           ram/ram_0_0_3(ASIC)  (to htclk_c +)

   Delay:               0.380ns  (34.5% logic, 65.5% route), 1 logic levels.

 Constraint Details:

      0.380ns physical path delay SLICE_105 to ram/ram_0_0_3 meets
      0.051ns DATA_HLD and
      0.000ns delay constraint less
     -0.053ns skew requirement (totaling 0.104ns) by 0.276ns

 Physical Path Details:

      Data path SLICE_105 to ram/ram_0_0_3:

   Name    Fanout   Delay (ns)          Site               Resource
REG_DEL     ---     0.131      R4C7A.CLK to       R4C7A.Q0 SLICE_105 (from htclk_c)
ROUTE         1     0.249       R4C7A.Q0 to  EBR_R6C4.DIA0 ram_data_in_0 (to htclk_c)
                  --------
                    0.380   (34.5% logic, 65.5% route), 1 logic levels.

 Clock Skew Details: 

      Source Clock Path htclk to SLICE_105:

   Name    Fanout   Delay (ns)          Site               Resource
ROUTE       186     0.798       86.PADDI to      R4C7A.CLK htclk_c
                  --------
                    0.798   (0.0% logic, 100.0% route), 0 logic levels.

      Destination Clock Path htclk to ram/ram_0_0_3:

   Name    Fanout   Delay (ns)          Site               Resource
ROUTE       186     0.851       86.PADDI to  EBR_R6C4.CLKA htclk_c
                  --------
                    0.851   (0.0% logic, 100.0% route), 0 logic levels.


Passed: The following path meets requirements by 0.296ns

 Logical Details:  Cell type  Pin type       Cell/ASIC name  (clock net +/-)

   Source:         FF         Q              ram_read_addr_274__i1  (from htclk_c +)
   Destination:    DP8KC      Port           ram/ram_0_3_0(ASIC)  (to htclk_c +)

   Delay:               0.420ns  (31.2% logic, 68.8% route), 1 logic levels.

 Constraint Details:

      0.420ns physical path delay SLICE_4 to ram/ram_0_3_0 meets
      0.071ns ADDR_HLD and
      0.000ns delay constraint less
     -0.053ns skew requirement (totaling 0.124ns) by 0.296ns

 Physical Path Details:

      Data path SLICE_4 to ram/ram_0_3_0:

   Name    Fanout   Delay (ns)          Site               Resource
REG_DEL     ---     0.131     R5C17B.CLK to      R5C17B.Q0 SLICE_4 (from htclk_c)
ROUTE         5     0.289      R5C17B.Q0 to EBR_R6C14.ADB4 ram_read_addr_1 (to htclk_c)
                  --------
                    0.420   (31.2% logic, 68.8% route), 1 logic levels.

 Clock Skew Details: 

      Source Clock Path htclk to SLICE_4:

   Name    Fanout   Delay (ns)          Site               Resource
ROUTE       186     0.798       86.PADDI to     R5C17B.CLK htclk_c
                  --------
                    0.798   (0.0% logic, 100.0% route), 0 logic levels.

      Destination Clock Path htclk to ram/ram_0_3_0:

   Name    Fanout   Delay (ns)          Site               Resource
ROUTE       186     0.851       86.PADDI to EBR_R6C14.CLKB htclk_c
                  --------
                    0.851   (0.0% logic, 100.0% route), 0 logic levels.


Passed: The following path meets requirements by 0.298ns

 Logical Details:  Cell type  Pin type       Cell/ASIC name  (clock net +/-)

   Source:         FF         Q              ram_data_in_i0_i3  (from htclk_c +)
   Destination:    DP8KC      Port           ram/ram_0_0_3(ASIC)  (to htclk_c +)

   Delay:               0.402ns  (32.6% logic, 67.4% route), 1 logic levels.

 Constraint Details:

      0.402ns physical path delay SLICE_106 to ram/ram_0_0_3 meets
      0.051ns DATA_HLD and
      0.000ns delay constraint less
     -0.053ns skew requirement (totaling 0.104ns) by 0.298ns

 Physical Path Details:

      Data path SLICE_106 to ram/ram_0_0_3:

   Name    Fanout   Delay (ns)          Site               Resource
REG_DEL     ---     0.131      R4C7D.CLK to       R4C7D.Q1 SLICE_106 (from htclk_c)
ROUTE         1     0.271       R4C7D.Q1 to  EBR_R6C4.DIA3 ram_data_in_3 (to htclk_c)
                  --------
                    0.402   (32.6% logic, 67.4% route), 1 logic levels.

 Clock Skew Details: 

      Source Clock Path htclk to SLICE_106:

   Name    Fanout   Delay (ns)          Site               Resource
ROUTE       186     0.798       86.PADDI to      R4C7D.CLK htclk_c
                  --------
                    0.798   (0.0% logic, 100.0% route), 0 logic levels.

      Destination Clock Path htclk to ram/ram_0_0_3:

   Name    Fanout   Delay (ns)          Site               Resource
ROUTE       186     0.851       86.PADDI to  EBR_R6C4.CLKA htclk_c
                  --------
                    0.851   (0.0% logic, 100.0% route), 0 logic levels.


Passed: The following path meets requirements by 0.298ns

 Logical Details:  Cell type  Pin type       Cell/ASIC name  (clock net +/-)

   Source:         FF         Q              ram_data_in_i0_i8  (from htclk_c +)
   Destination:    DP8KC      Port           ram/ram_0_0_3(ASIC)  (to htclk_c +)

   Delay:               0.402ns  (32.6% logic, 67.4% route), 1 logic levels.

 Constraint Details:

      0.402ns physical path delay SLICE_109 to ram/ram_0_0_3 meets
      0.051ns DATA_HLD and
      0.000ns delay constraint less
     -0.053ns skew requirement (totaling 0.104ns) by 0.298ns

 Physical Path Details:

      Data path SLICE_109 to ram/ram_0_0_3:

   Name    Fanout   Delay (ns)          Site               Resource
REG_DEL     ---     0.131      R4C8A.CLK to       R4C8A.Q0 SLICE_109 (from htclk_c)
ROUTE         1     0.271       R4C8A.Q0 to  EBR_R6C4.DIA8 ram_data_in_8 (to htclk_c)
                  --------
                    0.402   (32.6% logic, 67.4% route), 1 logic levels.

 Clock Skew Details: 

      Source Clock Path htclk to SLICE_109:

   Name    Fanout   Delay (ns)          Site               Resource
ROUTE       186     0.798       86.PADDI to      R4C8A.CLK htclk_c
                  --------
                    0.798   (0.0% logic, 100.0% route), 0 logic levels.

      Destination Clock Path htclk to ram/ram_0_0_3:

   Name    Fanout   Delay (ns)          Site               Resource
ROUTE       186     0.851       86.PADDI to  EBR_R6C4.CLKA htclk_c
                  --------
                    0.851   (0.0% logic, 100.0% route), 0 logic levels.


Passed: The following path meets requirements by 0.298ns

 Logical Details:  Cell type  Pin type       Cell/ASIC name  (clock net +/-)

   Source:         FF         Q              ram_data_in_i0_i13  (from htclk_c +)
   Destination:    DP8KC      Port           ram/ram_0_1_2(ASIC)  (to htclk_c +)

   Delay:               0.402ns  (32.6% logic, 67.4% route), 1 logic levels.

 Constraint Details:

      0.402ns physical path delay SLICE_111 to ram/ram_0_1_2 meets
      0.051ns DATA_HLD and
      0.000ns delay constraint less
     -0.053ns skew requirement (totaling 0.104ns) by 0.298ns

 Physical Path Details:

      Data path SLICE_111 to ram/ram_0_1_2:

   Name    Fanout   Delay (ns)          Site               Resource
REG_DEL     ---     0.131      R4C8C.CLK to       R4C8C.Q1 SLICE_111 (from htclk_c)
ROUTE         1     0.271       R4C8C.Q1 to  EBR_R6C7.DIA4 ram_data_in_13 (to htclk_c)
                  --------
                    0.402   (32.6% logic, 67.4% route), 1 logic levels.

 Clock Skew Details: 

      Source Clock Path htclk to SLICE_111:

   Name    Fanout   Delay (ns)          Site               Resource
ROUTE       186     0.798       86.PADDI to      R4C8C.CLK htclk_c
                  --------
                    0.798   (0.0% logic, 100.0% route), 0 logic levels.

      Destination Clock Path htclk to ram/ram_0_1_2:

   Name    Fanout   Delay (ns)          Site               Resource
ROUTE       186     0.851       86.PADDI to  EBR_R6C7.CLKA htclk_c
                  --------
                    0.851   (0.0% logic, 100.0% route), 0 logic levels.


Passed: The following path meets requirements by 0.298ns

 Logical Details:  Cell type  Pin type       Cell/ASIC name  (clock net +/-)

   Source:         FF         Q              ram_data_in_i0_i19  (from htclk_c +)
   Destination:    DP8KC      Port           ram/ram_0_2_1(ASIC)  (to htclk_c +)

   Delay:               0.402ns  (32.6% logic, 67.4% route), 1 logic levels.

 Constraint Details:

      0.402ns physical path delay SLICE_114 to ram/ram_0_2_1 meets
      0.051ns DATA_HLD and
      0.000ns delay constraint less
     -0.053ns skew requirement (totaling 0.104ns) by 0.298ns

 Physical Path Details:

      Data path SLICE_114 to ram/ram_0_2_1:

   Name    Fanout   Delay (ns)          Site               Resource
REG_DEL     ---     0.131      R4C9B.CLK to       R4C9B.Q1 SLICE_114 (from htclk_c)
ROUTE         1     0.271       R4C9B.Q1 to EBR_R6C10.DIA1 ram_data_in_19 (to htclk_c)
                  --------
                    0.402   (32.6% logic, 67.4% route), 1 logic levels.

 Clock Skew Details: 

      Source Clock Path htclk to SLICE_114:

   Name    Fanout   Delay (ns)          Site               Resource
ROUTE       186     0.798       86.PADDI to      R4C9B.CLK htclk_c
                  --------
                    0.798   (0.0% logic, 100.0% route), 0 logic levels.

      Destination Clock Path htclk to ram/ram_0_2_1:

   Name    Fanout   Delay (ns)          Site               Resource
ROUTE       186     0.851       86.PADDI to EBR_R6C10.CLKA htclk_c
                  --------
                    0.851   (0.0% logic, 100.0% route), 0 logic levels.


Passed: The following path meets requirements by 0.298ns

 Logical Details:  Cell type  Pin type       Cell/ASIC name  (clock net +/-)

   Source:         FF         Q              ram_data_in_i0_i20  (from htclk_c +)
   Destination:    DP8KC      Port           ram/ram_0_2_1(ASIC)  (to htclk_c +)

   Delay:               0.402ns  (32.6% logic, 67.4% route), 1 logic levels.

 Constraint Details:

      0.402ns physical path delay SLICE_115 to ram/ram_0_2_1 meets
      0.051ns DATA_HLD and
      0.000ns delay constraint less
     -0.053ns skew requirement (totaling 0.104ns) by 0.298ns

 Physical Path Details:

      Data path SLICE_115 to ram/ram_0_2_1:

   Name    Fanout   Delay (ns)          Site               Resource
REG_DEL     ---     0.131      R4C9C.CLK to       R4C9C.Q0 SLICE_115 (from htclk_c)
ROUTE         1     0.271       R4C9C.Q0 to EBR_R6C10.DIA2 ram_data_in_20 (to htclk_c)
                  --------
                    0.402   (32.6% logic, 67.4% route), 1 logic levels.

 Clock Skew Details: 

      Source Clock Path htclk to SLICE_115:

   Name    Fanout   Delay (ns)          Site               Resource
ROUTE       186     0.798       86.PADDI to      R4C9C.CLK htclk_c
                  --------
                    0.798   (0.0% logic, 100.0% route), 0 logic levels.

      Destination Clock Path htclk to ram/ram_0_2_1:

   Name    Fanout   Delay (ns)          Site               Resource
ROUTE       186     0.851       86.PADDI to EBR_R6C10.CLKA htclk_c
                  --------
                    0.851   (0.0% logic, 100.0% route), 0 logic levels.

Report Summary
--------------
----------------------------------------------------------------------------
Preference(MIN Delays)                  |   Constraint|       Actual|Levels
----------------------------------------------------------------------------
                                        |             |             |
FREQUENCY PORT "htclk" 120.000000 MHz ; |            -|            -|   1  
                                        |             |             |
----------------------------------------------------------------------------


All preferences were met.


Clock Domains Analysis
------------------------

Found 1 clocks:

Clock Domain: htclk_c   Source: htclk.PAD   Loads: 186
   Covered under: FREQUENCY PORT "htclk" 120.000000 MHz ;


Timing summary (Hold):
---------------

Timing errors: 0  Score: 0
Cumulative negative slack: 0

Constraints cover 3789 paths, 1 nets, and 2163 connections (98.10% coverage)



Timing summary (Setup and Hold):
---------------

Timing errors: 0 (setup), 0 (hold)
Score: 0 (setup), 0 (hold)
Cumulative negative slack: 0 (0+0)
--------------------------------------------------------------------------------

--------------------------------------------------------------------------------

