
          Lattice Mapping Report File for Design Module 'adc_ft601'


Design Information
------------------

Command line:   map -a MachXO2 -p LCMXO2-1200HC -t TQFP100 -s 4 -oc Industrial
     Scope_impl1.ngd -o Scope_impl1_map.ncd -pr Scope_impl1.prf -mp
     Scope_impl1.mrp -lpf /home/charlie/scope/fpga/impl1/Scope_impl1.lpf -lpf
     /home/charlie/scope/fpga/Scope.lpf -c 0 -gui -msgset
     /home/charlie/scope/fpga/promote.xml 
Target Vendor:  LATTICE
Target Device:  LCMXO2-1200HCTQFP100
Target Performance:   4
Mapper:  xo2c00,  version:  Diamond (64-bit) 3.14.0.75.2
Mapped on:  03/24/26  01:03:07

Design Summary
--------------

   Number of registers:    133 out of  1520 (9%)
      PFU registers:          133 out of  1280 (10%)
      PIO registers:            0 out of   240 (0%)
   Number of SLICEs:       190 out of   640 (30%)
      SLICEs as Logic/ROM:    190 out of   640 (30%)
      SLICEs as RAM:            0 out of   480 (0%)
      SLICEs as Carry:         33 out of   640 (5%)
   Number of LUT4s:        380 out of  1280 (30%)
      Number used as logic LUTs:        314
      Number used as distributed RAM:     0
      Number used as ripple logic:       66
      Number used as shift registers:     0
   Number of PIO sites used: 37 + 4(JTAG) out of 80 (51%)
   Number of block RAMs:  4 out of 7 (57%)
   Number of GSRs:        0 out of 1 (0%)
   EFB used :        No
   JTAG used :       No
   Readback used :   No
   Oscillator used : No
   Startup used :    No
   POR :             On
   Bandgap :         On
   Number of Power Controller:  0 out of 1 (0%)
   Number of Dynamic Bank Controller (BCINRD):  0 out of 4 (0%)
   Number of Dynamic Bank Controller (BCLVDSO):  0 out of 1 (0%)
   Number of DCCA:  0 out of 8 (0%)
   Number of DCMA:  0 out of 2 (0%)
   Number of PLLs:  0 out of 1 (0%)
   Number of DQSDLLs:  0 out of 2 (0%)
   Number of CLKDIVC:  0 out of 4 (0%)
   Number of ECLKSYNCA:  0 out of 4 (0%)
   Number of ECLKBRIDGECS:  0 out of 2 (0%)
   Notes:-
      1. Total number of LUT4s = (Number of logic LUT4s) + 2*(Number of
     distributed RAMs) + 2*(Number of ripple logic)
      2. Number of logic LUT4s does not include count of distributed RAM and
     ripple logic.
   Number of clocks:  1
     Net htclk_c: 82 loads, 82 rising, 0 falling (Driver: PIO htclk )
   Number of Clock Enables:  9
     Net htclk_c_enable_106: 16 loads, 16 LSLICEs

                                    Page 1




Design:  adc_ft601                                     Date:  03/24/26  01:03:07

Design Summary (cont)
---------------------
     Net htclk_c_enable_7: 2 loads, 0 LSLICEs
     Net htclk_c_enable_4: 1 loads, 1 LSLICEs
     Net htclk_c_enable_10: 2 loads, 0 LSLICEs
     Net htclk_c_enable_77: 18 loads, 18 LSLICEs
     Net htclk_c_enable_109: 2 loads, 2 LSLICEs
     Net counter_0: 23 loads, 23 LSLICEs
     Net htclk_c_enable_48: 1 loads, 1 LSLICEs
     Net htclk_c_enable_47: 1 loads, 1 LSLICEs
   Number of LSRs:  4
     Net htclk_c_enable_4: 2 loads, 2 LSLICEs
     Net n2877: 1 loads, 1 LSLICEs
     Net n2306: 1 loads, 1 LSLICEs
     Net n1153: 9 loads, 9 LSLICEs
   Number of nets driven by tri-state buffers:  0
   Top 10 highest fanout non-clock nets:
     Net state_1: 78 loads
     Net state_0: 74 loads
     Net n1280: 32 loads
     Net counter_0: 27 loads
     Net htclk_c_enable_77: 18 loads
     Net htclk_c_enable_106: 16 loads
     Net ch_data_c_2: 13 loads
     Net ch_data_c_0: 12 loads
     Net ch_data_c_3: 12 loads
     Net crc_2: 12 loads




   Number of warnings:  0
   Number of errors:    0
     

Design Errors/Warnings
----------------------

   No errors or warnings present.

IO (PIO) Attributes
-------------------

+---------------------+-----------+-----------+------------+
| IO Name             | Direction | Levelmode | IO         |
|                     |           |  IO_TYPE  | Register   |
+---------------------+-----------+-----------+------------+
| ch_data[26]         | OUTPUT    | LVCMOS33  |            |
+---------------------+-----------+-----------+------------+
| ch_data[27]         | OUTPUT    | LVCMOS33  |            |
+---------------------+-----------+-----------+------------+
| ch_data[28]         | OUTPUT    | LVCMOS33  |            |
+---------------------+-----------+-----------+------------+
| ch_data[29]         | OUTPUT    | LVCMOS33  |            |
+---------------------+-----------+-----------+------------+
| ch_data[30]         | OUTPUT    | LVCMOS33  |            |
+---------------------+-----------+-----------+------------+
| ch_data[31]         | OUTPUT    | LVCMOS33  |            |

                                    Page 2




Design:  adc_ft601                                     Date:  03/24/26  01:03:07

IO (PIO) Attributes (cont)
--------------------------
+---------------------+-----------+-----------+------------+
| ch_data[25]         | OUTPUT    | LVCMOS33  |            |
+---------------------+-----------+-----------+------------+
| ch_data[24]         | OUTPUT    | LVCMOS33  |            |
+---------------------+-----------+-----------+------------+
| ch_data[23]         | OUTPUT    | LVCMOS33  |            |
+---------------------+-----------+-----------+------------+
| ch_data[22]         | OUTPUT    | LVCMOS33  |            |
+---------------------+-----------+-----------+------------+
| ch_data[21]         | OUTPUT    | LVCMOS33  |            |
+---------------------+-----------+-----------+------------+
| ch_data[20]         | OUTPUT    | LVCMOS33  |            |
+---------------------+-----------+-----------+------------+
| ch_data[19]         | OUTPUT    | LVCMOS33  |            |
+---------------------+-----------+-----------+------------+
| ch_data[18]         | OUTPUT    | LVCMOS33  |            |
+---------------------+-----------+-----------+------------+
| ch_data[17]         | OUTPUT    | LVCMOS33  |            |
+---------------------+-----------+-----------+------------+
| ch_data[16]         | OUTPUT    | LVCMOS33  |            |
+---------------------+-----------+-----------+------------+
| ch_data[15]         | OUTPUT    | LVCMOS33  |            |
+---------------------+-----------+-----------+------------+
| ch_data[14]         | OUTPUT    | LVCMOS33  |            |
+---------------------+-----------+-----------+------------+
| ch_data[13]         | OUTPUT    | LVCMOS33  |            |
+---------------------+-----------+-----------+------------+
| ch_data[12]         | OUTPUT    | LVCMOS33  |            |
+---------------------+-----------+-----------+------------+
| ch_data[11]         | OUTPUT    | LVCMOS33  |            |
+---------------------+-----------+-----------+------------+
| ch_data[10]         | OUTPUT    | LVCMOS33  |            |
+---------------------+-----------+-----------+------------+
| ch_data[9]          | OUTPUT    | LVCMOS33  |            |
+---------------------+-----------+-----------+------------+
| ch_data[8]          | OUTPUT    | LVCMOS33  |            |
+---------------------+-----------+-----------+------------+
| ch_data[7]          | OUTPUT    | LVCMOS33  |            |
+---------------------+-----------+-----------+------------+
| ch_data[6]          | OUTPUT    | LVCMOS33  |            |
+---------------------+-----------+-----------+------------+
| ch_data[5]          | OUTPUT    | LVCMOS33  |            |
+---------------------+-----------+-----------+------------+
| ch_data[4]          | OUTPUT    | LVCMOS33  |            |
+---------------------+-----------+-----------+------------+
| ch_data[3]          | OUTPUT    | LVCMOS33  |            |
+---------------------+-----------+-----------+------------+
| ch_data[2]          | OUTPUT    | LVCMOS33  |            |
+---------------------+-----------+-----------+------------+
| ch_data[1]          | OUTPUT    | LVCMOS33  |            |
+---------------------+-----------+-----------+------------+
| ch_data[0]          | OUTPUT    | LVCMOS33  |            |
+---------------------+-----------+-----------+------------+
| hrvld               | OUTPUT    | LVCMOS33  |            |
+---------------------+-----------+-----------+------------+
| hract               | OUTPUT    | LVCMOS33  |            |

                                    Page 3




Design:  adc_ft601                                     Date:  03/24/26  01:03:07

IO (PIO) Attributes (cont)
--------------------------
+---------------------+-----------+-----------+------------+
| hrclk               | OUTPUT    | LVCMOS33  |            |
+---------------------+-----------+-----------+------------+
| htack               | INPUT     | LVCMOS33  |            |
+---------------------+-----------+-----------+------------+
| htclk               | INPUT     | LVCMOS33  |            |
+---------------------+-----------+-----------+------------+

Removed logic
-------------

Block GSR_INST undriven or does not drive anything - clipped.
Signal htclk_c_enable_118 was merged into signal counter_0
Signal GND_net undriven or does not drive anything - clipped.
Signal VCC_net undriven or does not drive anything - clipped.
Signal data_counter_197_add_4_33/S1 undriven or does not drive anything -
     clipped.
Signal data_counter_197_add_4_33/CO undriven or does not drive anything -
     clipped.
Signal counter_195_233_add_4_1/S0 undriven or does not drive anything - clipped.
     
Signal counter_195_233_add_4_1/CO undriven or does not drive anything - clipped.
     
Signal counter_195_233_add_4_1/CI undriven or does not drive anything - clipped.
     
Signal buffer_index_194_add_4_1/S0 undriven or does not drive anything -
     clipped.
Signal buffer_index_194_add_4_1/CI undriven or does not drive anything -
     clipped.
Signal buffer_index_194_add_4_11/S1 undriven or does not drive anything -
     clipped.
Signal buffer_index_194_add_4_11/CO undriven or does not drive anything -
     clipped.
Signal dword_198_add_4_17/S1 undriven or does not drive anything - clipped.
Signal dword_198_add_4_17/CO undriven or does not drive anything - clipped.
Signal dword_198_add_4_1/S0 undriven or does not drive anything - clipped.
Signal dword_198_add_4_1/CI undriven or does not drive anything - clipped.
Signal data_counter_197_add_4_1/S0 undriven or does not drive anything -
     clipped.
Signal data_counter_197_add_4_1/CI undriven or does not drive anything -
     clipped.
Block i178_1_lut_rep_111 was optimized away.
Block i1 was optimized away.
Block i2 was optimized away.

Memory Usage
------------

/:
    EBRs: 4
    RAM SLICEs: 0
    Logic SLICEs: 98
    PFU Registers: 133
    -Contains EBR ram1:  TYPE= PDPW8KC,  Width= 18,  Depth_R= 512,  Depth_W=
         512,  REGMODE= NOREG,  RESETMODE= SYNC,  ASYNC_RESET_RELEASE= SYNC,
         GSR= DISABLED

                                    Page 4




Design:  adc_ft601                                     Date:  03/24/26  01:03:07

Memory Usage (cont)
-------------------
    -Contains EBR ram0:  TYPE= PDPW8KC,  Width= 18,  Depth_R= 512,  Depth_W=
         512,  REGMODE= NOREG,  RESETMODE= SYNC,  ASYNC_RESET_RELEASE= SYNC,
         GSR= DISABLED
    -Contains EBR ram2:  TYPE= PDPW8KC,  Width= 14,  Depth_R= 512,  Depth_W=
         512,  REGMODE= NOREG,  RESETMODE= SYNC,  ASYNC_RESET_RELEASE= SYNC,
         GSR= DISABLED
    -Contains EBR ram3:  TYPE= PDPW8KC,  Width= 14,  Depth_R= 512,  Depth_W=
         512,  REGMODE= NOREG,  RESETMODE= SYNC,  ASYNC_RESET_RELEASE= SYNC,
         GSR= DISABLED

     

ASIC Components
---------------

Instance Name: ram1
         Type: PDPW8KC
Instance Name: ram0
         Type: PDPW8KC
Instance Name: ram2
         Type: PDPW8KC
Instance Name: ram3
         Type: PDPW8KC

Run Time and Memory Usage
-------------------------

   Total CPU Time: 0 secs  
   Total REAL Time: 0 secs  
   Peak Memory Usage: 160 MB
        


























                                    Page 5


Copyright (c) 1991-1994 by NeoCAD Inc. All rights reserved.
     Copyright (c) 1995 AT&T Corp.   All rights reserved.
     Copyright (c) 1995-2001 Lucent Technologies Inc.  All rights reserved.
     Copyright (c) 2001 Agere Systems   All rights reserved.
     Copyright (c) 2002-2024 Lattice Semiconductor Corporation,  All rights
     reserved.
