
Loading design for application trce from file Scope_impl1.ncd.
Design name: adc_ft601
NCD version: 3.3
Vendor:      LATTICE
Device:      LCMXO2-1200HC
Package:     TQFP100
Performance: 4
Loading device for application trce from file 'xo2c1200.nph' in environment: /home/charlie/lscc/diamond/3.14/ispfpga.
Package Status:                     Final          Version 1.44.
Performance Hardware Data Status:   Final          Version 36.4.
Setup and Hold Report

--------------------------------------------------------------------------------
Lattice TRACE Report - Setup, Version Diamond (64-bit) 3.14.0.75.2
Wed Mar 25 00:54:05 2026

Copyright (c) 1991-1994 by NeoCAD Inc. All rights reserved.
Copyright (c) 1995 AT&T Corp.   All rights reserved.
Copyright (c) 1995-2001 Lucent Technologies Inc.  All rights reserved.
Copyright (c) 2001 Agere Systems   All rights reserved.
Copyright (c) 2002-2024 Lattice Semiconductor Corporation,  All rights reserved.

Report Information
------------------
Command line:    trce -v 10 -gt -sethld -sp 4 -sphld m -o Scope_impl1.twr -gui -msgset /home/charlie/scope/fpga/promote.xml Scope_impl1.ncd Scope_impl1.prf 
Design file:     Scope_impl1.ncd
Preference file: Scope_impl1.prf
Device,speed:    LCMXO2-1200HC,4
Report level:    verbose report, limited to 10 items per preference
--------------------------------------------------------------------------------

BLOCK ASYNCPATHS
BLOCK RESETPATHS
--------------------------------------------------------------------------------



================================================================================
Preference: FREQUENCY PORT "htclk" 120.000000 MHz ;
            3599 items scored, 16 timing errors detected.
--------------------------------------------------------------------------------


Error: The following path exceeds requirements by 0.745ns

 Logical Details:  Cell type  Pin type       Cell/ASIC name  (clock net +/-)

   Source:         FF         Q              crcData_i0_i9  (from htclk_c +)
   Destination:    FF         Data in        ch_data_i0_i13  (to htclk_c +)

   Delay:               8.912ns  (33.0% logic, 67.0% route), 6 logic levels.

 Constraint Details:

      8.912ns physical path delay SLICE_53 to SLICE_38 exceeds
      8.333ns delay constraint less
      0.000ns skew and
      0.166ns DIN_SET requirement (totaling 8.167ns) by 0.745ns

 Physical Path Details:

      Data path SLICE_53 to SLICE_38:

   Name    Fanout   Delay (ns)          Site               Resource
REG_DEL     ---     0.454     R4C10C.CLK to      R4C10C.Q0 SLICE_53 (from htclk_c)
ROUTE         6     1.528      R4C10C.Q0 to      R4C18D.A1 crcData_9
CTOF_DEL    ---     0.497      R4C18D.A1 to      R4C18D.F1 crc32/SLICE_93
ROUTE         6     1.635      R4C18D.F1 to      R2C11A.C1 crc32/n4256
CTOF_DEL    ---     0.497      R2C11A.C1 to      R2C11A.F1 crc32/SLICE_100
ROUTE         1     0.697      R2C11A.F1 to      R2C11A.B0 crc32/n3734
CTOF_DEL    ---     0.497      R2C11A.B0 to      R2C11A.F0 crc32/SLICE_100
ROUTE         1     0.630      R2C11A.F0 to      R2C11D.D0 crc32/n3744
CTOF_DEL    ---     0.497      R2C11D.D0 to      R2C11D.F0 crc32/SLICE_99
ROUTE         2     1.483      R2C11D.F0 to      R3C18B.D0 crcOut_12
CTOF_DEL    ---     0.497      R3C18B.D0 to      R3C18B.F0 SLICE_38
ROUTE         1     0.000      R3C18B.F0 to     R3C18B.DI0 ch_data_31_N_233_12 (to htclk_c)
                  --------
                    8.912   (33.0% logic, 67.0% route), 6 logic levels.

 Clock Skew Details: 

      Source Clock Path htclk to SLICE_53:

   Name    Fanout   Delay (ns)          Site               Resource
ROUTE        90     2.373       86.PADDI to     R4C10C.CLK htclk_c
                  --------
                    2.373   (0.0% logic, 100.0% route), 0 logic levels.

      Destination Clock Path htclk to SLICE_38:

   Name    Fanout   Delay (ns)          Site               Resource
ROUTE        90     2.373       86.PADDI to     R3C18B.CLK htclk_c
                  --------
                    2.373   (0.0% logic, 100.0% route), 0 logic levels.


Error: The following path exceeds requirements by 0.420ns

 Logical Details:  Cell type  Pin type       Cell/ASIC name  (clock net +/-)

   Source:         FF         Q              crcData_i0_i16  (from htclk_c +)
   Destination:    FF         Data in        ch_data_i0_i20  (to htclk_c +)

   Delay:               8.587ns  (40.0% logic, 60.0% route), 7 logic levels.

 Constraint Details:

      8.587ns physical path delay SLICE_56 to SLICE_41 exceeds
      8.333ns delay constraint less
      0.000ns skew and
      0.166ns DIN_SET requirement (totaling 8.167ns) by 0.420ns

 Physical Path Details:

      Data path SLICE_56 to SLICE_41:

   Name    Fanout   Delay (ns)          Site               Resource
REG_DEL     ---     0.454     R3C14D.CLK to      R3C14D.Q1 SLICE_56 (from htclk_c)
ROUTE         5     1.012      R3C14D.Q1 to      R5C14B.A1 crcData_16
CTOF_DEL    ---     0.497      R5C14B.A1 to      R5C14B.F1 crc32/SLICE_115
ROUTE         6     0.456      R5C14B.F1 to      R5C14B.C0 crc32/n4247
CTOF_DEL    ---     0.497      R5C14B.C0 to      R5C14B.F0 crc32/SLICE_115
ROUTE         1     0.748      R5C14B.F0 to      R4C14D.C0 crc32/n3174
CTOF_DEL    ---     0.497      R4C14D.C0 to      R4C14D.F0 crc32/SLICE_114
ROUTE         1     0.970      R4C14D.F0 to      R5C14C.A0 crc32/n3182
CTOF_DEL    ---     0.497      R5C14C.A0 to      R5C14C.F0 crc32/SLICE_112
ROUTE         1     0.992      R5C14C.F0 to      R5C16C.A0 crc32/n3190
CTOF_DEL    ---     0.497      R5C16C.A0 to      R5C16C.F0 crc32/SLICE_110
ROUTE         2     0.973      R5C16C.F0 to      R5C18D.D1 crcOut_19
CTOF_DEL    ---     0.497      R5C18D.D1 to      R5C18D.F1 SLICE_41
ROUTE         1     0.000      R5C18D.F1 to     R5C18D.DI1 ch_data_31_N_233_19 (to htclk_c)
                  --------
                    8.587   (40.0% logic, 60.0% route), 7 logic levels.

 Clock Skew Details: 

      Source Clock Path htclk to SLICE_56:

   Name    Fanout   Delay (ns)          Site               Resource
ROUTE        90     2.373       86.PADDI to     R3C14D.CLK htclk_c
                  --------
                    2.373   (0.0% logic, 100.0% route), 0 logic levels.

      Destination Clock Path htclk to SLICE_41:

   Name    Fanout   Delay (ns)          Site               Resource
ROUTE        90     2.373       86.PADDI to     R5C18D.CLK htclk_c
                  --------
                    2.373   (0.0% logic, 100.0% route), 0 logic levels.


Error: The following path exceeds requirements by 0.394ns

 Logical Details:  Cell type  Pin type       Cell/ASIC name  (clock net +/-)

   Source:         FF         Q              crcIn_i0_i9  (from htclk_c +)
   Destination:    FF         Data in        ch_data_i0_i13  (to htclk_c +)

   Delay:               8.561ns  (34.3% logic, 65.7% route), 6 logic levels.

 Constraint Details:

      8.561ns physical path delay SLICE_70 to SLICE_38 exceeds
      8.333ns delay constraint less
      0.000ns skew and
      0.166ns DIN_SET requirement (totaling 8.167ns) by 0.394ns

 Physical Path Details:

      Data path SLICE_70 to SLICE_38:

   Name    Fanout   Delay (ns)          Site               Resource
REG_DEL     ---     0.454     R2C12A.CLK to      R2C12A.Q1 SLICE_70 (from htclk_c)
ROUTE         6     1.177      R2C12A.Q1 to      R4C18D.D1 crcIn_9
CTOF_DEL    ---     0.497      R4C18D.D1 to      R4C18D.F1 crc32/SLICE_93
ROUTE         6     1.635      R4C18D.F1 to      R2C11A.C1 crc32/n4256
CTOF_DEL    ---     0.497      R2C11A.C1 to      R2C11A.F1 crc32/SLICE_100
ROUTE         1     0.697      R2C11A.F1 to      R2C11A.B0 crc32/n3734
CTOF_DEL    ---     0.497      R2C11A.B0 to      R2C11A.F0 crc32/SLICE_100
ROUTE         1     0.630      R2C11A.F0 to      R2C11D.D0 crc32/n3744
CTOF_DEL    ---     0.497      R2C11D.D0 to      R2C11D.F0 crc32/SLICE_99
ROUTE         2     1.483      R2C11D.F0 to      R3C18B.D0 crcOut_12
CTOF_DEL    ---     0.497      R3C18B.D0 to      R3C18B.F0 SLICE_38
ROUTE         1     0.000      R3C18B.F0 to     R3C18B.DI0 ch_data_31_N_233_12 (to htclk_c)
                  --------
                    8.561   (34.3% logic, 65.7% route), 6 logic levels.

 Clock Skew Details: 

      Source Clock Path htclk to SLICE_70:

   Name    Fanout   Delay (ns)          Site               Resource
ROUTE        90     2.373       86.PADDI to     R2C12A.CLK htclk_c
                  --------
                    2.373   (0.0% logic, 100.0% route), 0 logic levels.

      Destination Clock Path htclk to SLICE_38:

   Name    Fanout   Delay (ns)          Site               Resource
ROUTE        90     2.373       86.PADDI to     R3C18B.CLK htclk_c
                  --------
                    2.373   (0.0% logic, 100.0% route), 0 logic levels.


Error: The following path exceeds requirements by 0.195ns

 Logical Details:  Cell type  Pin type       Cell/ASIC name  (clock net +/-)

   Source:         FF         Q              crcData_i0_i4  (from htclk_c +)
   Destination:    FF         Data in        ch_data_i0_i20  (to htclk_c +)

   Delay:               8.362ns  (35.1% logic, 64.9% route), 6 logic levels.

 Constraint Details:

      8.362ns physical path delay SLICE_50 to SLICE_41 exceeds
      8.333ns delay constraint less
      0.000ns skew and
      0.166ns DIN_SET requirement (totaling 8.167ns) by 0.195ns

 Physical Path Details:

      Data path SLICE_50 to SLICE_41:

   Name    Fanout   Delay (ns)          Site               Resource
REG_DEL     ---     0.454     R2C14A.CLK to      R2C14A.Q1 SLICE_50 (from htclk_c)
ROUTE        10     1.740      R2C14A.Q1 to      R5C14B.A0 crcData_4
CTOF_DEL    ---     0.497      R5C14B.A0 to      R5C14B.F0 crc32/SLICE_115
ROUTE         1     0.748      R5C14B.F0 to      R4C14D.C0 crc32/n3174
CTOF_DEL    ---     0.497      R4C14D.C0 to      R4C14D.F0 crc32/SLICE_114
ROUTE         1     0.970      R4C14D.F0 to      R5C14C.A0 crc32/n3182
CTOF_DEL    ---     0.497      R5C14C.A0 to      R5C14C.F0 crc32/SLICE_112
ROUTE         1     0.992      R5C14C.F0 to      R5C16C.A0 crc32/n3190
CTOF_DEL    ---     0.497      R5C16C.A0 to      R5C16C.F0 crc32/SLICE_110
ROUTE         2     0.973      R5C16C.F0 to      R5C18D.D1 crcOut_19
CTOF_DEL    ---     0.497      R5C18D.D1 to      R5C18D.F1 SLICE_41
ROUTE         1     0.000      R5C18D.F1 to     R5C18D.DI1 ch_data_31_N_233_19 (to htclk_c)
                  --------
                    8.362   (35.1% logic, 64.9% route), 6 logic levels.

 Clock Skew Details: 

      Source Clock Path htclk to SLICE_50:

   Name    Fanout   Delay (ns)          Site               Resource
ROUTE        90     2.373       86.PADDI to     R2C14A.CLK htclk_c
                  --------
                    2.373   (0.0% logic, 100.0% route), 0 logic levels.

      Destination Clock Path htclk to SLICE_41:

   Name    Fanout   Delay (ns)          Site               Resource
ROUTE        90     2.373       86.PADDI to     R5C18D.CLK htclk_c
                  --------
                    2.373   (0.0% logic, 100.0% route), 0 logic levels.


Error: The following path exceeds requirements by 0.184ns

 Logical Details:  Cell type  Pin type       Cell/ASIC name  (clock net +/-)

   Source:         FF         Q              crcData_i0_i15  (from htclk_c +)
   Destination:    FF         Data in        ch_data_i0_i9  (to htclk_c +)

   Delay:               8.351ns  (35.2% logic, 64.8% route), 6 logic levels.

 Constraint Details:

      8.351ns physical path delay SLICE_56 to SLICE_36 exceeds
      8.333ns delay constraint less
      0.000ns skew and
      0.166ns DIN_SET requirement (totaling 8.167ns) by 0.184ns

 Physical Path Details:

      Data path SLICE_56 to SLICE_36:

   Name    Fanout   Delay (ns)          Site               Resource
REG_DEL     ---     0.454     R3C14D.CLK to      R3C14D.Q0 SLICE_56 (from htclk_c)
ROUTE         5     1.620      R3C14D.Q0 to      R3C15D.C1 crcData_15
CTOF_DEL    ---     0.497      R3C15D.C1 to      R3C15D.F1 crc32/SLICE_119
ROUTE         6     1.111      R3C15D.F1 to      R5C13A.D0 crc32/n4243
CTOF_DEL    ---     0.497      R5C13A.D0 to      R5C13A.F0 crc32/SLICE_130
ROUTE         1     0.964      R5C13A.F0 to      R4C11A.D0 crc32/n3648
CTOF_DEL    ---     0.497      R4C11A.D0 to      R4C11A.F0 crc32/SLICE_129
ROUTE         1     0.630      R4C11A.F0 to      R4C11D.D0 crc32/n3656
CTOF_DEL    ---     0.497      R4C11D.D0 to      R4C11D.F0 crc32/SLICE_128
ROUTE         2     1.087      R4C11D.F0 to      R2C12D.D0 crcOut_8
CTOF_DEL    ---     0.497      R2C12D.D0 to      R2C12D.F0 SLICE_36
ROUTE         1     0.000      R2C12D.F0 to     R2C12D.DI0 ch_data_31_N_233_8 (to htclk_c)
                  --------
                    8.351   (35.2% logic, 64.8% route), 6 logic levels.

 Clock Skew Details: 

      Source Clock Path htclk to SLICE_56:

   Name    Fanout   Delay (ns)          Site               Resource
ROUTE        90     2.373       86.PADDI to     R3C14D.CLK htclk_c
                  --------
                    2.373   (0.0% logic, 100.0% route), 0 logic levels.

      Destination Clock Path htclk to SLICE_36:

   Name    Fanout   Delay (ns)          Site               Resource
ROUTE        90     2.373       86.PADDI to     R2C12D.CLK htclk_c
                  --------
                    2.373   (0.0% logic, 100.0% route), 0 logic levels.


Error: The following path exceeds requirements by 0.125ns

 Logical Details:  Cell type  Pin type       Cell/ASIC name  (clock net +/-)

   Source:         FF         Q              crcIn_i0_i18  (from htclk_c +)
   Destination:    FF         Data in        crcIn_i0_i18  (to htclk_c +)

   Delay:               8.292ns  (35.4% logic, 64.6% route), 6 logic levels.

 Constraint Details:

      8.292ns physical path delay SLICE_75 to SLICE_75 exceeds
      8.333ns delay constraint less
      0.000ns skew and
      0.166ns DIN_SET requirement (totaling 8.167ns) by 0.125ns

 Physical Path Details:

      Data path SLICE_75 to SLICE_75:

   Name    Fanout   Delay (ns)          Site               Resource
REG_DEL     ---     0.454     R5C16B.CLK to      R5C16B.Q0 SLICE_75 (from htclk_c)
ROUTE         6     2.141      R5C16B.Q0 to      R3C13A.C1 crcIn_18
CTOF_DEL    ---     0.497      R3C13A.C1 to      R3C13A.F1 crc32/SLICE_122
ROUTE         1     0.697      R3C13A.F1 to      R3C13A.B0 crc32/n3240
CTOF_DEL    ---     0.497      R3C13A.B0 to      R3C13A.F0 crc32/SLICE_122
ROUTE         1     0.771      R3C13A.F0 to      R3C15D.C0 crc32/n3246
CTOF_DEL    ---     0.497      R3C15D.C0 to      R3C15D.F0 crc32/SLICE_119
ROUTE         1     0.649      R3C15D.F0 to      R3C17A.D0 crc32/n3256
CTOF_DEL    ---     0.497      R3C17A.D0 to      R3C17A.F0 crc32/SLICE_118
ROUTE         2     1.095      R3C17A.F0 to      R5C16B.C0 crcOut_18
CTOF_DEL    ---     0.497      R5C16B.C0 to      R5C16B.F0 SLICE_75
ROUTE         1     0.000      R5C16B.F0 to     R5C16B.DI0 crcIn_31_N_201_18 (to htclk_c)
                  --------
                    8.292   (35.4% logic, 64.6% route), 6 logic levels.

 Clock Skew Details: 

      Source Clock Path htclk to SLICE_75:

   Name    Fanout   Delay (ns)          Site               Resource
ROUTE        90     2.373       86.PADDI to     R5C16B.CLK htclk_c
                  --------
                    2.373   (0.0% logic, 100.0% route), 0 logic levels.

      Destination Clock Path htclk to SLICE_75:

   Name    Fanout   Delay (ns)          Site               Resource
ROUTE        90     2.373       86.PADDI to     R5C16B.CLK htclk_c
                  --------
                    2.373   (0.0% logic, 100.0% route), 0 logic levels.


Error: The following path exceeds requirements by 0.096ns

 Logical Details:  Cell type  Pin type       Cell/ASIC name  (clock net +/-)

   Source:         FF         Q              crcData_i0_i28  (from htclk_c +)
   Destination:    FF         Data in        ch_data_i0_i13  (to htclk_c +)

   Delay:               8.263ns  (35.6% logic, 64.4% route), 6 logic levels.

 Constraint Details:

      8.263ns physical path delay SLICE_63 to SLICE_38 exceeds
      8.333ns delay constraint less
      0.000ns skew and
      0.166ns DIN_SET requirement (totaling 8.167ns) by 0.096ns

 Physical Path Details:

      Data path SLICE_63 to SLICE_38:

   Name    Fanout   Delay (ns)          Site               Resource
REG_DEL     ---     0.454      R5C9B.CLK to       R5C9B.Q0 SLICE_63 (from htclk_c)
ROUTE         7     1.511       R5C9B.Q0 to      R3C13C.D1 crcData_28
CTOF_DEL    ---     0.497      R3C13C.D1 to      R3C13C.F1 crc32/SLICE_107
ROUTE         6     1.003      R3C13C.F1 to      R2C11A.D1 crc32/n4264
CTOF_DEL    ---     0.497      R2C11A.D1 to      R2C11A.F1 crc32/SLICE_100
ROUTE         1     0.697      R2C11A.F1 to      R2C11A.B0 crc32/n3734
CTOF_DEL    ---     0.497      R2C11A.B0 to      R2C11A.F0 crc32/SLICE_100
ROUTE         1     0.630      R2C11A.F0 to      R2C11D.D0 crc32/n3744
CTOF_DEL    ---     0.497      R2C11D.D0 to      R2C11D.F0 crc32/SLICE_99
ROUTE         2     1.483      R2C11D.F0 to      R3C18B.D0 crcOut_12
CTOF_DEL    ---     0.497      R3C18B.D0 to      R3C18B.F0 SLICE_38
ROUTE         1     0.000      R3C18B.F0 to     R3C18B.DI0 ch_data_31_N_233_12 (to htclk_c)
                  --------
                    8.263   (35.6% logic, 64.4% route), 6 logic levels.

 Clock Skew Details: 

      Source Clock Path htclk to SLICE_63:

   Name    Fanout   Delay (ns)          Site               Resource
ROUTE        90     2.373       86.PADDI to      R5C9B.CLK htclk_c
                  --------
                    2.373   (0.0% logic, 100.0% route), 0 logic levels.

      Destination Clock Path htclk to SLICE_38:

   Name    Fanout   Delay (ns)          Site               Resource
ROUTE        90     2.373       86.PADDI to     R3C18B.CLK htclk_c
                  --------
                    2.373   (0.0% logic, 100.0% route), 0 logic levels.


Error: The following path exceeds requirements by 0.095ns

 Logical Details:  Cell type  Pin type       Cell/ASIC name  (clock net +/-)

   Source:         FF         Q              crcIn_i0_i31  (from htclk_c +)
   Destination:    FF         Data in        crcIn_i0_i29  (to htclk_c +)

   Delay:               8.262ns  (29.6% logic, 70.4% route), 5 logic levels.

 Constraint Details:

      8.262ns physical path delay SLICE_81 to SLICE_80 exceeds
      8.333ns delay constraint less
      0.000ns skew and
      0.166ns DIN_SET requirement (totaling 8.167ns) by 0.095ns

 Physical Path Details:

      Data path SLICE_81 to SLICE_80:

   Name    Fanout   Delay (ns)          Site               Resource
REG_DEL     ---     0.454     R8C12B.CLK to      R8C12B.Q1 SLICE_81 (from htclk_c)
ROUTE         6     1.337      R8C12B.Q1 to      R5C13A.C1 crcIn_31
CTOF_DEL    ---     0.497      R5C13A.C1 to      R5C13A.F1 crc32/SLICE_130
ROUTE         7     1.920      R5C13A.F1 to      R4C11C.D1 crc32/n4244
CTOF_DEL    ---     0.497      R4C11C.D1 to      R4C11C.F1 crc32/SLICE_164
ROUTE         1     1.590      R4C11C.F1 to      R5C15B.C1 crc32/n3504
CTOF_DEL    ---     0.497      R5C15B.C1 to      R5C15B.F1 crc32/SLICE_172
ROUTE         2     0.973      R5C15B.F1 to      R5C13B.D1 crcOut_29
CTOF_DEL    ---     0.497      R5C13B.D1 to      R5C13B.F1 SLICE_80
ROUTE         1     0.000      R5C13B.F1 to     R5C13B.DI1 crcIn_31_N_201_29 (to htclk_c)
                  --------
                    8.262   (29.6% logic, 70.4% route), 5 logic levels.

 Clock Skew Details: 

      Source Clock Path htclk to SLICE_81:

   Name    Fanout   Delay (ns)          Site               Resource
ROUTE        90     2.373       86.PADDI to     R8C12B.CLK htclk_c
                  --------
                    2.373   (0.0% logic, 100.0% route), 0 logic levels.

      Destination Clock Path htclk to SLICE_80:

   Name    Fanout   Delay (ns)          Site               Resource
ROUTE        90     2.373       86.PADDI to     R5C13B.CLK htclk_c
                  --------
                    2.373   (0.0% logic, 100.0% route), 0 logic levels.


Error: The following path exceeds requirements by 0.077ns

 Logical Details:  Cell type  Pin type       Cell/ASIC name  (clock net +/-)

   Source:         FF         Q              crcIn_i0_i16  (from htclk_c +)
   Destination:    FF         Data in        ch_data_i0_i20  (to htclk_c +)

   Delay:               8.244ns  (41.7% logic, 58.3% route), 7 logic levels.

 Constraint Details:

      8.244ns physical path delay SLICE_74 to SLICE_41 exceeds
      8.333ns delay constraint less
      0.000ns skew and
      0.166ns DIN_SET requirement (totaling 8.167ns) by 0.077ns

 Physical Path Details:

      Data path SLICE_74 to SLICE_41:

   Name    Fanout   Delay (ns)          Site               Resource
REG_DEL     ---     0.454     R5C15D.CLK to      R5C15D.Q0 SLICE_74 (from htclk_c)
ROUTE         5     0.669      R5C15D.Q0 to      R5C14B.D1 crcIn_16
CTOF_DEL    ---     0.497      R5C14B.D1 to      R5C14B.F1 crc32/SLICE_115
ROUTE         6     0.456      R5C14B.F1 to      R5C14B.C0 crc32/n4247
CTOF_DEL    ---     0.497      R5C14B.C0 to      R5C14B.F0 crc32/SLICE_115
ROUTE         1     0.748      R5C14B.F0 to      R4C14D.C0 crc32/n3174
CTOF_DEL    ---     0.497      R4C14D.C0 to      R4C14D.F0 crc32/SLICE_114
ROUTE         1     0.970      R4C14D.F0 to      R5C14C.A0 crc32/n3182
CTOF_DEL    ---     0.497      R5C14C.A0 to      R5C14C.F0 crc32/SLICE_112
ROUTE         1     0.992      R5C14C.F0 to      R5C16C.A0 crc32/n3190
CTOF_DEL    ---     0.497      R5C16C.A0 to      R5C16C.F0 crc32/SLICE_110
ROUTE         2     0.973      R5C16C.F0 to      R5C18D.D1 crcOut_19
CTOF_DEL    ---     0.497      R5C18D.D1 to      R5C18D.F1 SLICE_41
ROUTE         1     0.000      R5C18D.F1 to     R5C18D.DI1 ch_data_31_N_233_19 (to htclk_c)
                  --------
                    8.244   (41.7% logic, 58.3% route), 7 logic levels.

 Clock Skew Details: 

      Source Clock Path htclk to SLICE_74:

   Name    Fanout   Delay (ns)          Site               Resource
ROUTE        90     2.373       86.PADDI to     R5C15D.CLK htclk_c
                  --------
                    2.373   (0.0% logic, 100.0% route), 0 logic levels.

      Destination Clock Path htclk to SLICE_41:

   Name    Fanout   Delay (ns)          Site               Resource
ROUTE        90     2.373       86.PADDI to     R5C18D.CLK htclk_c
                  --------
                    2.373   (0.0% logic, 100.0% route), 0 logic levels.


Error: The following path exceeds requirements by 0.070ns

 Logical Details:  Cell type  Pin type       Cell/ASIC name  (clock net +/-)

   Source:         FF         Q              crcData_i0_i15  (from htclk_c +)
   Destination:    FF         Data in        crcIn_i0_i8  (to htclk_c +)

   Delay:               8.237ns  (35.7% logic, 64.3% route), 6 logic levels.

 Constraint Details:

      8.237ns physical path delay SLICE_56 to SLICE_70 exceeds
      8.333ns delay constraint less
      0.000ns skew and
      0.166ns DIN_SET requirement (totaling 8.167ns) by 0.070ns

 Physical Path Details:

      Data path SLICE_56 to SLICE_70:

   Name    Fanout   Delay (ns)          Site               Resource
REG_DEL     ---     0.454     R3C14D.CLK to      R3C14D.Q0 SLICE_56 (from htclk_c)
ROUTE         5     1.620      R3C14D.Q0 to      R3C15D.C1 crcData_15
CTOF_DEL    ---     0.497      R3C15D.C1 to      R3C15D.F1 crc32/SLICE_119
ROUTE         6     1.111      R3C15D.F1 to      R5C13A.D0 crc32/n4243
CTOF_DEL    ---     0.497      R5C13A.D0 to      R5C13A.F0 crc32/SLICE_130
ROUTE         1     0.964      R5C13A.F0 to      R4C11A.D0 crc32/n3648
CTOF_DEL    ---     0.497      R4C11A.D0 to      R4C11A.F0 crc32/SLICE_129
ROUTE         1     0.630      R4C11A.F0 to      R4C11D.D0 crc32/n3656
CTOF_DEL    ---     0.497      R4C11D.D0 to      R4C11D.F0 crc32/SLICE_128
ROUTE         2     0.973      R4C11D.F0 to      R2C12A.D0 crcOut_8
CTOF_DEL    ---     0.497      R2C12A.D0 to      R2C12A.F0 SLICE_70
ROUTE         1     0.000      R2C12A.F0 to     R2C12A.DI0 crcIn_31_N_201_8 (to htclk_c)
                  --------
                    8.237   (35.7% logic, 64.3% route), 6 logic levels.

 Clock Skew Details: 

      Source Clock Path htclk to SLICE_56:

   Name    Fanout   Delay (ns)          Site               Resource
ROUTE        90     2.373       86.PADDI to     R3C14D.CLK htclk_c
                  --------
                    2.373   (0.0% logic, 100.0% route), 0 logic levels.

      Destination Clock Path htclk to SLICE_70:

   Name    Fanout   Delay (ns)          Site               Resource
ROUTE        90     2.373       86.PADDI to     R2C12A.CLK htclk_c
                  --------
                    2.373   (0.0% logic, 100.0% route), 0 logic levels.

Warning: 110.156MHz is the maximum frequency for this preference.

Report Summary
--------------
----------------------------------------------------------------------------
Preference                              |   Constraint|       Actual|Levels
----------------------------------------------------------------------------
                                        |             |             |
FREQUENCY PORT "htclk" 120.000000 MHz ; |  120.000 MHz|  110.156 MHz|   6 *
                                        |             |             |
----------------------------------------------------------------------------


1 preference(marked by "*" above) not met.

----------------------------------------------------------------------------
Critical Nets                           |   Loads|  Errors| % of total
----------------------------------------------------------------------------
ch_data_31_N_233_19                     |       1|       4|     25.00%
                                        |        |        |
crc32/n3174                             |       1|       4|     25.00%
                                        |        |        |
crc32/n3182                             |       1|       4|     25.00%
                                        |        |        |
crcOut_19                               |       2|       4|     25.00%
                                        |        |        |
crc32/n3190                             |       1|       4|     25.00%
                                        |        |        |
ch_data_31_N_233_12                     |       1|       3|     18.75%
                                        |        |        |
crc32/n3734                             |       1|       3|     18.75%
                                        |        |        |
crcOut_12                               |       2|       3|     18.75%
                                        |        |        |
crc32/n3744                             |       1|       3|     18.75%
                                        |        |        |
crcOut_30                               |       2|       2|     12.50%
                                        |        |        |
crcIn_19                                |       6|       2|     12.50%
                                        |        |        |
crc32/n3688                             |       1|       2|     12.50%
                                        |        |        |
crcData_15                              |       5|       2|     12.50%
                                        |        |        |
crcIn_18                                |       6|       2|     12.50%
                                        |        |        |
crc32/n3648                             |       1|       2|     12.50%
                                        |        |        |
crcOut_8                                |       2|       2|     12.50%
                                        |        |        |
crc32/n3656                             |       1|       2|     12.50%
                                        |        |        |
crc32/n3240                             |       1|       2|     12.50%
                                        |        |        |
crc32/n3246                             |       1|       2|     12.50%
                                        |        |        |
crcOut_18                               |       2|       2|     12.50%
                                        |        |        |
crc32/n3256                             |       1|       2|     12.50%
                                        |        |        |
crc32/n4247                             |       6|       2|     12.50%
                                        |        |        |
crc32/n4245                             |       6|       2|     12.50%
                                        |        |        |
crc32/n4243                             |       6|       2|     12.50%
                                        |        |        |
crc32/n4256                             |       6|       2|     12.50%
                                        |        |        |
----------------------------------------------------------------------------


Clock Domains Analysis
------------------------

Found 1 clocks:

Clock Domain: htclk_c   Source: htclk.PAD   Loads: 90
   Covered under: FREQUENCY PORT "htclk" 120.000000 MHz ;


Timing summary (Setup):
---------------

Timing errors: 16  Score: 2631
Cumulative negative slack: 2631

Constraints cover 3599 paths, 1 nets, and 1793 connections (97.82% coverage)

--------------------------------------------------------------------------------
Lattice TRACE Report - Hold, Version Diamond (64-bit) 3.14.0.75.2
Wed Mar 25 00:54:05 2026

Copyright (c) 1991-1994 by NeoCAD Inc. All rights reserved.
Copyright (c) 1995 AT&T Corp.   All rights reserved.
Copyright (c) 1995-2001 Lucent Technologies Inc.  All rights reserved.
Copyright (c) 2001 Agere Systems   All rights reserved.
Copyright (c) 2002-2024 Lattice Semiconductor Corporation,  All rights reserved.

Report Information
------------------
Command line:    trce -v 10 -gt -sethld -sp 4 -sphld m -o Scope_impl1.twr -gui -msgset /home/charlie/scope/fpga/promote.xml Scope_impl1.ncd Scope_impl1.prf 
Design file:     Scope_impl1.ncd
Preference file: Scope_impl1.prf
Device,speed:    LCMXO2-1200HC,m
Report level:    verbose report, limited to 10 items per preference
--------------------------------------------------------------------------------

BLOCK ASYNCPATHS
BLOCK RESETPATHS
--------------------------------------------------------------------------------



================================================================================
Preference: FREQUENCY PORT "htclk" 120.000000 MHz ;
            3599 items scored, 0 timing errors detected.
--------------------------------------------------------------------------------


Passed: The following path meets requirements by 0.372ns

 Logical Details:  Cell type  Pin type       Cell/ASIC name  (clock net +/-)

   Source:         FF         Q              data_counter_186__i10  (from htclk_c +)
   Destination:    FF         Data in        data_counter_186__i10  (to htclk_c +)

   Delay:               0.359ns  (64.1% logic, 35.9% route), 2 logic levels.

 Constraint Details:

      0.359ns physical path delay SLICE_0 to SLICE_0 meets
     -0.013ns DIN_HLD and
      0.000ns delay constraint less
      0.000ns skew requirement (totaling -0.013ns) by 0.372ns

 Physical Path Details:

      Data path SLICE_0 to SLICE_0:

   Name    Fanout   Delay (ns)          Site               Resource
REG_DEL     ---     0.131      R3C7B.CLK to       R3C7B.Q1 SLICE_0 (from htclk_c)
ROUTE         2     0.129       R3C7B.Q1 to       R3C7B.A1 data_counter_10
CTOF_DEL    ---     0.099       R3C7B.A1 to       R3C7B.F1 SLICE_0
ROUTE         1     0.000       R3C7B.F1 to      R3C7B.DI1 n155 (to htclk_c)
                  --------
                    0.359   (64.1% logic, 35.9% route), 2 logic levels.

 Clock Skew Details: 

      Source Clock Path htclk to SLICE_0:

   Name    Fanout   Delay (ns)          Site               Resource
ROUTE        90     0.798       86.PADDI to      R3C7B.CLK htclk_c
                  --------
                    0.798   (0.0% logic, 100.0% route), 0 logic levels.

      Destination Clock Path htclk to SLICE_0:

   Name    Fanout   Delay (ns)          Site               Resource
ROUTE        90     0.798       86.PADDI to      R3C7B.CLK htclk_c
                  --------
                    0.798   (0.0% logic, 100.0% route), 0 logic levels.


Passed: The following path meets requirements by 0.372ns

 Logical Details:  Cell type  Pin type       Cell/ASIC name  (clock net +/-)

   Source:         FF         Q              data_counter_186__i9  (from htclk_c +)
   Destination:    FF         Data in        data_counter_186__i9  (to htclk_c +)

   Delay:               0.359ns  (64.1% logic, 35.9% route), 2 logic levels.

 Constraint Details:

      0.359ns physical path delay SLICE_0 to SLICE_0 meets
     -0.013ns DIN_HLD and
      0.000ns delay constraint less
      0.000ns skew requirement (totaling -0.013ns) by 0.372ns

 Physical Path Details:

      Data path SLICE_0 to SLICE_0:

   Name    Fanout   Delay (ns)          Site               Resource
REG_DEL     ---     0.131      R3C7B.CLK to       R3C7B.Q0 SLICE_0 (from htclk_c)
ROUTE         2     0.129       R3C7B.Q0 to       R3C7B.A0 data_counter_9
CTOF_DEL    ---     0.099       R3C7B.A0 to       R3C7B.F0 SLICE_0
ROUTE         1     0.000       R3C7B.F0 to      R3C7B.DI0 n156 (to htclk_c)
                  --------
                    0.359   (64.1% logic, 35.9% route), 2 logic levels.

 Clock Skew Details: 

      Source Clock Path htclk to SLICE_0:

   Name    Fanout   Delay (ns)          Site               Resource
ROUTE        90     0.798       86.PADDI to      R3C7B.CLK htclk_c
                  --------
                    0.798   (0.0% logic, 100.0% route), 0 logic levels.

      Destination Clock Path htclk to SLICE_0:

   Name    Fanout   Delay (ns)          Site               Resource
ROUTE        90     0.798       86.PADDI to      R3C7B.CLK htclk_c
                  --------
                    0.798   (0.0% logic, 100.0% route), 0 logic levels.


Passed: The following path meets requirements by 0.372ns

 Logical Details:  Cell type  Pin type       Cell/ASIC name  (clock net +/-)

   Source:         FF         Q              data_counter_186__i7  (from htclk_c +)
   Destination:    FF         Data in        data_counter_186__i7  (to htclk_c +)

   Delay:               0.359ns  (64.1% logic, 35.9% route), 2 logic levels.

 Constraint Details:

      0.359ns physical path delay SLICE_1 to SLICE_1 meets
     -0.013ns DIN_HLD and
      0.000ns delay constraint less
      0.000ns skew requirement (totaling -0.013ns) by 0.372ns

 Physical Path Details:

      Data path SLICE_1 to SLICE_1:

   Name    Fanout   Delay (ns)          Site               Resource
REG_DEL     ---     0.131      R3C7A.CLK to       R3C7A.Q0 SLICE_1 (from htclk_c)
ROUTE         2     0.129       R3C7A.Q0 to       R3C7A.A0 data_counter_7
CTOF_DEL    ---     0.099       R3C7A.A0 to       R3C7A.F0 SLICE_1
ROUTE         1     0.000       R3C7A.F0 to      R3C7A.DI0 n158 (to htclk_c)
                  --------
                    0.359   (64.1% logic, 35.9% route), 2 logic levels.

 Clock Skew Details: 

      Source Clock Path htclk to SLICE_1:

   Name    Fanout   Delay (ns)          Site               Resource
ROUTE        90     0.798       86.PADDI to      R3C7A.CLK htclk_c
                  --------
                    0.798   (0.0% logic, 100.0% route), 0 logic levels.

      Destination Clock Path htclk to SLICE_1:

   Name    Fanout   Delay (ns)          Site               Resource
ROUTE        90     0.798       86.PADDI to      R3C7A.CLK htclk_c
                  --------
                    0.798   (0.0% logic, 100.0% route), 0 logic levels.


Passed: The following path meets requirements by 0.372ns

 Logical Details:  Cell type  Pin type       Cell/ASIC name  (clock net +/-)

   Source:         FF         Q              data_counter_186__i8  (from htclk_c +)
   Destination:    FF         Data in        data_counter_186__i8  (to htclk_c +)

   Delay:               0.359ns  (64.1% logic, 35.9% route), 2 logic levels.

 Constraint Details:

      0.359ns physical path delay SLICE_1 to SLICE_1 meets
     -0.013ns DIN_HLD and
      0.000ns delay constraint less
      0.000ns skew requirement (totaling -0.013ns) by 0.372ns

 Physical Path Details:

      Data path SLICE_1 to SLICE_1:

   Name    Fanout   Delay (ns)          Site               Resource
REG_DEL     ---     0.131      R3C7A.CLK to       R3C7A.Q1 SLICE_1 (from htclk_c)
ROUTE         2     0.129       R3C7A.Q1 to       R3C7A.A1 data_counter_8
CTOF_DEL    ---     0.099       R3C7A.A1 to       R3C7A.F1 SLICE_1
ROUTE         1     0.000       R3C7A.F1 to      R3C7A.DI1 n157 (to htclk_c)
                  --------
                    0.359   (64.1% logic, 35.9% route), 2 logic levels.

 Clock Skew Details: 

      Source Clock Path htclk to SLICE_1:

   Name    Fanout   Delay (ns)          Site               Resource
ROUTE        90     0.798       86.PADDI to      R3C7A.CLK htclk_c
                  --------
                    0.798   (0.0% logic, 100.0% route), 0 logic levels.

      Destination Clock Path htclk to SLICE_1:

   Name    Fanout   Delay (ns)          Site               Resource
ROUTE        90     0.798       86.PADDI to      R3C7A.CLK htclk_c
                  --------
                    0.798   (0.0% logic, 100.0% route), 0 logic levels.


Passed: The following path meets requirements by 0.372ns

 Logical Details:  Cell type  Pin type       Cell/ASIC name  (clock net +/-)

   Source:         FF         Q              frame_idx_187__i3  (from htclk_c +)
   Destination:    FF         Data in        frame_idx_187__i3  (to htclk_c +)

   Delay:               0.359ns  (64.1% logic, 35.9% route), 2 logic levels.

 Constraint Details:

      0.359ns physical path delay SLICE_10 to SLICE_10 meets
     -0.013ns DIN_HLD and
      0.000ns delay constraint less
      0.000ns skew requirement (totaling -0.013ns) by 0.372ns

 Physical Path Details:

      Data path SLICE_10 to SLICE_10:

   Name    Fanout   Delay (ns)          Site               Resource
REG_DEL     ---     0.131    R10C14C.CLK to     R10C14C.Q0 SLICE_10 (from htclk_c)
ROUTE         2     0.129     R10C14C.Q0 to     R10C14C.A0 frame_idx_3
CTOF_DEL    ---     0.099     R10C14C.A0 to     R10C14C.F0 SLICE_10
ROUTE         1     0.000     R10C14C.F0 to    R10C14C.DI0 n82 (to htclk_c)
                  --------
                    0.359   (64.1% logic, 35.9% route), 2 logic levels.

 Clock Skew Details: 

      Source Clock Path htclk to SLICE_10:

   Name    Fanout   Delay (ns)          Site               Resource
ROUTE        90     0.798       86.PADDI to    R10C14C.CLK htclk_c
                  --------
                    0.798   (0.0% logic, 100.0% route), 0 logic levels.

      Destination Clock Path htclk to SLICE_10:

   Name    Fanout   Delay (ns)          Site               Resource
ROUTE        90     0.798       86.PADDI to    R10C14C.CLK htclk_c
                  --------
                    0.798   (0.0% logic, 100.0% route), 0 logic levels.


Passed: The following path meets requirements by 0.372ns

 Logical Details:  Cell type  Pin type       Cell/ASIC name  (clock net +/-)

   Source:         FF         Q              frame_idx_187__i4  (from htclk_c +)
   Destination:    FF         Data in        frame_idx_187__i4  (to htclk_c +)

   Delay:               0.359ns  (64.1% logic, 35.9% route), 2 logic levels.

 Constraint Details:

      0.359ns physical path delay SLICE_10 to SLICE_10 meets
     -0.013ns DIN_HLD and
      0.000ns delay constraint less
      0.000ns skew requirement (totaling -0.013ns) by 0.372ns

 Physical Path Details:

      Data path SLICE_10 to SLICE_10:

   Name    Fanout   Delay (ns)          Site               Resource
REG_DEL     ---     0.131    R10C14C.CLK to     R10C14C.Q1 SLICE_10 (from htclk_c)
ROUTE         2     0.129     R10C14C.Q1 to     R10C14C.A1 frame_idx_4
CTOF_DEL    ---     0.099     R10C14C.A1 to     R10C14C.F1 SLICE_10
ROUTE         1     0.000     R10C14C.F1 to    R10C14C.DI1 n81 (to htclk_c)
                  --------
                    0.359   (64.1% logic, 35.9% route), 2 logic levels.

 Clock Skew Details: 

      Source Clock Path htclk to SLICE_10:

   Name    Fanout   Delay (ns)          Site               Resource
ROUTE        90     0.798       86.PADDI to    R10C14C.CLK htclk_c
                  --------
                    0.798   (0.0% logic, 100.0% route), 0 logic levels.

      Destination Clock Path htclk to SLICE_10:

   Name    Fanout   Delay (ns)          Site               Resource
ROUTE        90     0.798       86.PADDI to    R10C14C.CLK htclk_c
                  --------
                    0.798   (0.0% logic, 100.0% route), 0 logic levels.


Passed: The following path meets requirements by 0.372ns

 Logical Details:  Cell type  Pin type       Cell/ASIC name  (clock net +/-)

   Source:         FF         Q              frame_idx_187__i7  (from htclk_c +)
   Destination:    FF         Data in        frame_idx_187__i7  (to htclk_c +)

   Delay:               0.359ns  (64.1% logic, 35.9% route), 2 logic levels.

 Constraint Details:

      0.359ns physical path delay SLICE_11 to SLICE_11 meets
     -0.013ns DIN_HLD and
      0.000ns delay constraint less
      0.000ns skew requirement (totaling -0.013ns) by 0.372ns

 Physical Path Details:

      Data path SLICE_11 to SLICE_11:

   Name    Fanout   Delay (ns)          Site               Resource
REG_DEL     ---     0.131    R10C15A.CLK to     R10C15A.Q0 SLICE_11 (from htclk_c)
ROUTE         2     0.129     R10C15A.Q0 to     R10C15A.A0 frame_idx_7
CTOF_DEL    ---     0.099     R10C15A.A0 to     R10C15A.F0 SLICE_11
ROUTE         1     0.000     R10C15A.F0 to    R10C15A.DI0 n78 (to htclk_c)
                  --------
                    0.359   (64.1% logic, 35.9% route), 2 logic levels.

 Clock Skew Details: 

      Source Clock Path htclk to SLICE_11:

   Name    Fanout   Delay (ns)          Site               Resource
ROUTE        90     0.798       86.PADDI to    R10C15A.CLK htclk_c
                  --------
                    0.798   (0.0% logic, 100.0% route), 0 logic levels.

      Destination Clock Path htclk to SLICE_11:

   Name    Fanout   Delay (ns)          Site               Resource
ROUTE        90     0.798       86.PADDI to    R10C15A.CLK htclk_c
                  --------
                    0.798   (0.0% logic, 100.0% route), 0 logic levels.


Passed: The following path meets requirements by 0.372ns

 Logical Details:  Cell type  Pin type       Cell/ASIC name  (clock net +/-)

   Source:         FF         Q              frame_idx_187__i8  (from htclk_c +)
   Destination:    FF         Data in        frame_idx_187__i8  (to htclk_c +)

   Delay:               0.359ns  (64.1% logic, 35.9% route), 2 logic levels.

 Constraint Details:

      0.359ns physical path delay SLICE_11 to SLICE_11 meets
     -0.013ns DIN_HLD and
      0.000ns delay constraint less
      0.000ns skew requirement (totaling -0.013ns) by 0.372ns

 Physical Path Details:

      Data path SLICE_11 to SLICE_11:

   Name    Fanout   Delay (ns)          Site               Resource
REG_DEL     ---     0.131    R10C15A.CLK to     R10C15A.Q1 SLICE_11 (from htclk_c)
ROUTE         2     0.129     R10C15A.Q1 to     R10C15A.A1 frame_idx_8
CTOF_DEL    ---     0.099     R10C15A.A1 to     R10C15A.F1 SLICE_11
ROUTE         1     0.000     R10C15A.F1 to    R10C15A.DI1 n77 (to htclk_c)
                  --------
                    0.359   (64.1% logic, 35.9% route), 2 logic levels.

 Clock Skew Details: 

      Source Clock Path htclk to SLICE_11:

   Name    Fanout   Delay (ns)          Site               Resource
ROUTE        90     0.798       86.PADDI to    R10C15A.CLK htclk_c
                  --------
                    0.798   (0.0% logic, 100.0% route), 0 logic levels.

      Destination Clock Path htclk to SLICE_11:

   Name    Fanout   Delay (ns)          Site               Resource
ROUTE        90     0.798       86.PADDI to    R10C15A.CLK htclk_c
                  --------
                    0.798   (0.0% logic, 100.0% route), 0 logic levels.


Passed: The following path meets requirements by 0.372ns

 Logical Details:  Cell type  Pin type       Cell/ASIC name  (clock net +/-)

   Source:         FF         Q              frame_idx_187__i0  (from htclk_c +)
   Destination:    FF         Data in        frame_idx_187__i0  (to htclk_c +)

   Delay:               0.359ns  (64.1% logic, 35.9% route), 2 logic levels.

 Constraint Details:

      0.359ns physical path delay SLICE_12 to SLICE_12 meets
     -0.013ns DIN_HLD and
      0.000ns delay constraint less
      0.000ns skew requirement (totaling -0.013ns) by 0.372ns

 Physical Path Details:

      Data path SLICE_12 to SLICE_12:

   Name    Fanout   Delay (ns)          Site               Resource
REG_DEL     ---     0.131    R10C14A.CLK to     R10C14A.Q1 SLICE_12 (from htclk_c)
ROUTE         2     0.129     R10C14A.Q1 to     R10C14A.A1 frame_idx_0
CTOF_DEL    ---     0.099     R10C14A.A1 to     R10C14A.F1 SLICE_12
ROUTE         1     0.000     R10C14A.F1 to    R10C14A.DI1 n85 (to htclk_c)
                  --------
                    0.359   (64.1% logic, 35.9% route), 2 logic levels.

 Clock Skew Details: 

      Source Clock Path htclk to SLICE_12:

   Name    Fanout   Delay (ns)          Site               Resource
ROUTE        90     0.798       86.PADDI to    R10C14A.CLK htclk_c
                  --------
                    0.798   (0.0% logic, 100.0% route), 0 logic levels.

      Destination Clock Path htclk to SLICE_12:

   Name    Fanout   Delay (ns)          Site               Resource
ROUTE        90     0.798       86.PADDI to    R10C14A.CLK htclk_c
                  --------
                    0.798   (0.0% logic, 100.0% route), 0 logic levels.


Passed: The following path meets requirements by 0.372ns

 Logical Details:  Cell type  Pin type       Cell/ASIC name  (clock net +/-)

   Source:         FF         Q              frame_idx_187__i2  (from htclk_c +)
   Destination:    FF         Data in        frame_idx_187__i2  (to htclk_c +)

   Delay:               0.359ns  (64.1% logic, 35.9% route), 2 logic levels.

 Constraint Details:

      0.359ns physical path delay SLICE_13 to SLICE_13 meets
     -0.013ns DIN_HLD and
      0.000ns delay constraint less
      0.000ns skew requirement (totaling -0.013ns) by 0.372ns

 Physical Path Details:

      Data path SLICE_13 to SLICE_13:

   Name    Fanout   Delay (ns)          Site               Resource
REG_DEL     ---     0.131    R10C14B.CLK to     R10C14B.Q1 SLICE_13 (from htclk_c)
ROUTE         2     0.129     R10C14B.Q1 to     R10C14B.A1 frame_idx_2
CTOF_DEL    ---     0.099     R10C14B.A1 to     R10C14B.F1 SLICE_13
ROUTE         1     0.000     R10C14B.F1 to    R10C14B.DI1 n83 (to htclk_c)
                  --------
                    0.359   (64.1% logic, 35.9% route), 2 logic levels.

 Clock Skew Details: 

      Source Clock Path htclk to SLICE_13:

   Name    Fanout   Delay (ns)          Site               Resource
ROUTE        90     0.798       86.PADDI to    R10C14B.CLK htclk_c
                  --------
                    0.798   (0.0% logic, 100.0% route), 0 logic levels.

      Destination Clock Path htclk to SLICE_13:

   Name    Fanout   Delay (ns)          Site               Resource
ROUTE        90     0.798       86.PADDI to    R10C14B.CLK htclk_c
                  --------
                    0.798   (0.0% logic, 100.0% route), 0 logic levels.

Report Summary
--------------
----------------------------------------------------------------------------
Preference(MIN Delays)                  |   Constraint|       Actual|Levels
----------------------------------------------------------------------------
                                        |             |             |
FREQUENCY PORT "htclk" 120.000000 MHz ; |            -|            -|   2  
                                        |             |             |
----------------------------------------------------------------------------


All preferences were met.


Clock Domains Analysis
------------------------

Found 1 clocks:

Clock Domain: htclk_c   Source: htclk.PAD   Loads: 90
   Covered under: FREQUENCY PORT "htclk" 120.000000 MHz ;


Timing summary (Hold):
---------------

Timing errors: 0  Score: 0
Cumulative negative slack: 0

Constraints cover 3599 paths, 1 nets, and 1793 connections (97.82% coverage)



Timing summary (Setup and Hold):
---------------

Timing errors: 16 (setup), 0 (hold)
Score: 2631 (setup), 0 (hold)
Cumulative negative slack: 2631 (2631+0)
--------------------------------------------------------------------------------

--------------------------------------------------------------------------------

