
Loading design for application trce from file Scope_impl1.ncd.
Design name: adc_ft601
NCD version: 3.3
Vendor:      LATTICE
Device:      LCMXO2-1200HC
Package:     TQFP100
Performance: 4
Loading device for application trce from file 'xo2c1200.nph' in environment: /home/charlie/lscc/diamond/3.14/ispfpga.
Package Status:                     Final          Version 1.44.
Performance Hardware Data Status:   Final          Version 36.4.
Setup and Hold Report

--------------------------------------------------------------------------------
Lattice TRACE Report - Setup, Version Diamond (64-bit) 3.14.0.75.2
Sun Mar 29 13:31:21 2026

Copyright (c) 1991-1994 by NeoCAD Inc. All rights reserved.
Copyright (c) 1995 AT&T Corp.   All rights reserved.
Copyright (c) 1995-2001 Lucent Technologies Inc.  All rights reserved.
Copyright (c) 2001 Agere Systems   All rights reserved.
Copyright (c) 2002-2024 Lattice Semiconductor Corporation,  All rights reserved.

Report Information
------------------
Command line:    trce -v 10 -gt -sethld -sp 4 -sphld m -o Scope_impl1.twr -gui -msgset /home/charlie/scope/fpga/promote.xml Scope_impl1.ncd Scope_impl1.prf 
Design file:     Scope_impl1.ncd
Preference file: Scope_impl1.prf
Device,speed:    LCMXO2-1200HC,4
Report level:    verbose report, limited to 10 items per preference
--------------------------------------------------------------------------------

BLOCK ASYNCPATHS
BLOCK RESETPATHS
--------------------------------------------------------------------------------



================================================================================
Preference: FREQUENCY PORT "htclk" 120.000000 MHz ;
            3586 items scored, 0 timing errors detected.
--------------------------------------------------------------------------------


Passed: The following path meets requirements by 0.058ns

 Logical Details:  Cell type  Pin type       Cell/ASIC name  (clock net +/-)

   Source:         FF         Q              crcIn_i31  (from htclk_c +)
   Destination:    FF         Data in        ch_data_internal_i23  (to htclk_c +)

   Delay:               8.109ns  (36.2% logic, 63.8% route), 6 logic levels.

 Constraint Details:

      8.109ns physical path delay SLICE_99 to SLICE_46 meets
      8.333ns delay constraint less
      0.000ns skew and
      0.166ns DIN_SET requirement (totaling 8.167ns) by 0.058ns

 Physical Path Details:

      Data path SLICE_99 to SLICE_46:

   Name    Fanout   Delay (ns)          Site               Resource
REG_DEL     ---     0.454     R8C12D.CLK to      R8C12D.Q1 SLICE_99 (from htclk_c)
ROUTE         7     1.490      R8C12D.Q1 to      R7C15A.D0 crcIn_31
CTOF_DEL    ---     0.497      R7C15A.D0 to      R7C15A.F0 crc32/SLICE_153
ROUTE         4     0.677      R7C15A.F0 to      R7C15A.A1 crc32/n4899
CTOF_DEL    ---     0.497      R7C15A.A1 to      R7C15A.F1 crc32/SLICE_153
ROUTE         1     1.200      R7C15A.F1 to      R7C11D.C0 crc32/n4337
CTOF_DEL    ---     0.497      R7C11D.C0 to      R7C11D.F0 crc32/SLICE_205
ROUTE         1     1.164      R7C11D.F0 to       R7C7C.D1 crc32/n4347
CTOF_DEL    ---     0.497       R7C7C.D1 to       R7C7C.F1 SLICE_95
ROUTE         2     0.639       R7C7C.F1 to       R7C7D.D1 crcOut_23
CTOF_DEL    ---     0.497       R7C7D.D1 to       R7C7D.F1 SLICE_46
ROUTE         1     0.000       R7C7D.F1 to      R7C7D.DI1 ch_data_internal_31_N_197_23 (to htclk_c)
                  --------
                    8.109   (36.2% logic, 63.8% route), 6 logic levels.

 Clock Skew Details: 

      Source Clock Path htclk to SLICE_99:

   Name    Fanout   Delay (ns)          Site               Resource
ROUTE       173     2.373       86.PADDI to     R8C12D.CLK htclk_c
                  --------
                    2.373   (0.0% logic, 100.0% route), 0 logic levels.

      Destination Clock Path htclk to SLICE_46:

   Name    Fanout   Delay (ns)          Site               Resource
ROUTE       173     2.373       86.PADDI to      R7C7D.CLK htclk_c
                  --------
                    2.373   (0.0% logic, 100.0% route), 0 logic levels.


Passed: The following path meets requirements by 0.173ns

 Logical Details:  Cell type  Pin type       Cell/ASIC name  (clock net +/-)

   Source:         FF         Q              crcIn_i30  (from htclk_c +)
   Destination:    FF         Data in        ch_data_internal_i4  (to htclk_c +)

   Delay:               7.994ns  (36.8% logic, 63.2% route), 6 logic levels.

 Constraint Details:

      7.994ns physical path delay SLICE_99 to SLICE_37 meets
      8.333ns delay constraint less
      0.000ns skew and
      0.166ns DIN_SET requirement (totaling 8.167ns) by 0.173ns

 Physical Path Details:

      Data path SLICE_99 to SLICE_37:

   Name    Fanout   Delay (ns)          Site               Resource
REG_DEL     ---     0.454     R8C12D.CLK to      R8C12D.Q0 SLICE_99 (from htclk_c)
ROUTE         3     1.100      R8C12D.Q0 to      R7C13A.C0 crcIn_30
CTOF_DEL    ---     0.497      R7C13A.C0 to      R7C13A.F0 crc32/SLICE_148
ROUTE        10     1.363      R7C13A.F0 to      R9C12B.A0 crc32/n4898
CTOF_DEL    ---     0.497      R9C12B.A0 to      R9C12B.F0 crc32/SLICE_175
ROUTE         1     1.302      R9C12B.F0 to      R3C10B.C0 crc32/n3765
CTOF_DEL    ---     0.497      R3C10B.C0 to      R3C10B.F0 crc32/SLICE_147
ROUTE         1     0.964      R3C10B.F0 to      R3C12B.D0 crc32/n3769
CTOF_DEL    ---     0.497      R3C12B.D0 to      R3C12B.F0 SLICE_86
ROUTE         2     0.326      R3C12B.F0 to      R3C12C.D0 crcOut_4
CTOF_DEL    ---     0.497      R3C12C.D0 to      R3C12C.F0 SLICE_37
ROUTE         1     0.000      R3C12C.F0 to     R3C12C.DI0 ch_data_internal_31_N_197_4 (to htclk_c)
                  --------
                    7.994   (36.8% logic, 63.2% route), 6 logic levels.

 Clock Skew Details: 

      Source Clock Path htclk to SLICE_99:

   Name    Fanout   Delay (ns)          Site               Resource
ROUTE       173     2.373       86.PADDI to     R8C12D.CLK htclk_c
                  --------
                    2.373   (0.0% logic, 100.0% route), 0 logic levels.

      Destination Clock Path htclk to SLICE_37:

   Name    Fanout   Delay (ns)          Site               Resource
ROUTE       173     2.373       86.PADDI to     R3C12C.CLK htclk_c
                  --------
                    2.373   (0.0% logic, 100.0% route), 0 logic levels.


Passed: The following path meets requirements by 0.215ns

 Logical Details:  Cell type  Pin type       Cell/ASIC name  (clock net +/-)

   Source:         FF         Q              crcData_i9  (from htclk_c +)
   Destination:    FF         Data in        ch_data_internal_i23  (to htclk_c +)

   Delay:               7.952ns  (37.0% logic, 63.0% route), 6 logic levels.

 Constraint Details:

      7.952ns physical path delay SLICE_72 to SLICE_46 meets
      8.333ns delay constraint less
      0.000ns skew and
      0.166ns DIN_SET requirement (totaling 8.167ns) by 0.215ns

 Physical Path Details:

      Data path SLICE_72 to SLICE_46:

   Name    Fanout   Delay (ns)          Site               Resource
REG_DEL     ---     0.454     R7C15C.CLK to      R7C15C.Q1 SLICE_72 (from htclk_c)
ROUTE         3     0.999      R7C15C.Q1 to      R7C13B.A1 crcData_9
CTOF_DEL    ---     0.497      R7C13B.A1 to      R7C13B.F1 crc32/SLICE_139
ROUTE        11     1.011      R7C13B.F1 to      R7C15A.D1 crc32/n4932
CTOF_DEL    ---     0.497      R7C15A.D1 to      R7C15A.F1 crc32/SLICE_153
ROUTE         1     1.200      R7C15A.F1 to      R7C11D.C0 crc32/n4337
CTOF_DEL    ---     0.497      R7C11D.C0 to      R7C11D.F0 crc32/SLICE_205
ROUTE         1     1.164      R7C11D.F0 to       R7C7C.D1 crc32/n4347
CTOF_DEL    ---     0.497       R7C7C.D1 to       R7C7C.F1 SLICE_95
ROUTE         2     0.639       R7C7C.F1 to       R7C7D.D1 crcOut_23
CTOF_DEL    ---     0.497       R7C7D.D1 to       R7C7D.F1 SLICE_46
ROUTE         1     0.000       R7C7D.F1 to      R7C7D.DI1 ch_data_internal_31_N_197_23 (to htclk_c)
                  --------
                    7.952   (37.0% logic, 63.0% route), 6 logic levels.

 Clock Skew Details: 

      Source Clock Path htclk to SLICE_72:

   Name    Fanout   Delay (ns)          Site               Resource
ROUTE       173     2.373       86.PADDI to     R7C15C.CLK htclk_c
                  --------
                    2.373   (0.0% logic, 100.0% route), 0 logic levels.

      Destination Clock Path htclk to SLICE_46:

   Name    Fanout   Delay (ns)          Site               Resource
ROUTE       173     2.373       86.PADDI to      R7C7D.CLK htclk_c
                  --------
                    2.373   (0.0% logic, 100.0% route), 0 logic levels.


Passed: The following path meets requirements by 0.230ns

 Logical Details:  Cell type  Pin type       Cell/ASIC name  (clock net +/-)

   Source:         FF         Q              crcIn_i1  (from htclk_c +)
   Destination:    FF         Data in        ch_data_internal_i25  (to htclk_c +)

   Delay:               7.937ns  (30.8% logic, 69.2% route), 5 logic levels.

 Constraint Details:

      7.937ns physical path delay SLICE_84 to SLICE_47 meets
      8.333ns delay constraint less
      0.000ns skew and
      0.166ns DIN_SET requirement (totaling 8.167ns) by 0.230ns

 Physical Path Details:

      Data path SLICE_84 to SLICE_47:

   Name    Fanout   Delay (ns)          Site               Resource
REG_DEL     ---     0.454     R4C13B.CLK to      R4C13B.Q1 SLICE_84 (from htclk_c)
ROUTE         9     2.069      R4C13B.Q1 to     R10C10B.C0 crcIn_1
CTOF_DEL    ---     0.497     R10C10B.C0 to     R10C10B.F0 crc32/SLICE_236
ROUTE         1     1.302     R10C10B.F0 to      R4C11D.C1 crc32/n4027
CTOF_DEL    ---     0.497      R4C11D.C1 to      R4C11D.F1 crc32/SLICE_192
ROUTE         1     1.485      R4C11D.F1 to      R4C14A.C1 crc32/n4039
CTOF_DEL    ---     0.497      R4C14A.C1 to      R4C14A.F1 SLICE_96
ROUTE         2     0.639      R4C14A.F1 to      R4C14C.D1 crcOut_25
CTOF_DEL    ---     0.497      R4C14C.D1 to      R4C14C.F1 SLICE_47
ROUTE         1     0.000      R4C14C.F1 to     R4C14C.DI1 ch_data_internal_31_N_197_25 (to htclk_c)
                  --------
                    7.937   (30.8% logic, 69.2% route), 5 logic levels.

 Clock Skew Details: 

      Source Clock Path htclk to SLICE_84:

   Name    Fanout   Delay (ns)          Site               Resource
ROUTE       173     2.373       86.PADDI to     R4C13B.CLK htclk_c
                  --------
                    2.373   (0.0% logic, 100.0% route), 0 logic levels.

      Destination Clock Path htclk to SLICE_47:

   Name    Fanout   Delay (ns)          Site               Resource
ROUTE       173     2.373       86.PADDI to     R4C14C.CLK htclk_c
                  --------
                    2.373   (0.0% logic, 100.0% route), 0 logic levels.


Passed: The following path meets requirements by 0.295ns

 Logical Details:  Cell type  Pin type       Cell/ASIC name  (clock net +/-)

   Source:         FF         Q              crcData_i30  (from htclk_c +)
   Destination:    FF         Data in        ch_data_internal_i4  (to htclk_c +)

   Delay:               7.872ns  (37.3% logic, 62.7% route), 6 logic levels.

 Constraint Details:

      7.872ns physical path delay SLICE_83 to SLICE_37 meets
      8.333ns delay constraint less
      0.000ns skew and
      0.166ns DIN_SET requirement (totaling 8.167ns) by 0.295ns

 Physical Path Details:

      Data path SLICE_83 to SLICE_37:

   Name    Fanout   Delay (ns)          Site               Resource
REG_DEL     ---     0.454     R8C15C.CLK to      R8C15C.Q0 SLICE_83 (from htclk_c)
ROUTE         3     0.978      R8C15C.Q0 to      R7C13A.D0 crcData_30
CTOF_DEL    ---     0.497      R7C13A.D0 to      R7C13A.F0 crc32/SLICE_148
ROUTE        10     1.363      R7C13A.F0 to      R9C12B.A0 crc32/n4898
CTOF_DEL    ---     0.497      R9C12B.A0 to      R9C12B.F0 crc32/SLICE_175
ROUTE         1     1.302      R9C12B.F0 to      R3C10B.C0 crc32/n3765
CTOF_DEL    ---     0.497      R3C10B.C0 to      R3C10B.F0 crc32/SLICE_147
ROUTE         1     0.964      R3C10B.F0 to      R3C12B.D0 crc32/n3769
CTOF_DEL    ---     0.497      R3C12B.D0 to      R3C12B.F0 SLICE_86
ROUTE         2     0.326      R3C12B.F0 to      R3C12C.D0 crcOut_4
CTOF_DEL    ---     0.497      R3C12C.D0 to      R3C12C.F0 SLICE_37
ROUTE         1     0.000      R3C12C.F0 to     R3C12C.DI0 ch_data_internal_31_N_197_4 (to htclk_c)
                  --------
                    7.872   (37.3% logic, 62.7% route), 6 logic levels.

 Clock Skew Details: 

      Source Clock Path htclk to SLICE_83:

   Name    Fanout   Delay (ns)          Site               Resource
ROUTE       173     2.373       86.PADDI to     R8C15C.CLK htclk_c
                  --------
                    2.373   (0.0% logic, 100.0% route), 0 logic levels.

      Destination Clock Path htclk to SLICE_37:

   Name    Fanout   Delay (ns)          Site               Resource
ROUTE       173     2.373       86.PADDI to     R3C12C.CLK htclk_c
                  --------
                    2.373   (0.0% logic, 100.0% route), 0 logic levels.


Passed: The following path meets requirements by 0.298ns

 Logical Details:  Cell type  Pin type       Cell/ASIC name  (clock net +/-)

   Source:         FF         Q              crcIn_i30  (from htclk_c +)
   Destination:    FF         Data in        ch_data_internal_i23  (to htclk_c +)

   Delay:               7.869ns  (37.3% logic, 62.7% route), 6 logic levels.

 Constraint Details:

      7.869ns physical path delay SLICE_99 to SLICE_46 meets
      8.333ns delay constraint less
      0.000ns skew and
      0.166ns DIN_SET requirement (totaling 8.167ns) by 0.298ns

 Physical Path Details:

      Data path SLICE_99 to SLICE_46:

   Name    Fanout   Delay (ns)          Site               Resource
REG_DEL     ---     0.454     R8C12D.CLK to      R8C12D.Q0 SLICE_99 (from htclk_c)
ROUTE         3     1.100      R8C12D.Q0 to      R7C13A.C0 crcIn_30
CTOF_DEL    ---     0.497      R7C13A.C0 to      R7C13A.F0 crc32/SLICE_148
ROUTE        10     0.827      R7C13A.F0 to      R7C15A.C1 crc32/n4898
CTOF_DEL    ---     0.497      R7C15A.C1 to      R7C15A.F1 crc32/SLICE_153
ROUTE         1     1.200      R7C15A.F1 to      R7C11D.C0 crc32/n4337
CTOF_DEL    ---     0.497      R7C11D.C0 to      R7C11D.F0 crc32/SLICE_205
ROUTE         1     1.164      R7C11D.F0 to       R7C7C.D1 crc32/n4347
CTOF_DEL    ---     0.497       R7C7C.D1 to       R7C7C.F1 SLICE_95
ROUTE         2     0.639       R7C7C.F1 to       R7C7D.D1 crcOut_23
CTOF_DEL    ---     0.497       R7C7D.D1 to       R7C7D.F1 SLICE_46
ROUTE         1     0.000       R7C7D.F1 to      R7C7D.DI1 ch_data_internal_31_N_197_23 (to htclk_c)
                  --------
                    7.869   (37.3% logic, 62.7% route), 6 logic levels.

 Clock Skew Details: 

      Source Clock Path htclk to SLICE_99:

   Name    Fanout   Delay (ns)          Site               Resource
ROUTE       173     2.373       86.PADDI to     R8C12D.CLK htclk_c
                  --------
                    2.373   (0.0% logic, 100.0% route), 0 logic levels.

      Destination Clock Path htclk to SLICE_46:

   Name    Fanout   Delay (ns)          Site               Resource
ROUTE       173     2.373       86.PADDI to      R7C7D.CLK htclk_c
                  --------
                    2.373   (0.0% logic, 100.0% route), 0 logic levels.


Passed: The following path meets requirements by 0.331ns

 Logical Details:  Cell type  Pin type       Cell/ASIC name  (clock net +/-)

   Source:         FF         Q              crcData_i8  (from htclk_c +)
   Destination:    FF         Data in        ch_data_internal_i4  (to htclk_c +)

   Delay:               7.836ns  (37.5% logic, 62.5% route), 6 logic levels.

 Constraint Details:

      7.836ns physical path delay SLICE_72 to SLICE_37 meets
      8.333ns delay constraint less
      0.000ns skew and
      0.166ns DIN_SET requirement (totaling 8.167ns) by 0.331ns

 Physical Path Details:

      Data path SLICE_72 to SLICE_37:

   Name    Fanout   Delay (ns)          Site               Resource
REG_DEL     ---     0.454     R7C15C.CLK to      R7C15C.Q0 SLICE_72 (from htclk_c)
ROUTE         6     1.650      R7C15C.Q0 to      R9C12B.C1 crcData_8
CTOF_DEL    ---     0.497      R9C12B.C1 to      R9C12B.F1 crc32/SLICE_175
ROUTE         8     0.655      R9C12B.F1 to      R9C12B.D0 crc32/n4923
CTOF_DEL    ---     0.497      R9C12B.D0 to      R9C12B.F0 crc32/SLICE_175
ROUTE         1     1.302      R9C12B.F0 to      R3C10B.C0 crc32/n3765
CTOF_DEL    ---     0.497      R3C10B.C0 to      R3C10B.F0 crc32/SLICE_147
ROUTE         1     0.964      R3C10B.F0 to      R3C12B.D0 crc32/n3769
CTOF_DEL    ---     0.497      R3C12B.D0 to      R3C12B.F0 SLICE_86
ROUTE         2     0.326      R3C12B.F0 to      R3C12C.D0 crcOut_4
CTOF_DEL    ---     0.497      R3C12C.D0 to      R3C12C.F0 SLICE_37
ROUTE         1     0.000      R3C12C.F0 to     R3C12C.DI0 ch_data_internal_31_N_197_4 (to htclk_c)
                  --------
                    7.836   (37.5% logic, 62.5% route), 6 logic levels.

 Clock Skew Details: 

      Source Clock Path htclk to SLICE_72:

   Name    Fanout   Delay (ns)          Site               Resource
ROUTE       173     2.373       86.PADDI to     R7C15C.CLK htclk_c
                  --------
                    2.373   (0.0% logic, 100.0% route), 0 logic levels.

      Destination Clock Path htclk to SLICE_37:

   Name    Fanout   Delay (ns)          Site               Resource
ROUTE       173     2.373       86.PADDI to     R3C12C.CLK htclk_c
                  --------
                    2.373   (0.0% logic, 100.0% route), 0 logic levels.


Passed: The following path meets requirements by 0.338ns

 Logical Details:  Cell type  Pin type       Cell/ASIC name  (clock net +/-)

   Source:         FF         Q              crcIn_i6  (from htclk_c +)
   Destination:    FF         Data in        ch_data_internal_i31  (to htclk_c +)

   Delay:               7.829ns  (40.5% logic, 59.5% route), 6 logic levels.

 Constraint Details:

      7.829ns physical path delay SLICE_87 to SLICE_51 meets
      8.333ns delay constraint less
      0.000ns skew and
      0.166ns DIN_SET requirement (totaling 8.167ns) by 0.338ns

 Physical Path Details:

      Data path SLICE_87 to SLICE_51:

   Name    Fanout   Delay (ns)          Site               Resource
REG_DEL     ---     0.454     R5C13A.CLK to      R5C13A.Q0 SLICE_87 (from htclk_c)
ROUTE         5     0.784      R5C13A.Q0 to      R5C14B.C1 crcIn_6
CTOF_DEL    ---     0.497      R5C14B.C1 to      R5C14B.F1 crc32/SLICE_164
ROUTE         7     1.065      R5C14B.F1 to      R5C12B.B1 crc32/n4925
CTOF_DEL    ---     0.497      R5C12B.B1 to      R5C12B.F1 crc32/SLICE_221
ROUTE         1     0.751      R5C12B.F1 to      R5C12C.C1 crc32/n4543
CTOF_DEL    ---     0.497      R5C12C.C1 to      R5C12C.F1 crc32/SLICE_182
ROUTE         1     1.408      R5C12C.F1 to      R8C12D.B1 crc32/n4551
CTOF_DEL    ---     0.497      R8C12D.B1 to      R8C12D.F1 SLICE_99
ROUTE         3     0.654      R8C12D.F1 to      R8C12B.D1 crcOut_31
CTOOFX_DEL  ---     0.725      R8C12B.D1 to    R8C12B.OFX0 SLICE_51
ROUTE         1     0.000    R8C12B.OFX0 to     R8C12B.DI0 ch_data_internal_31_N_197_31 (to htclk_c)
                  --------
                    7.829   (40.5% logic, 59.5% route), 6 logic levels.

 Clock Skew Details: 

      Source Clock Path htclk to SLICE_87:

   Name    Fanout   Delay (ns)          Site               Resource
ROUTE       173     2.373       86.PADDI to     R5C13A.CLK htclk_c
                  --------
                    2.373   (0.0% logic, 100.0% route), 0 logic levels.

      Destination Clock Path htclk to SLICE_51:

   Name    Fanout   Delay (ns)          Site               Resource
ROUTE       173     2.373       86.PADDI to     R8C12B.CLK htclk_c
                  --------
                    2.373   (0.0% logic, 100.0% route), 0 logic levels.


Passed: The following path meets requirements by 0.338ns

 Logical Details:  Cell type  Pin type       Cell/ASIC name  (clock net +/-)

   Source:         FF         Q              crcIn_i6  (from htclk_c +)
   Destination:    FF         Data in        ch_data_internal_i31  (to htclk_c +)

   Delay:               7.829ns  (40.5% logic, 59.5% route), 6 logic levels.

 Constraint Details:

      7.829ns physical path delay SLICE_87 to SLICE_51 meets
      8.333ns delay constraint less
      0.000ns skew and
      0.166ns DIN_SET requirement (totaling 8.167ns) by 0.338ns

 Physical Path Details:

      Data path SLICE_87 to SLICE_51:

   Name    Fanout   Delay (ns)          Site               Resource
REG_DEL     ---     0.454     R5C13A.CLK to      R5C13A.Q0 SLICE_87 (from htclk_c)
ROUTE         5     0.784      R5C13A.Q0 to      R5C14B.C1 crcIn_6
CTOF_DEL    ---     0.497      R5C14B.C1 to      R5C14B.F1 crc32/SLICE_164
ROUTE         7     1.065      R5C14B.F1 to      R5C12B.B1 crc32/n4925
CTOF_DEL    ---     0.497      R5C12B.B1 to      R5C12B.F1 crc32/SLICE_221
ROUTE         1     0.751      R5C12B.F1 to      R5C12C.C1 crc32/n4543
CTOF_DEL    ---     0.497      R5C12C.C1 to      R5C12C.F1 crc32/SLICE_182
ROUTE         1     1.408      R5C12C.F1 to      R8C12D.B1 crc32/n4551
CTOF_DEL    ---     0.497      R8C12D.B1 to      R8C12D.F1 SLICE_99
ROUTE         3     0.654      R8C12D.F1 to      R8C12B.D0 crcOut_31
CTOOFX_DEL  ---     0.725      R8C12B.D0 to    R8C12B.OFX0 SLICE_51
ROUTE         1     0.000    R8C12B.OFX0 to     R8C12B.DI0 ch_data_internal_31_N_197_31 (to htclk_c)
                  --------
                    7.829   (40.5% logic, 59.5% route), 6 logic levels.

 Clock Skew Details: 

      Source Clock Path htclk to SLICE_87:

   Name    Fanout   Delay (ns)          Site               Resource
ROUTE       173     2.373       86.PADDI to     R5C13A.CLK htclk_c
                  --------
                    2.373   (0.0% logic, 100.0% route), 0 logic levels.

      Destination Clock Path htclk to SLICE_51:

   Name    Fanout   Delay (ns)          Site               Resource
ROUTE       173     2.373       86.PADDI to     R8C12B.CLK htclk_c
                  --------
                    2.373   (0.0% logic, 100.0% route), 0 logic levels.


Passed: The following path meets requirements by 0.359ns

 Logical Details:  Cell type  Pin type       Cell/ASIC name  (clock net +/-)

   Source:         FF         Q              crcData_i20  (from htclk_c +)
   Destination:    FF         Data in        ch_data_internal_i4  (to htclk_c +)

   Delay:               7.808ns  (37.6% logic, 62.4% route), 6 logic levels.

 Constraint Details:

      7.808ns physical path delay SLICE_78 to SLICE_37 meets
      8.333ns delay constraint less
      0.000ns skew and
      0.166ns DIN_SET requirement (totaling 8.167ns) by 0.359ns

 Physical Path Details:

      Data path SLICE_78 to SLICE_37:

   Name    Fanout   Delay (ns)          Site               Resource
REG_DEL     ---     0.454     R9C10D.CLK to      R9C10D.Q0 SLICE_78 (from htclk_c)
ROUTE         2     1.036      R9C10D.Q0 to      R7C10A.B0 crcData_20
CTOF_DEL    ---     0.497      R7C10A.B0 to      R7C10A.F0 crc32/SLICE_186
ROUTE         8     1.241      R7C10A.F0 to      R9C12B.C0 crc32/n4906
CTOF_DEL    ---     0.497      R9C12B.C0 to      R9C12B.F0 crc32/SLICE_175
ROUTE         1     1.302      R9C12B.F0 to      R3C10B.C0 crc32/n3765
CTOF_DEL    ---     0.497      R3C10B.C0 to      R3C10B.F0 crc32/SLICE_147
ROUTE         1     0.964      R3C10B.F0 to      R3C12B.D0 crc32/n3769
CTOF_DEL    ---     0.497      R3C12B.D0 to      R3C12B.F0 SLICE_86
ROUTE         2     0.326      R3C12B.F0 to      R3C12C.D0 crcOut_4
CTOF_DEL    ---     0.497      R3C12C.D0 to      R3C12C.F0 SLICE_37
ROUTE         1     0.000      R3C12C.F0 to     R3C12C.DI0 ch_data_internal_31_N_197_4 (to htclk_c)
                  --------
                    7.808   (37.6% logic, 62.4% route), 6 logic levels.

 Clock Skew Details: 

      Source Clock Path htclk to SLICE_78:

   Name    Fanout   Delay (ns)          Site               Resource
ROUTE       173     2.373       86.PADDI to     R9C10D.CLK htclk_c
                  --------
                    2.373   (0.0% logic, 100.0% route), 0 logic levels.

      Destination Clock Path htclk to SLICE_37:

   Name    Fanout   Delay (ns)          Site               Resource
ROUTE       173     2.373       86.PADDI to     R3C12C.CLK htclk_c
                  --------
                    2.373   (0.0% logic, 100.0% route), 0 logic levels.

Report:  120.846MHz is the maximum frequency for this preference.

Report Summary
--------------
----------------------------------------------------------------------------
Preference                              |   Constraint|       Actual|Levels
----------------------------------------------------------------------------
                                        |             |             |
FREQUENCY PORT "htclk" 120.000000 MHz ; |  120.000 MHz|  120.846 MHz|   6  
                                        |             |             |
----------------------------------------------------------------------------


All preferences were met.


Clock Domains Analysis
------------------------

Found 1 clocks:

Clock Domain: htclk_c   Source: htclk.PAD   Loads: 173
   Covered under: FREQUENCY PORT "htclk" 120.000000 MHz ;


Timing summary (Setup):
---------------

Timing errors: 0  Score: 0
Cumulative negative slack: 0

Constraints cover 3586 paths, 1 nets, and 1949 connections (97.89% coverage)

--------------------------------------------------------------------------------
Lattice TRACE Report - Hold, Version Diamond (64-bit) 3.14.0.75.2
Sun Mar 29 13:31:21 2026

Copyright (c) 1991-1994 by NeoCAD Inc. All rights reserved.
Copyright (c) 1995 AT&T Corp.   All rights reserved.
Copyright (c) 1995-2001 Lucent Technologies Inc.  All rights reserved.
Copyright (c) 2001 Agere Systems   All rights reserved.
Copyright (c) 2002-2024 Lattice Semiconductor Corporation,  All rights reserved.

Report Information
------------------
Command line:    trce -v 10 -gt -sethld -sp 4 -sphld m -o Scope_impl1.twr -gui -msgset /home/charlie/scope/fpga/promote.xml Scope_impl1.ncd Scope_impl1.prf 
Design file:     Scope_impl1.ncd
Preference file: Scope_impl1.prf
Device,speed:    LCMXO2-1200HC,m
Report level:    verbose report, limited to 10 items per preference
--------------------------------------------------------------------------------

BLOCK ASYNCPATHS
BLOCK RESETPATHS
--------------------------------------------------------------------------------



================================================================================
Preference: FREQUENCY PORT "htclk" 120.000000 MHz ;
            3586 items scored, 0 timing errors detected.
--------------------------------------------------------------------------------


Passed: The following path meets requirements by 0.214ns

 Logical Details:  Cell type  Pin type       Cell/ASIC name  (clock net +/-)

   Source:         FF         Q              ram_data_in_i0_i11  (from htclk_c +)
   Destination:    DP8KC      Port           ram/ram_0_1_2(ASIC)  (to htclk_c +)

   Delay:               0.318ns  (41.2% logic, 58.8% route), 1 logic levels.

 Constraint Details:

      0.318ns physical path delay SLICE_112 to ram/ram_0_1_2 meets
      0.051ns DATA_HLD and
      0.000ns delay constraint less
     -0.053ns skew requirement (totaling 0.104ns) by 0.214ns

 Physical Path Details:

      Data path SLICE_112 to ram/ram_0_1_2:

   Name    Fanout   Delay (ns)          Site               Resource
REG_DEL     ---     0.131      R7C5C.CLK to       R7C5C.Q1 SLICE_112 (from htclk_c)
ROUTE         1     0.187       R7C5C.Q1 to  EBR_R6C4.DIA2 ram_data_in_11 (to htclk_c)
                  --------
                    0.318   (41.2% logic, 58.8% route), 1 logic levels.

 Clock Skew Details: 

      Source Clock Path htclk to SLICE_112:

   Name    Fanout   Delay (ns)          Site               Resource
ROUTE       173     0.798       86.PADDI to      R7C5C.CLK htclk_c
                  --------
                    0.798   (0.0% logic, 100.0% route), 0 logic levels.

      Destination Clock Path htclk to ram/ram_0_1_2:

   Name    Fanout   Delay (ns)          Site               Resource
ROUTE       173     0.851       86.PADDI to  EBR_R6C4.CLKA htclk_c
                  --------
                    0.851   (0.0% logic, 100.0% route), 0 logic levels.


Passed: The following path meets requirements by 0.214ns

 Logical Details:  Cell type  Pin type       Cell/ASIC name  (clock net +/-)

   Source:         FF         Q              ram_data_in_i0_i16  (from htclk_c +)
   Destination:    DP8KC      Port           ram/ram_0_1_2(ASIC)  (to htclk_c +)

   Delay:               0.318ns  (41.2% logic, 58.8% route), 1 logic levels.

 Constraint Details:

      0.318ns physical path delay SLICE_115 to ram/ram_0_1_2 meets
      0.051ns DATA_HLD and
      0.000ns delay constraint less
     -0.053ns skew requirement (totaling 0.104ns) by 0.214ns

 Physical Path Details:

      Data path SLICE_115 to ram/ram_0_1_2:

   Name    Fanout   Delay (ns)          Site               Resource
REG_DEL     ---     0.131      R7C6D.CLK to       R7C6D.Q0 SLICE_115 (from htclk_c)
ROUTE         1     0.187       R7C6D.Q0 to  EBR_R6C4.DIA7 ram_data_in_16 (to htclk_c)
                  --------
                    0.318   (41.2% logic, 58.8% route), 1 logic levels.

 Clock Skew Details: 

      Source Clock Path htclk to SLICE_115:

   Name    Fanout   Delay (ns)          Site               Resource
ROUTE       173     0.798       86.PADDI to      R7C6D.CLK htclk_c
                  --------
                    0.798   (0.0% logic, 100.0% route), 0 logic levels.

      Destination Clock Path htclk to ram/ram_0_1_2:

   Name    Fanout   Delay (ns)          Site               Resource
ROUTE       173     0.851       86.PADDI to  EBR_R6C4.CLKA htclk_c
                  --------
                    0.851   (0.0% logic, 100.0% route), 0 logic levels.


Passed: The following path meets requirements by 0.216ns

 Logical Details:  Cell type  Pin type       Cell/ASIC name  (clock net +/-)

   Source:         FF         Q              ram_write_addr_268__i1  (from htclk_c +)
   Destination:    DP8KC      Port           ram/ram_0_3_0(ASIC)  (to htclk_c +)

   Delay:               0.321ns  (40.8% logic, 59.2% route), 1 logic levels.

 Constraint Details:

      0.321ns physical path delay SLICE_25 to ram/ram_0_3_0 meets
      0.052ns ADDR_HLD and
      0.000ns delay constraint less
     -0.053ns skew requirement (totaling 0.105ns) by 0.216ns

 Physical Path Details:

      Data path SLICE_25 to ram/ram_0_3_0:

   Name    Fanout   Delay (ns)          Site               Resource
REG_DEL     ---     0.131     R7C16B.CLK to      R7C16B.Q0 SLICE_25 (from htclk_c)
ROUTE         6     0.190      R7C16B.Q0 to EBR_R6C14.ADA4 ram_write_addr_1 (to htclk_c)
                  --------
                    0.321   (40.8% logic, 59.2% route), 1 logic levels.

 Clock Skew Details: 

      Source Clock Path htclk to SLICE_25:

   Name    Fanout   Delay (ns)          Site               Resource
ROUTE       173     0.798       86.PADDI to     R7C16B.CLK htclk_c
                  --------
                    0.798   (0.0% logic, 100.0% route), 0 logic levels.

      Destination Clock Path htclk to ram/ram_0_3_0:

   Name    Fanout   Delay (ns)          Site               Resource
ROUTE       173     0.851       86.PADDI to EBR_R6C14.CLKA htclk_c
                  --------
                    0.851   (0.0% logic, 100.0% route), 0 logic levels.


Passed: The following path meets requirements by 0.282ns

 Logical Details:  Cell type  Pin type       Cell/ASIC name  (clock net +/-)

   Source:         FF         Q              ch_data_internal_b_i20  (from htclk_c +)
   Destination:    FF         Data in        ch_data_i21  (to htclk_c +)

   Delay:               0.299ns  (43.8% logic, 56.2% route), 1 logic levels.

 Constraint Details:

      0.299ns physical path delay SLICE_62 to ch_data[20]_MGIOL meets
     -0.036ns DO_HLD and
      0.000ns delay constraint less
     -0.053ns skew requirement (totaling 0.017ns) by 0.282ns

 Physical Path Details:

      Data path SLICE_62 to ch_data[20]_MGIOL:

   Name    Fanout   Delay (ns)          Site               Resource
REG_DEL     ---     0.131     R8C20C.CLK to      R8C20C.Q0 SLICE_62 (from htclk_c)
ROUTE         1     0.168      R8C20C.Q0 to   IOL_R8C.OPOS ch_data_internal_b_20 (to htclk_c)
                  --------
                    0.299   (43.8% logic, 56.2% route), 1 logic levels.

 Clock Skew Details: 

      Source Clock Path htclk to SLICE_62:

   Name    Fanout   Delay (ns)          Site               Resource
ROUTE       173     0.798       86.PADDI to     R8C20C.CLK htclk_c
                  --------
                    0.798   (0.0% logic, 100.0% route), 0 logic levels.

      Destination Clock Path htclk to ch_data[20]_MGIOL:

   Name    Fanout   Delay (ns)          Site               Resource
ROUTE       173     0.851       86.PADDI to    IOL_R8C.CLK htclk_c
                  --------
                    0.851   (0.0% logic, 100.0% route), 0 logic levels.


Passed: The following path meets requirements by 0.282ns

 Logical Details:  Cell type  Pin type       Cell/ASIC name  (clock net +/-)

   Source:         FF         Q              ch_data_internal_b_i21  (from htclk_c +)
   Destination:    FF         Data in        ch_data_i22  (to htclk_c +)

   Delay:               0.299ns  (43.8% logic, 56.2% route), 1 logic levels.

 Constraint Details:

      0.299ns physical path delay SLICE_62 to ch_data[21]_MGIOL meets
     -0.036ns DO_HLD and
      0.000ns delay constraint less
     -0.053ns skew requirement (totaling 0.017ns) by 0.282ns

 Physical Path Details:

      Data path SLICE_62 to ch_data[21]_MGIOL:

   Name    Fanout   Delay (ns)          Site               Resource
REG_DEL     ---     0.131     R8C20C.CLK to      R8C20C.Q1 SLICE_62 (from htclk_c)
ROUTE         1     0.168      R8C20C.Q1 to   IOL_R8D.OPOS ch_data_internal_b_21 (to htclk_c)
                  --------
                    0.299   (43.8% logic, 56.2% route), 1 logic levels.

 Clock Skew Details: 

      Source Clock Path htclk to SLICE_62:

   Name    Fanout   Delay (ns)          Site               Resource
ROUTE       173     0.798       86.PADDI to     R8C20C.CLK htclk_c
                  --------
                    0.798   (0.0% logic, 100.0% route), 0 logic levels.

      Destination Clock Path htclk to ch_data[21]_MGIOL:

   Name    Fanout   Delay (ns)          Site               Resource
ROUTE       173     0.851       86.PADDI to    IOL_R8D.CLK htclk_c
                  --------
                    0.851   (0.0% logic, 100.0% route), 0 logic levels.


Passed: The following path meets requirements by 0.282ns

 Logical Details:  Cell type  Pin type       Cell/ASIC name  (clock net +/-)

   Source:         FF         Q              ch_data_internal_b_i30  (from htclk_c +)
   Destination:    FF         Data in        ch_data_i31  (to htclk_c +)

   Delay:               0.299ns  (43.8% logic, 56.2% route), 1 logic levels.

 Constraint Details:

      0.299ns physical path delay SLICE_67 to ch_data[30]_MGIOL meets
     -0.036ns DO_HLD and
      0.000ns delay constraint less
     -0.053ns skew requirement (totaling 0.017ns) by 0.282ns

 Physical Path Details:

      Data path SLICE_67 to ch_data[30]_MGIOL:

   Name    Fanout   Delay (ns)          Site               Resource
REG_DEL     ---     0.131    R10C15C.CLK to     R10C15C.Q0 SLICE_67 (from htclk_c)
ROUTE         1     0.168     R10C15C.Q0 to  IOL_B15B.OPOS ch_data_internal_b_30 (to htclk_c)
                  --------
                    0.299   (43.8% logic, 56.2% route), 1 logic levels.

 Clock Skew Details: 

      Source Clock Path htclk to SLICE_67:

   Name    Fanout   Delay (ns)          Site               Resource
ROUTE       173     0.798       86.PADDI to    R10C15C.CLK htclk_c
                  --------
                    0.798   (0.0% logic, 100.0% route), 0 logic levels.

      Destination Clock Path htclk to ch_data[30]_MGIOL:

   Name    Fanout   Delay (ns)          Site               Resource
ROUTE       173     0.851       86.PADDI to   IOL_B15B.CLK htclk_c
                  --------
                    0.851   (0.0% logic, 100.0% route), 0 logic levels.


Passed: The following path meets requirements by 0.282ns

 Logical Details:  Cell type  Pin type       Cell/ASIC name  (clock net +/-)

   Source:         FF         Q              ch_data_internal_b_i31  (from htclk_c +)
   Destination:    FF         Data in        ch_data_i32  (to htclk_c +)

   Delay:               0.299ns  (43.8% logic, 56.2% route), 1 logic levels.

 Constraint Details:

      0.299ns physical path delay SLICE_67 to ch_data[31]_MGIOL meets
     -0.036ns DO_HLD and
      0.000ns delay constraint less
     -0.053ns skew requirement (totaling 0.017ns) by 0.282ns

 Physical Path Details:

      Data path SLICE_67 to ch_data[31]_MGIOL:

   Name    Fanout   Delay (ns)          Site               Resource
REG_DEL     ---     0.131    R10C15C.CLK to     R10C15C.Q1 SLICE_67 (from htclk_c)
ROUTE         1     0.168     R10C15C.Q1 to  IOL_B15A.OPOS ch_data_internal_b_31 (to htclk_c)
                  --------
                    0.299   (43.8% logic, 56.2% route), 1 logic levels.

 Clock Skew Details: 

      Source Clock Path htclk to SLICE_67:

   Name    Fanout   Delay (ns)          Site               Resource
ROUTE       173     0.798       86.PADDI to    R10C15C.CLK htclk_c
                  --------
                    0.798   (0.0% logic, 100.0% route), 0 logic levels.

      Destination Clock Path htclk to ch_data[31]_MGIOL:

   Name    Fanout   Delay (ns)          Site               Resource
ROUTE       173     0.851       86.PADDI to   IOL_B15A.CLK htclk_c
                  --------
                    0.851   (0.0% logic, 100.0% route), 0 logic levels.


Passed: The following path meets requirements by 0.298ns

 Logical Details:  Cell type  Pin type       Cell/ASIC name  (clock net +/-)

   Source:         FF         Q              ram_read_addr_263__i3  (from htclk_c +)
   Destination:    DP8KC      Port           ram/ram_0_1_2(ASIC)  (to htclk_c +)

   Delay:               0.422ns  (31.0% logic, 69.0% route), 1 logic levels.

 Constraint Details:

      0.422ns physical path delay SLICE_2 to ram/ram_0_1_2 meets
      0.071ns ADDR_HLD and
      0.000ns delay constraint less
     -0.053ns skew requirement (totaling 0.124ns) by 0.298ns

 Physical Path Details:

      Data path SLICE_2 to ram/ram_0_1_2:

   Name    Fanout   Delay (ns)          Site               Resource
REG_DEL     ---     0.131      R5C6C.CLK to       R5C6C.Q0 SLICE_2 (from htclk_c)
ROUTE         5     0.291       R5C6C.Q0 to  EBR_R6C4.ADB6 ram_read_addr_3 (to htclk_c)
                  --------
                    0.422   (31.0% logic, 69.0% route), 1 logic levels.

 Clock Skew Details: 

      Source Clock Path htclk to SLICE_2:

   Name    Fanout   Delay (ns)          Site               Resource
ROUTE       173     0.798       86.PADDI to      R5C6C.CLK htclk_c
                  --------
                    0.798   (0.0% logic, 100.0% route), 0 logic levels.

      Destination Clock Path htclk to ram/ram_0_1_2:

   Name    Fanout   Delay (ns)          Site               Resource
ROUTE       173     0.851       86.PADDI to  EBR_R6C4.CLKB htclk_c
                  --------
                    0.851   (0.0% logic, 100.0% route), 0 logic levels.


Passed: The following path meets requirements by 0.301ns

 Logical Details:  Cell type  Pin type       Cell/ASIC name  (clock net +/-)

   Source:         FF         Q              counter_262_282__i1_rep_93  (from htclk_c +)
   Destination:    FF         Data in        ram_wren_74  (to htclk_c +)

   Delay:               0.282ns  (46.5% logic, 53.5% route), 1 logic levels.

 Constraint Details:

      0.282ns physical path delay SLICE_124 to SLICE_124 meets
     -0.019ns M_HLD and
      0.000ns delay constraint less
      0.000ns skew requirement (totaling -0.019ns) by 0.301ns

 Physical Path Details:

      Data path SLICE_124 to SLICE_124:

   Name    Fanout   Delay (ns)          Site               Resource
REG_DEL     ---     0.131    R10C18D.CLK to     R10C18D.Q1 SLICE_124 (from htclk_c)
ROUTE        28     0.151     R10C18D.Q1 to     R10C18D.M0 htclk_c_enable_153 (to htclk_c)
                  --------
                    0.282   (46.5% logic, 53.5% route), 1 logic levels.

 Clock Skew Details: 

      Source Clock Path htclk to SLICE_124:

   Name    Fanout   Delay (ns)          Site               Resource
ROUTE       173     0.798       86.PADDI to    R10C18D.CLK htclk_c
                  --------
                    0.798   (0.0% logic, 100.0% route), 0 logic levels.

      Destination Clock Path htclk to SLICE_124:

   Name    Fanout   Delay (ns)          Site               Resource
ROUTE       173     0.798       86.PADDI to    R10C18D.CLK htclk_c
                  --------
                    0.798   (0.0% logic, 100.0% route), 0 logic levels.


Passed: The following path meets requirements by 0.301ns

 Logical Details:  Cell type  Pin type       Cell/ASIC name  (clock net +/-)

   Source:         FF         Q              ram_write_addr_268__i6  (from htclk_c +)
   Destination:    DP8KC      Port           ram/ram_0_3_0(ASIC)  (to htclk_c +)

   Delay:               0.406ns  (32.3% logic, 67.7% route), 1 logic levels.

 Constraint Details:

      0.406ns physical path delay SLICE_26 to ram/ram_0_3_0 meets
      0.052ns ADDR_HLD and
      0.000ns delay constraint less
     -0.053ns skew requirement (totaling 0.105ns) by 0.301ns

 Physical Path Details:

      Data path SLICE_26 to ram/ram_0_3_0:

   Name    Fanout   Delay (ns)          Site               Resource
REG_DEL     ---     0.131     R7C16D.CLK to      R7C16D.Q1 SLICE_26 (from htclk_c)
ROUTE         6     0.275      R7C16D.Q1 to EBR_R6C14.ADA9 ram_write_addr_6 (to htclk_c)
                  --------
                    0.406   (32.3% logic, 67.7% route), 1 logic levels.

 Clock Skew Details: 

      Source Clock Path htclk to SLICE_26:

   Name    Fanout   Delay (ns)          Site               Resource
ROUTE       173     0.798       86.PADDI to     R7C16D.CLK htclk_c
                  --------
                    0.798   (0.0% logic, 100.0% route), 0 logic levels.

      Destination Clock Path htclk to ram/ram_0_3_0:

   Name    Fanout   Delay (ns)          Site               Resource
ROUTE       173     0.851       86.PADDI to EBR_R6C14.CLKA htclk_c
                  --------
                    0.851   (0.0% logic, 100.0% route), 0 logic levels.

Report Summary
--------------
----------------------------------------------------------------------------
Preference(MIN Delays)                  |   Constraint|       Actual|Levels
----------------------------------------------------------------------------
                                        |             |             |
FREQUENCY PORT "htclk" 120.000000 MHz ; |            -|            -|   1  
                                        |             |             |
----------------------------------------------------------------------------


All preferences were met.


Clock Domains Analysis
------------------------

Found 1 clocks:

Clock Domain: htclk_c   Source: htclk.PAD   Loads: 173
   Covered under: FREQUENCY PORT "htclk" 120.000000 MHz ;


Timing summary (Hold):
---------------

Timing errors: 0  Score: 0
Cumulative negative slack: 0

Constraints cover 3586 paths, 1 nets, and 1949 connections (97.89% coverage)



Timing summary (Setup and Hold):
---------------

Timing errors: 0 (setup), 0 (hold)
Score: 0 (setup), 0 (hold)
Cumulative negative slack: 0 (0+0)
--------------------------------------------------------------------------------

--------------------------------------------------------------------------------

