synthesis:  version Diamond (64-bit) 3.14.0.75.2

Copyright (c) 1991-1994 by NeoCAD Inc. All rights reserved.
Copyright (c) 1995 AT&T Corp.   All rights reserved.
Copyright (c) 1995-2001 Lucent Technologies Inc.  All rights reserved.
Copyright (c) 2001 Agere Systems   All rights reserved.
Copyright (c) 2002-2024 Lattice Semiconductor Corporation,  All rights reserved.
Fri Mar 27 02:28:47 2026


Command Line:  synthesis -f Scope_impl1_lattice.synproj -gui -msgset /home/charlie/scope/fpga/promote.xml 

Synthesis options:
The -a option is MachXO2.
The -s option is 4.
The -t option is TQFP100.
The -d option is LCMXO2-1200HC.
Using package TQFP100.
Using performance grade 4.
                                                          

##########################################################

### Lattice Family : MachXO2

### Device  : LCMXO2-1200HC

### Package : TQFP100

### Speed   : 4

##########################################################

                                                          

INFO - synthesis: User-Selected Strategy Settings
Optimization goal = Timing
Top-level module name = adc_ft601.
Target frequency = 200.000000 MHz.
Maximum fanout = 1000.
Timing path count = 3
BRAM utilization = 100.000000 %
DSP usage = true
DSP utilization = 100.000000 %
fsm_encoding_style = auto
resolve_mixed_drivers = 0
fix_gated_clocks = 1

Mux style = Auto
Use Carry Chain = true
carry_chain_length = 0
Loop Limit = 1950.
Use IO Insertion = TRUE
Use IO Reg = AUTO

Resource Sharing = TRUE
Propagate Constants = TRUE
Remove Duplicate Registers = TRUE
force_gsr = auto
ROM style = auto
RAM style = auto
The -comp option is FALSE.
The -syn option is FALSE.
-p /home/charlie/scope/fpga (searchpath added)
-p /home/charlie/lscc/diamond/3.14/ispfpga/xo2c00/data (searchpath added)
-p /home/charlie/scope/fpga/impl1 (searchpath added)
-p /home/charlie/scope/fpga (searchpath added)
Verilog design file = /home/charlie/scope/fpga/scope.v
Verilog design file = /home/charlie/scope/fpga/crc32.v
Verilog design file = /home/charlie/scope/fpga/ram.v
NGD file = Scope_impl1.ngd
-sdc option: SDC file input not used.
-lpf option: Output file option is ON.
Hardtimer checking is enabled (default). The -dt option is not used.
The -r option is OFF. [ Remove LOC Properties is OFF. ]
Technology check ok...

Analyzing Verilog file /home/charlie/lscc/diamond/3.14/ispfpga/userware/unix/SYNTHESIS_HEADERS/machxo2.v. VERI-1482
Compile design.
Compile Design Begin
Analyzing Verilog file /home/charlie/scope/fpga/scope.v. VERI-1482
Analyzing Verilog file /home/charlie/scope/fpga/crc32.v. VERI-1482
Analyzing Verilog file /home/charlie/scope/fpga/ram.v. VERI-1482
Analyzing Verilog file /home/charlie/lscc/diamond/3.14/ispfpga/userware/unix/SYNTHESIS_HEADERS/machxo2.v. VERI-1482
Top module name (Verilog): adc_ft601
INFO - synthesis: /home/charlie/scope/fpga/scope.v(1): compiling module adc_ft601. VERI-1018
INFO - synthesis: /home/charlie/scope/fpga/ram.v(8): compiling module ram. VERI-1018
INFO - synthesis: /home/charlie/lscc/diamond/3.14/ispfpga/userware/unix/SYNTHESIS_HEADERS/machxo2.v(1291): compiling module DP8KC(RESETMODE="ASYNC"). VERI-1018
INFO - synthesis: /home/charlie/lscc/diamond/3.14/ispfpga/userware/unix/SYNTHESIS_HEADERS/machxo2.v(1120): compiling module VHI. VERI-1018
INFO - synthesis: /home/charlie/lscc/diamond/3.14/ispfpga/userware/unix/SYNTHESIS_HEADERS/machxo2.v(1124): compiling module VLO. VERI-1018
INFO - synthesis: /home/charlie/scope/fpga/crc32.v(1): compiling module crc32. VERI-1018
Loading NGL library '/home/charlie/lscc/diamond/3.14/ispfpga/xo2c00a/data/xo2alib.ngl'...
Loading NGL library '/home/charlie/lscc/diamond/3.14/ispfpga/xo2c00/data/xo2clib.ngl'...
Loading NGL library '/home/charlie/lscc/diamond/3.14/ispfpga/mg5g00/data/mg5glib.ngl'...
Loading NGL library '/home/charlie/lscc/diamond/3.14/ispfpga/or5g00/data/orc5glib.ngl'...
Loading device for application map from file 'xo2c1200.nph' in environment: /home/charlie/lscc/diamond/3.14/ispfpga.
Package Status:                     Final          Version 1.44.
Top-level module name = adc_ft601.



GSR will not be inferred because no asynchronous signal was found in the netlist.
Applying 200.000000 MHz constraint to all clocks

WARNING - synthesis: No user .sdc file.
Results of NGD DRC are available in adc_ft601_drc.log.
Loading NGL library '/home/charlie/lscc/diamond/3.14/ispfpga/xo2c00a/data/xo2alib.ngl'...
Loading NGL library '/home/charlie/lscc/diamond/3.14/ispfpga/xo2c00/data/xo2clib.ngl'...
Loading NGL library '/home/charlie/lscc/diamond/3.14/ispfpga/mg5g00/data/mg5glib.ngl'...
Loading NGL library '/home/charlie/lscc/diamond/3.14/ispfpga/or5g00/data/orc5glib.ngl'...
All blocks are expanded and NGD expansion is successful.
Writing NGD file Scope_impl1.ngd.

################### Begin Area Report (adc_ft601)######################
Number of register bits => 305 of 1520 (20 % )
CCU2D => 19
DP8KC => 4
FD1P3AX => 114
FD1P3IX => 2
FD1S3AX => 101
FD1S3IX => 22
FD1S3JX => 32
GSR => 1
IB => 34
LUT4 => 322
OB => 35
OFS1P3DX => 34
################### End Area Report ##################

################### Begin BlackBox Report ######################
TSALL => 1
################### End BlackBox Report ##################

################### Begin Clock Report ######################
Clock Nets
Number of Clocks: 1
  Net : htclk_c, loads : 314
Clock Enable Nets
Number of Clock Enables: 6
Top 6 highest fanout Clock Enables:
  Net : counter_0, loads : 45
  Net : htclk_c_enable_36, loads : 32
  Net : htclk_c_enable_71, loads : 32
  Net : htclk_c_enable_74, loads : 7
  Net : htclk_c_enable_39, loads : 4
  Net : htclk_c_enable_40, loads : 2
Highest fanout non-clock nets
Top 10 highest fanout non-clock nets:
  Net : state_1, loads : 63
  Net : counter_0, loads : 45
  Net : state_4_N_238_3, loads : 39
  Net : htclk_c_enable_71, loads : 32
  Net : htclk_c_enable_36, loads : 32
  Net : n1490, loads : 32
  Net : n4328, loads : 21
  Net : state_0, loads : 15
  Net : crcIn_2, loads : 14
  Net : crcIn_0, loads : 14
################### End Clock Report ##################

Timing Report Summary
--------------
--------------------------------------------------------------------------------
Constraint                              |   Constraint|       Actual|Levels
--------------------------------------------------------------------------------
                                        |             |             |
create_clock -period 5.000000 -name     |             |             |
clk0 [get_nets htclk_c]                 |  200.000 MHz|   97.561 MHz|     6 *
                                        |             |             |
--------------------------------------------------------------------------------


1 constraints not met.


Peak Memory Usage: 183.992  MB

--------------------------------------------------------------
Elapsed CPU time for LSE flow : 0.583  secs
--------------------------------------------------------------
